Component: ARM Compiler 5.06 update 1 (build 61) Tool: armlink [4d35a8]

==============================================================================

Section Cross References

    adc1.o(i.KM_ADC1_INIT) refers to gpio.o(i.KM_GPIO_PORT_INIT) for KM_GPIO_PORT_INIT
    adc1.o(i.KM_ADC1_INIT) refers to gpio.o(i.KM_GPIO_PORT_CONFIG) for KM_GPIO_PORT_CONFIG
    lcd.o(i.KM_ITOA_STR) refers to lcd.o(i.KM_LCD_WRITE_STR) for KM_LCD_WRITE_STR
    lcd.o(i.KM_LCD_INIT) refers to systicktimer.o(i.KM_mdelay_IT) for KM_mdelay_IT
    lcd.o(i.KM_LCD_INIT) refers to lcd.o(i.KM_LCD_WRITE_CMD) for KM_LCD_WRITE_CMD
    lcd.o(i.KM_LCD_WRITE_CMD) refers to lcd.o(i.KM_WRITE_HIGHER_NIBBLE) for KM_WRITE_HIGHER_NIBBLE
    lcd.o(i.KM_LCD_WRITE_CMD) refers to lcd.o(i.KM_WRITE_LOWER_NIBBLE) for KM_WRITE_LOWER_NIBBLE
    lcd.o(i.KM_LCD_WRITE_DATA) refers to lcd.o(i.KM_WRITE_HIGHER_NIBBLE) for KM_WRITE_HIGHER_NIBBLE
    lcd.o(i.KM_LCD_WRITE_DATA) refers to lcd.o(i.KM_WRITE_LOWER_NIBBLE) for KM_WRITE_LOWER_NIBBLE
    lcd.o(i.KM_LCD_WRITE_STR) refers to lcd.o(i.KM_LCD_WRITE_CMD) for KM_LCD_WRITE_CMD
    lcd.o(i.KM_LCD_WRITE_STR) refers to lcd.o(i.KM_LCD_WRITE_DATA) for KM_LCD_WRITE_DATA
    lcd.o(i.KM_PIN_LCD_INIT) refers to gpio.o(i.KM_GPIO_PORT_CONFIG) for KM_GPIO_PORT_CONFIG
    lcd.o(i.KM_WRITE_HIGHER_NIBBLE) refers to systicktimer.o(i.KM_mdelay_IT) for KM_mdelay_IT
    lcd.o(i.KM_WRITE_LOWER_NIBBLE) refers to systicktimer.o(i.KM_mdelay_IT) for KM_mdelay_IT
    systicktimer.o(i.KM_mdelay_IT) refers to systicktimer.o(.data) for jiffie
    usart6.o(i.KM_USART6_INIT) refers to gpio.o(i.KM_GPIO_PORT_CONFIG) for KM_GPIO_PORT_CONFIG
    usart6.o(i.KM_USART6_OUT_STR) refers to usart6.o(i.KM_USART6_OUT_CHAR) for KM_USART6_OUT_CHAR
    wifi.o(i.IS_WIFI_CONNECTED) refers to usart6.o(i.KM_USART6_OUT_STR) for KM_USART6_OUT_STR
    wifi.o(i.IS_WIFI_CONNECTED) refers to lcd.o(i.KM_LCD_WRITE_CMD) for KM_LCD_WRITE_CMD
    wifi.o(i.IS_WIFI_CONNECTED) refers to lcd.o(i.KM_LCD_WRITE_STR) for KM_LCD_WRITE_STR
    wifi.o(i.IS_WIFI_CONNECTED) refers to systicktimer.o(i.KM_mdelay_IT) for KM_mdelay_IT
    wifi.o(i.IS_WIFI_CONNECTED) refers to wifi.o(i.WIFI_JAPQ_RESPONSE) for WIFI_JAPQ_RESPONSE
    wifi.o(i.IS_WIFI_CONNECTED) refers to wifi.o(i.WIFI_INIT) for WIFI_INIT
    wifi.o(i.IS_WIFI_FOUND) refers to usart6.o(i.KM_USART6_OUT_STR) for KM_USART6_OUT_STR
    wifi.o(i.IS_WIFI_FOUND) refers to wifi.o(i.WIFI_OK_RESPONSE) for WIFI_OK_RESPONSE
    wifi.o(i.KM_WIFI_OPERATION) refers to _printf_percent.o(.ARM.Collect$$_printf_percent$$00000000) for _printf_percent
    wifi.o(i.KM_WIFI_OPERATION) refers to _printf_d.o(.ARM.Collect$$_printf_percent$$00000009) for _printf_d
    wifi.o(i.KM_WIFI_OPERATION) refers to _printf_dec.o(.text) for _printf_int_dec
    wifi.o(i.KM_WIFI_OPERATION) refers to usart6.o(i.KM_USART6_OUT_STR) for KM_USART6_OUT_STR
    wifi.o(i.KM_WIFI_OPERATION) refers to wifi.o(i.WIFI_STATUS_RESPONSE) for WIFI_STATUS_RESPONSE
    wifi.o(i.KM_WIFI_OPERATION) refers to lcd.o(i.KM_LCD_WRITE_CMD) for KM_LCD_WRITE_CMD
    wifi.o(i.KM_WIFI_OPERATION) refers to lcd.o(i.KM_LCD_WRITE_STR) for KM_LCD_WRITE_STR
    wifi.o(i.KM_WIFI_OPERATION) refers to systicktimer.o(i.KM_mdelay_IT) for KM_mdelay_IT
    wifi.o(i.KM_WIFI_OPERATION) refers to wifi.o(i.IS_WIFI_CONNECTED) for IS_WIFI_CONNECTED
    wifi.o(i.KM_WIFI_OPERATION) refers to wifi.o(i.WIFI_START_OK_RESPONSE) for WIFI_START_OK_RESPONSE
    wifi.o(i.KM_WIFI_OPERATION) refers to noretval__2sprintf.o(.text) for __2sprintf
    wifi.o(i.KM_WIFI_OPERATION) refers to wifi.o(i.MY_STRLENGTH) for MY_STRLENGTH
    wifi.o(i.KM_WIFI_OPERATION) refers to wifi.o(i.RESULT_RESPONSE) for RESULT_RESPONSE
    wifi.o(i.KM_WIFI_OPERATION) refers to wifi.o(.bss) for data_buffer
    wifi.o(i.KM_WIFI_OPERATION) refers to wifi.o(.data) for length
    wifi.o(i.KM_WIFI_OPERATION) refers to main.o(.data) for temp
    wifi.o(i.RESULT_RESPONSE) refers to usart6.o(i.KM_USART6_INCHAR_TIME_OUT) for KM_USART6_INCHAR_TIME_OUT
    wifi.o(i.RESULT_RESPONSE) refers to wifi.o(.bss) for rx_buffer
    wifi.o(i.WIFI_INIT) refers to usart6.o(i.KM_USART6_OUT_STR) for KM_USART6_OUT_STR
    wifi.o(i.WIFI_INIT) refers to wifi.o(i.WIFI_OK_RESPONSE) for WIFI_OK_RESPONSE
    wifi.o(i.WIFI_INIT) refers to lcd.o(i.KM_LCD_WRITE_CMD) for KM_LCD_WRITE_CMD
    wifi.o(i.WIFI_INIT) refers to lcd.o(i.KM_LCD_WRITE_STR) for KM_LCD_WRITE_STR
    wifi.o(i.WIFI_INIT) refers to systicktimer.o(i.KM_mdelay_IT) for KM_mdelay_IT
    wifi.o(i.WIFI_INIT) refers to wifi.o(i.WIFI_JAP_RESPONSE) for WIFI_JAP_RESPONSE
    wifi.o(i.WIFI_JAPQ_RESPONSE) refers to usart6.o(i.KM_USART6_INCHAR_TIME_OUT) for KM_USART6_INCHAR_TIME_OUT
    wifi.o(i.WIFI_JAPQ_RESPONSE) refers to wifi.o(.bss) for rx_buffer
    wifi.o(i.WIFI_JAP_RESPONSE) refers to usart6.o(i.KM_USART6_INCHAR_TIME_OUT) for KM_USART6_INCHAR_TIME_OUT
    wifi.o(i.WIFI_JAP_RESPONSE) refers to wifi.o(.bss) for rx_buffer
    wifi.o(i.WIFI_OK_RESPONSE) refers to usart6.o(i.KM_USART6_INCHAR_TIME_OUT) for KM_USART6_INCHAR_TIME_OUT
    wifi.o(i.WIFI_OK_RESPONSE) refers to wifi.o(.bss) for rx_buffer
    wifi.o(i.WIFI_START_OK_RESPONSE) refers to usart6.o(i.KM_USART6_INCHAR_TIME_OUT) for KM_USART6_INCHAR_TIME_OUT
    wifi.o(i.WIFI_START_OK_RESPONSE) refers to wifi.o(.bss) for rx_buffer
    wifi.o(i.WIFI_STATUS_RESPONSE) refers to usart6.o(i.KM_USART6_INCHAR_TIME_OUT) for KM_USART6_INCHAR_TIME_OUT
    wifi.o(i.WIFI_STATUS_RESPONSE) refers to wifi.o(.bss) for rx_buffer
    main.o(i.ADC_IRQHandler) refers to dflt_clz.o(x$fpl$dflt) for __aeabi_i2d
    main.o(i.ADC_IRQHandler) refers to dmul.o(x$fpl$dmul) for __aeabi_dmul
    main.o(i.ADC_IRQHandler) refers to dfix.o(x$fpl$dfix) for __aeabi_d2iz
    main.o(i.ADC_IRQHandler) refers to main.o(.data) for temp
    main.o(i.SysTick_Handler) refers to systicktimer.o(.data) for jiffie
    main.o(i.main) refers to gpio.o(i.KM_GPIO_PORT_INIT) for KM_GPIO_PORT_INIT
    main.o(i.main) refers to systicktimer.o(i.KM_STK_INIT) for KM_STK_INIT
    main.o(i.main) refers to lcd.o(i.KM_PIN_LCD_INIT) for KM_PIN_LCD_INIT
    main.o(i.main) refers to lcd.o(i.KM_LCD_INIT) for KM_LCD_INIT
    main.o(i.main) refers to adc1.o(i.KM_ADC1_INIT) for KM_ADC1_INIT
    main.o(i.main) refers to usart6.o(i.KM_USART6_INIT) for KM_USART6_INIT
    main.o(i.main) refers to usart6.o(i.KM_USART6_CONFIG) for KM_USART6_CONFIG
    main.o(i.main) refers to lcd.o(i.KM_LCD_WRITE_CMD) for KM_LCD_WRITE_CMD
    main.o(i.main) refers to lcd.o(i.KM_LCD_WRITE_STR) for KM_LCD_WRITE_STR
    main.o(i.main) refers to systicktimer.o(i.KM_mdelay_IT) for KM_mdelay_IT
    main.o(i.main) refers to wifi.o(i.IS_WIFI_FOUND) for IS_WIFI_FOUND
    main.o(i.main) refers to wifi.o(i.IS_WIFI_CONNECTED) for IS_WIFI_CONNECTED
    main.o(i.main) refers to adc1.o(i.KM_ADC1_READ) for KM_ADC1_READ
    main.o(i.main) refers to wifi.o(i.KM_WIFI_OPERATION) for KM_WIFI_OPERATION
    main.o(i.main) refers to main.o(.data) for ret
    startup_stm32f401xc.o(STACK) refers (Special) to heapauxi.o(.text) for __use_two_region_memory
    startup_stm32f401xc.o(HEAP) refers (Special) to heapauxi.o(.text) for __use_two_region_memory
    startup_stm32f401xc.o(RESET) refers (Special) to heapauxi.o(.text) for __use_two_region_memory
    startup_stm32f401xc.o(RESET) refers to startup_stm32f401xc.o(STACK) for __initial_sp
    startup_stm32f401xc.o(RESET) refers to startup_stm32f401xc.o(.text) for Reset_Handler
    startup_stm32f401xc.o(RESET) refers to main.o(i.SysTick_Handler) for SysTick_Handler
    startup_stm32f401xc.o(RESET) refers to main.o(i.ADC_IRQHandler) for ADC_IRQHandler
    startup_stm32f401xc.o(.text) refers (Special) to heapauxi.o(.text) for __use_two_region_memory
    startup_stm32f401xc.o(.text) refers to system_stm32f4xx.o(i.SystemInit) for SystemInit
    startup_stm32f401xc.o(.text) refers to __main.o(!!!main) for __main
    startup_stm32f401xc.o(.text) refers to startup_stm32f401xc.o(HEAP) for Heap_Mem
    startup_stm32f401xc.o(.text) refers to startup_stm32f401xc.o(STACK) for Stack_Mem
    system_stm32f4xx.o(i.SystemCoreClockUpdate) refers to system_stm32f4xx.o(.data) for SystemCoreClock
    system_stm32f4xx.o(i.SystemCoreClockUpdate) refers to system_stm32f4xx.o(.constdata) for AHBPrescTable
    __2sprintf.o(.text) refers to _printf_char_common.o(.text) for _printf_char_common
    __2sprintf.o(.text) refers to _sputc.o(.text) for _sputc
    noretval__2sprintf.o(.text) refers to _printf_char_common.o(.text) for _printf_char_common
    noretval__2sprintf.o(.text) refers to _sputc.o(.text) for _sputc
    __printf.o(.text) refers to _printf_percent.o(.ARM.Collect$$_printf_percent$$00000000) for _printf_percent
    _printf_dec.o(.text) refers to _printf_intcommon.o(.text) for _printf_int_common
    __printf_flags.o(.text) refers to _printf_percent.o(.ARM.Collect$$_printf_percent$$00000000) for _printf_percent
    __printf_flags.o(.text) refers to __printf_flags.o(.constdata) for .constdata
    __printf_ss.o(.text) refers to _printf_percent.o(.ARM.Collect$$_printf_percent$$00000000) for _printf_percent
    __printf_flags_ss.o(.text) refers to _printf_percent.o(.ARM.Collect$$_printf_percent$$00000000) for _printf_percent
    __printf_flags_ss.o(.text) refers to __printf_flags_ss.o(.constdata) for .constdata
    __printf_wp.o(.text) refers to __printf_wp.o(i._is_digit) for _is_digit
    __printf_wp.o(.text) refers to _printf_percent.o(.ARM.Collect$$_printf_percent$$00000000) for _printf_percent
    __printf_flags_wp.o(.text) refers to __printf_wp.o(i._is_digit) for _is_digit
    __printf_flags_wp.o(.text) refers to _printf_percent.o(.ARM.Collect$$_printf_percent$$00000000) for _printf_percent
    __printf_flags_wp.o(.text) refers to __printf_flags_wp.o(.constdata) for .constdata
    __printf_ss_wp.o(.text) refers to __printf_wp.o(i._is_digit) for _is_digit
    __printf_ss_wp.o(.text) refers to _printf_percent.o(.ARM.Collect$$_printf_percent$$00000000) for _printf_percent
    __printf_flags_ss_wp.o(.text) refers to __printf_wp.o(i._is_digit) for _is_digit
    __printf_flags_ss_wp.o(.text) refers to _printf_percent.o(.ARM.Collect$$_printf_percent$$00000000) for _printf_percent
    __printf_flags_ss_wp.o(.text) refers to __printf_flags_ss_wp.o(.constdata) for .constdata
    _printf_d.o(.ARM.Collect$$_printf_percent$$00000009) refers (Weak) to _printf_dec.o(.text) for _printf_int_dec
    _printf_percent.o(.ARM.Collect$$_printf_percent$$00000000) refers (Special) to _printf_percent_end.o(.ARM.Collect$$_printf_percent$$00000017) for _printf_percent_end
    __main.o(!!!main) refers to __rtentry.o(.ARM.Collect$$rtentry$$00000000) for __rt_entry
    dfix.o(x$fpl$dfix) refers (Special) to usenofp.o(x$fpl$usenofp) for __I$use$fp
    dfix.o(x$fpl$dfix) refers to dnaninf.o(x$fpl$dnaninf) for __fpl_dnaninf
    dfix.o(x$fpl$dfixr) refers (Special) to usenofp.o(x$fpl$usenofp) for __I$use$fp
    dfix.o(x$fpl$dfixr) refers to dnaninf.o(x$fpl$dnaninf) for __fpl_dnaninf
    dflt_clz.o(x$fpl$dfltu) refers (Special) to usenofp.o(x$fpl$usenofp) for __I$use$fp
    dflt_clz.o(x$fpl$dflt) refers (Special) to usenofp.o(x$fpl$usenofp) for __I$use$fp
    dflt_clz.o(x$fpl$dfltn) refers (Special) to usenofp.o(x$fpl$usenofp) for __I$use$fp
    dmul.o(x$fpl$dmul) refers (Special) to usenofp.o(x$fpl$usenofp) for __I$use$fp
    dmul.o(x$fpl$dmul) refers to dretinf.o(x$fpl$dretinf) for __fpl_dretinf
    dmul.o(x$fpl$dmul) refers to dnaninf.o(x$fpl$dnaninf) for __fpl_dnaninf
    __rtentry.o(.ARM.Collect$$rtentry$$00000000) refers (Special) to __rtentry2.o(.ARM.Collect$$rtentry$$0000000A) for __rt_entry_li
    __rtentry.o(.ARM.Collect$$rtentry$$00000000) refers (Special) to __rtentry2.o(.ARM.Collect$$rtentry$$0000000D) for __rt_entry_main
    __rtentry.o(.ARM.Collect$$rtentry$$00000000) refers (Special) to __rtentry2.o(.ARM.Collect$$rtentry$$0000000C) for __rt_entry_postli_1
    __rtentry.o(.ARM.Collect$$rtentry$$00000000) refers (Special) to __rtentry2.o(.ARM.Collect$$rtentry$$00000009) for __rt_entry_postsh_1
    __rtentry.o(.ARM.Collect$$rtentry$$00000000) refers (Special) to __rtentry2.o(.ARM.Collect$$rtentry$$00000002) for __rt_entry_presh_1
    __rtentry.o(.ARM.Collect$$rtentry$$00000000) refers (Special) to __rtentry4.o(.ARM.Collect$$rtentry$$00000004) for __rt_entry_sh
    _printf_char_common.o(.text) refers to __printf.o(.text) for __printf
    dnaninf.o(x$fpl$dnaninf) refers (Special) to usenofp.o(x$fpl$usenofp) for __I$use$fp
    dretinf.o(x$fpl$dretinf) refers (Special) to usenofp.o(x$fpl$usenofp) for __I$use$fp
    __rtentry2.o(.ARM.Collect$$rtentry$$00000008) refers to boardinit2.o(.text) for _platform_post_stackheap_init
    __rtentry2.o(.ARM.Collect$$rtentry$$0000000A) refers to libinit.o(.ARM.Collect$$libinit$$00000000) for __rt_lib_init
    __rtentry2.o(.ARM.Collect$$rtentry$$0000000B) refers to boardinit3.o(.text) for _platform_post_lib_init
    __rtentry2.o(.ARM.Collect$$rtentry$$0000000D) refers to main.o(i.main) for main
    __rtentry2.o(.ARM.Collect$$rtentry$$0000000D) refers to exit.o(.text) for exit
    __rtentry2.o(.ARM.exidx) refers to __rtentry2.o(.ARM.Collect$$rtentry$$00000001) for .ARM.Collect$$rtentry$$00000001
    __rtentry2.o(.ARM.exidx) refers to __rtentry2.o(.ARM.Collect$$rtentry$$00000008) for .ARM.Collect$$rtentry$$00000008
    __rtentry2.o(.ARM.exidx) refers to __rtentry2.o(.ARM.Collect$$rtentry$$0000000A) for .ARM.Collect$$rtentry$$0000000A
    __rtentry2.o(.ARM.exidx) refers to __rtentry2.o(.ARM.Collect$$rtentry$$0000000B) for .ARM.Collect$$rtentry$$0000000B
    __rtentry2.o(.ARM.exidx) refers to __rtentry2.o(.ARM.Collect$$rtentry$$0000000D) for .ARM.Collect$$rtentry$$0000000D
    __rtentry4.o(.ARM.Collect$$rtentry$$00000004) refers to sys_stackheap_outer.o(.text) for __user_setup_stackheap
    __rtentry4.o(.ARM.exidx) refers to __rtentry4.o(.ARM.Collect$$rtentry$$00000004) for .ARM.Collect$$rtentry$$00000004
    sys_stackheap_outer.o(.text) refers to libspace.o(.text) for __user_perproc_libspace
    sys_stackheap_outer.o(.text) refers to startup_stm32f401xc.o(.text) for __user_initial_stackheap
    exit.o(.text) refers to rtexit.o(.ARM.Collect$$rtexit$$00000000) for __rt_exit
    libinit.o(.ARM.Collect$$libinit$$00000000) refers (Special) to libinit2.o(.ARM.Collect$$libinit$$0000002E) for __rt_lib_init_alloca_1
    libinit.o(.ARM.Collect$$libinit$$00000000) refers (Special) to libinit2.o(.ARM.Collect$$libinit$$0000002C) for __rt_lib_init_argv_1
    libinit.o(.ARM.Collect$$libinit$$00000000) refers (Special) to libinit2.o(.ARM.Collect$$libinit$$0000001B) for __rt_lib_init_atexit_1
    libinit.o(.ARM.Collect$$libinit$$00000000) refers (Special) to libinit2.o(.ARM.Collect$$libinit$$00000021) for __rt_lib_init_clock_1
    libinit.o(.ARM.Collect$$libinit$$00000000) refers (Special) to libinit2.o(.ARM.Collect$$libinit$$00000032) for __rt_lib_init_cpp_1
    libinit.o(.ARM.Collect$$libinit$$00000000) refers (Special) to libinit2.o(.ARM.Collect$$libinit$$00000030) for __rt_lib_init_exceptions_1
    libinit.o(.ARM.Collect$$libinit$$00000000) refers (Special) to libinit2.o(.ARM.Collect$$libinit$$00000001) for __rt_lib_init_fp_1
    libinit.o(.ARM.Collect$$libinit$$00000000) refers (Special) to libinit2.o(.ARM.Collect$$libinit$$0000001F) for __rt_lib_init_fp_trap_1
    libinit.o(.ARM.Collect$$libinit$$00000000) refers (Special) to libinit2.o(.ARM.Collect$$libinit$$00000023) for __rt_lib_init_getenv_1
    libinit.o(.ARM.Collect$$libinit$$00000000) refers (Special) to libinit2.o(.ARM.Collect$$libinit$$0000000A) for __rt_lib_init_heap_1
    libinit.o(.ARM.Collect$$libinit$$00000000) refers (Special) to libinit2.o(.ARM.Collect$$libinit$$00000011) for __rt_lib_init_lc_collate_1
    libinit.o(.ARM.Collect$$libinit$$00000000) refers (Special) to libinit2.o(.ARM.Collect$$libinit$$00000013) for __rt_lib_init_lc_ctype_1
    libinit.o(.ARM.Collect$$libinit$$00000000) refers (Special) to libinit2.o(.ARM.Collect$$libinit$$00000015) for __rt_lib_init_lc_monetary_1
    libinit.o(.ARM.Collect$$libinit$$00000000) refers (Special) to libinit2.o(.ARM.Collect$$libinit$$00000017) for __rt_lib_init_lc_numeric_1
    libinit.o(.ARM.Collect$$libinit$$00000000) refers (Special) to libinit2.o(.ARM.Collect$$libinit$$00000019) for __rt_lib_init_lc_time_1
    libinit.o(.ARM.Collect$$libinit$$00000000) refers (Special) to libinit2.o(.ARM.Collect$$libinit$$00000004) for __rt_lib_init_preinit_1
    libinit.o(.ARM.Collect$$libinit$$00000000) refers (Special) to libinit2.o(.ARM.Collect$$libinit$$0000000E) for __rt_lib_init_rand_1
    libinit.o(.ARM.Collect$$libinit$$00000000) refers (Special) to libinit2.o(.ARM.Collect$$libinit$$00000033) for __rt_lib_init_return
    libinit.o(.ARM.Collect$$libinit$$00000000) refers (Special) to libinit2.o(.ARM.Collect$$libinit$$0000001D) for __rt_lib_init_signal_1
    libinit.o(.ARM.Collect$$libinit$$00000000) refers (Special) to libinit2.o(.ARM.Collect$$libinit$$00000025) for __rt_lib_init_stdio_1
    libinit.o(.ARM.Collect$$libinit$$00000000) refers (Special) to libinit2.o(.ARM.Collect$$libinit$$0000000C) for __rt_lib_init_user_alloc_1
    libspace.o(.text) refers to libspace.o(.bss) for __libspace_start
    rtexit.o(.ARM.Collect$$rtexit$$00000000) refers (Special) to rtexit2.o(.ARM.Collect$$rtexit$$00000004) for __rt_exit_exit
    rtexit.o(.ARM.Collect$$rtexit$$00000000) refers (Special) to rtexit2.o(.ARM.Collect$$rtexit$$00000003) for __rt_exit_ls
    rtexit.o(.ARM.Collect$$rtexit$$00000000) refers (Special) to rtexit2.o(.ARM.Collect$$rtexit$$00000002) for __rt_exit_prels_1
    rtexit.o(.ARM.exidx) refers (Special) to rtexit2.o(.ARM.Collect$$rtexit$$00000004) for __rt_exit_exit
    rtexit.o(.ARM.exidx) refers (Special) to rtexit2.o(.ARM.Collect$$rtexit$$00000003) for __rt_exit_ls
    rtexit.o(.ARM.exidx) refers (Special) to rtexit2.o(.ARM.Collect$$rtexit$$00000002) for __rt_exit_prels_1
    rtexit.o(.ARM.exidx) refers to rtexit.o(.ARM.Collect$$rtexit$$00000000) for .ARM.Collect$$rtexit$$00000000
    libinit2.o(.ARM.Collect$$libinit$$00000001) refers to fpinit.o(x$fpl$fpinit) for _fp_init
    libinit2.o(.ARM.Collect$$libinit$$00000010) refers to libinit2.o(.ARM.Collect$$libinit$$0000000F) for .ARM.Collect$$libinit$$0000000F
    libinit2.o(.ARM.Collect$$libinit$$00000012) refers to libinit2.o(.ARM.Collect$$libinit$$0000000F) for .ARM.Collect$$libinit$$0000000F
    libinit2.o(.ARM.Collect$$libinit$$00000014) refers to libinit2.o(.ARM.Collect$$libinit$$0000000F) for .ARM.Collect$$libinit$$0000000F
    libinit2.o(.ARM.Collect$$libinit$$00000016) refers to libinit2.o(.ARM.Collect$$libinit$$0000000F) for .ARM.Collect$$libinit$$0000000F
    libinit2.o(.ARM.Collect$$libinit$$00000018) refers to libinit2.o(.ARM.Collect$$libinit$$0000000F) for .ARM.Collect$$libinit$$0000000F
    libinit2.o(.ARM.Collect$$libinit$$00000026) refers to argv_veneer.o(.emb_text) for __ARM_argv_veneer
    libinit2.o(.ARM.Collect$$libinit$$00000027) refers to argv_veneer.o(.emb_text) for __ARM_argv_veneer
    rtexit2.o(.ARM.Collect$$rtexit$$00000003) refers to libshutdown.o(.ARM.Collect$$libshutdown$$00000000) for __rt_lib_shutdown
    rtexit2.o(.ARM.Collect$$rtexit$$00000004) refers to sys_exit.o(.text) for _sys_exit
    rtexit2.o(.ARM.exidx) refers to rtexit2.o(.ARM.Collect$$rtexit$$00000001) for .ARM.Collect$$rtexit$$00000001
    rtexit2.o(.ARM.exidx) refers to rtexit2.o(.ARM.Collect$$rtexit$$00000003) for .ARM.Collect$$rtexit$$00000003
    rtexit2.o(.ARM.exidx) refers to rtexit2.o(.ARM.Collect$$rtexit$$00000004) for .ARM.Collect$$rtexit$$00000004
    argv_veneer.o(.emb_text) refers to no_argv.o(.text) for __ARM_get_argv
    sys_exit.o(.text) refers (Special) to use_no_semi.o(.text) for __I$use$semihosting
    sys_exit.o(.text) refers (Special) to indicate_semi.o(.text) for __semihosting_library_function
    _get_argv_nomalloc.o(.text) refers (Special) to hrguard.o(.text) for __heap_region$guard
    _get_argv_nomalloc.o(.text) refers to defsig_rtmem_outer.o(.text) for __rt_SIGRTMEM
    _get_argv_nomalloc.o(.text) refers to sys_command.o(.text) for _sys_command_string
    libshutdown.o(.ARM.Collect$$libshutdown$$00000000) refers (Special) to libshutdown2.o(.ARM.Collect$$libshutdown$$00000002) for __rt_lib_shutdown_cpp_1
    libshutdown.o(.ARM.Collect$$libshutdown$$00000000) refers (Special) to libshutdown2.o(.ARM.Collect$$libshutdown$$00000007) for __rt_lib_shutdown_fp_trap_1
    libshutdown.o(.ARM.Collect$$libshutdown$$00000000) refers (Special) to libshutdown2.o(.ARM.Collect$$libshutdown$$0000000F) for __rt_lib_shutdown_heap_1
    libshutdown.o(.ARM.Collect$$libshutdown$$00000000) refers (Special) to libshutdown2.o(.ARM.Collect$$libshutdown$$00000010) for __rt_lib_shutdown_return
    libshutdown.o(.ARM.Collect$$libshutdown$$00000000) refers (Special) to libshutdown2.o(.ARM.Collect$$libshutdown$$0000000A) for __rt_lib_shutdown_signal_1
    libshutdown.o(.ARM.Collect$$libshutdown$$00000000) refers (Special) to libshutdown2.o(.ARM.Collect$$libshutdown$$00000004) for __rt_lib_shutdown_stdio_1
    libshutdown.o(.ARM.Collect$$libshutdown$$00000000) refers (Special) to libshutdown2.o(.ARM.Collect$$libshutdown$$0000000C) for __rt_lib_shutdown_user_alloc_1
    sys_command.o(.text) refers (Special) to use_no_semi.o(.text) for __I$use$semihosting
    sys_command.o(.text) refers (Special) to indicate_semi.o(.text) for __semihosting_library_function
    defsig_rtmem_outer.o(.text) refers to defsig_rtmem_inner.o(.text) for __rt_SIGRTMEM_inner
    defsig_rtmem_outer.o(.text) refers to defsig_exit.o(.text) for __sig_exit
    defsig_rtmem_formal.o(.text) refers to rt_raise.o(.text) for __rt_raise
    rt_raise.o(.text) refers to __raise.o(.text) for __raise
    rt_raise.o(.text) refers to sys_exit.o(.text) for _sys_exit
    defsig_exit.o(.text) refers to sys_exit.o(.text) for _sys_exit
    defsig_rtmem_inner.o(.text) refers to defsig_general.o(.text) for __default_signal_display
    __raise.o(.text) refers to defsig.o(CL$$defsig) for __default_signal_handler
    defsig_general.o(.text) refers to sys_wrch.o(.text) for _ttywrch
    sys_wrch.o(.text) refers (Special) to use_no_semi.o(.text) for __I$use$semihosting
    sys_wrch.o(.text) refers (Special) to indicate_semi.o(.text) for __semihosting_library_function
    defsig.o(CL$$defsig) refers to defsig_rtmem_inner.o(.text) for __rt_SIGRTMEM_inner
    defsig_abrt_inner.o(.text) refers to defsig_general.o(.text) for __default_signal_display
    defsig_fpe_inner.o(.text) refers to defsig_general.o(.text) for __default_signal_display
    defsig_rtred_inner.o(.text) refers to defsig_general.o(.text) for __default_signal_display
    defsig_stak_inner.o(.text) refers to defsig_general.o(.text) for __default_signal_display
    defsig_pvfn_inner.o(.text) refers to defsig_general.o(.text) for __default_signal_display
    defsig_cppl_inner.o(.text) refers to defsig_general.o(.text) for __default_signal_display
    defsig_segv_inner.o(.text) refers to defsig_general.o(.text) for __default_signal_display
    defsig_other.o(.text) refers to defsig_general.o(.text) for __default_signal_display


==============================================================================

Removing Unused input sections from the image.

    Removing adc1.o(.data), (4 bytes).
    Removing gpio.o(i.KM_GPIO_TOGGLE), (28 bytes).
    Removing gpio.o(i.KM_GPIO_WRITE_PIN), (84 bytes).
    Removing lcd.o(i.KM_ITOA_STR), (104 bytes).
    Removing usart6.o(i.KM_USART6_INCHAR), (28 bytes).
    Removing system_stm32f4xx.o(.rev16_text), (4 bytes).
    Removing system_stm32f4xx.o(.revsh_text), (4 bytes).
    Removing system_stm32f4xx.o(.rrx_text), (6 bytes).
    Removing system_stm32f4xx.o(i.SystemCoreClockUpdate), (192 bytes).
    Removing system_stm32f4xx.o(.constdata), (24 bytes).
    Removing system_stm32f4xx.o(.data), (4 bytes).

11 unused section(s) (total 482 bytes) removed from the image.

==============================================================================

Image Symbol Table

    Local Symbols

    Symbol Name                              Value     Ov Type        Size  Object(Section)

    ../clib/angel/boardlib.s                 0x00000000   Number         0  boardinit3.o ABSOLUTE
    ../clib/angel/boardlib.s                 0x00000000   Number         0  boardinit2.o ABSOLUTE
    ../clib/angel/boardlib.s                 0x00000000   Number         0  boardinit1.o ABSOLUTE
    ../clib/angel/boardlib.s                 0x00000000   Number         0  boardshut.o ABSOLUTE
    ../clib/angel/handlers.s                 0x00000000   Number         0  __scatter_zi.o ABSOLUTE
    ../clib/angel/handlers.s                 0x00000000   Number         0  __scatter_copy.o ABSOLUTE
    ../clib/angel/kernel.s                   0x00000000   Number         0  rtexit.o ABSOLUTE
    ../clib/angel/kernel.s                   0x00000000   Number         0  rtexit2.o ABSOLUTE
    ../clib/angel/kernel.s                   0x00000000   Number         0  __rtentry2.o ABSOLUTE
    ../clib/angel/kernel.s                   0x00000000   Number         0  __rtentry4.o ABSOLUTE
    ../clib/angel/kernel.s                   0x00000000   Number         0  __rtentry.o ABSOLUTE
    ../clib/angel/rt.s                       0x00000000   Number         0  rt_raise.o ABSOLUTE
    ../clib/angel/scatter.s                  0x00000000   Number         0  __scatter.o ABSOLUTE
    ../clib/angel/startup.s                  0x00000000   Number         0  __main.o ABSOLUTE
    ../clib/angel/sys.s                      0x00000000   Number         0  sys_stackheap_outer.o ABSOLUTE
    ../clib/angel/sys.s                      0x00000000   Number         0  libspace.o ABSOLUTE
    ../clib/angel/sys.s                      0x00000000   Number         0  indicate_semi.o ABSOLUTE
    ../clib/angel/sys.s                      0x00000000   Number         0  use_no_semi.o ABSOLUTE
    ../clib/angel/sysapp.c                   0x00000000   Number         0  sys_wrch.o ABSOLUTE
    ../clib/angel/sysapp.c                   0x00000000   Number         0  sys_exit.o ABSOLUTE
    ../clib/angel/sysapp.c                   0x00000000   Number         0  sys_command.o ABSOLUTE
    ../clib/armsys.c                         0x00000000   Number         0  argv_veneer.o ABSOLUTE
    ../clib/armsys.c                         0x00000000   Number         0  no_argv.o ABSOLUTE
    ../clib/armsys.c                         0x00000000   Number         0  _get_argv_nomalloc.o ABSOLUTE
    ../clib/armsys.c                         0x00000000   Number         0  argv_veneer.o ABSOLUTE
    ../clib/heapalloc.c                      0x00000000   Number         0  hrguard.o ABSOLUTE
    ../clib/heapaux.c                        0x00000000   Number         0  heapauxi.o ABSOLUTE
    ../clib/libinit.s                        0x00000000   Number         0  libshutdown.o ABSOLUTE
    ../clib/libinit.s                        0x00000000   Number         0  libshutdown2.o ABSOLUTE
    ../clib/libinit.s                        0x00000000   Number         0  libinit2.o ABSOLUTE
    ../clib/libinit.s                        0x00000000   Number         0  libinit.o ABSOLUTE
    ../clib/printf.c                         0x00000000   Number         0  _sputc.o ABSOLUTE
    ../clib/printf.c                         0x00000000   Number         0  _printf_intcommon.o ABSOLUTE
    ../clib/printf.c                         0x00000000   Number         0  __printf_nopercent.o ABSOLUTE
    ../clib/printf.c                         0x00000000   Number         0  __printf_flags_ss_wp.o ABSOLUTE
    ../clib/printf.c                         0x00000000   Number         0  __printf_ss_wp.o ABSOLUTE
    ../clib/printf.c                         0x00000000   Number         0  __printf_flags_wp.o ABSOLUTE
    ../clib/printf.c                         0x00000000   Number         0  __printf_flags_ss.o ABSOLUTE
    ../clib/printf.c                         0x00000000   Number         0  __printf_ss.o ABSOLUTE
    ../clib/printf.c                         0x00000000   Number         0  __printf_flags.o ABSOLUTE
    ../clib/printf.c                         0x00000000   Number         0  _printf_dec.o ABSOLUTE
    ../clib/printf.c                         0x00000000   Number         0  __printf.o ABSOLUTE
    ../clib/printf.c                         0x00000000   Number         0  __printf_wp.o ABSOLUTE
    ../clib/printf.c                         0x00000000   Number         0  noretval__2sprintf.o ABSOLUTE
    ../clib/printf.c                         0x00000000   Number         0  _printf_char_common.o ABSOLUTE
    ../clib/printf.c                         0x00000000   Number         0  __2sprintf.o ABSOLUTE
    ../clib/printf_percent.s                 0x00000000   Number         0  _printf_d.o ABSOLUTE
    ../clib/printf_percent.s                 0x00000000   Number         0  _printf_percent.o ABSOLUTE
    ../clib/printf_percent.s                 0x00000000   Number         0  _printf_percent_end.o ABSOLUTE
    ../clib/signal.c                         0x00000000   Number         0  defsig_rtmem_formal.o ABSOLUTE
    ../clib/signal.c                         0x00000000   Number         0  defsig_rtmem_outer.o ABSOLUTE
    ../clib/signal.c                         0x00000000   Number         0  defsig_fpe_inner.o ABSOLUTE
    ../clib/signal.c                         0x00000000   Number         0  defsig_general.o ABSOLUTE
    ../clib/signal.c                         0x00000000   Number         0  __raise.o ABSOLUTE
    ../clib/signal.c                         0x00000000   Number         0  defsig_abrt_inner.o ABSOLUTE
    ../clib/signal.c                         0x00000000   Number         0  defsig_rtred_inner.o ABSOLUTE
    ../clib/signal.c                         0x00000000   Number         0  defsig_stak_inner.o ABSOLUTE
    ../clib/signal.c                         0x00000000   Number         0  defsig_pvfn_inner.o ABSOLUTE
    ../clib/signal.c                         0x00000000   Number         0  defsig_cppl_inner.o ABSOLUTE
    ../clib/signal.c                         0x00000000   Number         0  defsig_segv_inner.o ABSOLUTE
    ../clib/signal.c                         0x00000000   Number         0  defsig_other.o ABSOLUTE
    ../clib/signal.c                         0x00000000   Number         0  defsig_rtmem_inner.o ABSOLUTE
    ../clib/signal.c                         0x00000000   Number         0  defsig_exit.o ABSOLUTE
    ../clib/signal.s                         0x00000000   Number         0  defsig.o ABSOLUTE
    ../clib/stdlib.c                         0x00000000   Number         0  exit.o ABSOLUTE
    ../fplib/dfix.s                          0x00000000   Number         0  dfix.o ABSOLUTE
    ../fplib/dflt.s                          0x00000000   Number         0  dflt_clz.o ABSOLUTE
    ../fplib/dmul.s                          0x00000000   Number         0  dmul.o ABSOLUTE
    ../fplib/dnaninf.s                       0x00000000   Number         0  dnaninf.o ABSOLUTE
    ../fplib/dretinf.s                       0x00000000   Number         0  dretinf.o ABSOLUTE
    ../fplib/fpinit.s                        0x00000000   Number         0  fpinit.o ABSOLUTE
    ../fplib/usenofp.s                       0x00000000   Number         0  usenofp.o ABSOLUTE
    RTE\Device\STM32F401RBTx\startup_stm32f401xc.s 0x00000000   Number         0  startup_stm32f401xc.o ABSOLUTE
    RTE\Device\STM32F401RBTx\system_stm32f4xx.c 0x00000000   Number         0  system_stm32f4xx.o ABSOLUTE
    RTE\\Device\\STM32F401RBTx\\system_stm32f4xx.c 0x00000000   Number         0  system_stm32f4xx.o ABSOLUTE
    SRC\ADC1.c                               0x00000000   Number         0  adc1.o ABSOLUTE
    SRC\GPIO.c                               0x00000000   Number         0  gpio.o ABSOLUTE
    SRC\USART6.c                             0x00000000   Number         0  usart6.o ABSOLUTE
    SRC\WIFI.c                               0x00000000   Number         0  wifi.o ABSOLUTE
    SRC\lcd.c                                0x00000000   Number         0  lcd.o ABSOLUTE
    SRC\systicktimer.c                       0x00000000   Number         0  systicktimer.o ABSOLUTE
    dc.s                                     0x00000000   Number         0  dc.o ABSOLUTE
    main.c                                   0x00000000   Number         0  main.o ABSOLUTE
    RESET                                    0x08000000   Section      404  startup_stm32f401xc.o(RESET)
    !!!main                                  0x08000194   Section        8  __main.o(!!!main)
    !!!scatter                               0x0800019c   Section       52  __scatter.o(!!!scatter)
    !!handler_copy                           0x080001d0   Section       26  __scatter_copy.o(!!handler_copy)
    !!handler_zi                             0x080001ec   Section       28  __scatter_zi.o(!!handler_zi)
    .ARM.Collect$$_printf_percent$$00000000  0x08000208   Section        0  _printf_percent.o(.ARM.Collect$$_printf_percent$$00000000)
    .ARM.Collect$$_printf_percent$$00000009  0x08000208   Section        6  _printf_d.o(.ARM.Collect$$_printf_percent$$00000009)
    .ARM.Collect$$_printf_percent$$00000017  0x0800020e   Section        4  _printf_percent_end.o(.ARM.Collect$$_printf_percent$$00000017)
    .ARM.Collect$$libinit$$00000000          0x08000212   Section        2  libinit.o(.ARM.Collect$$libinit$$00000000)
    .ARM.Collect$$libinit$$00000001          0x08000214   Section        4  libinit2.o(.ARM.Collect$$libinit$$00000001)
    .ARM.Collect$$libinit$$00000004          0x08000218   Section        0  libinit2.o(.ARM.Collect$$libinit$$00000004)
    .ARM.Collect$$libinit$$0000000A          0x08000218   Section        0  libinit2.o(.ARM.Collect$$libinit$$0000000A)
    .ARM.Collect$$libinit$$0000000C          0x08000218   Section        0  libinit2.o(.ARM.Collect$$libinit$$0000000C)
    .ARM.Collect$$libinit$$0000000E          0x08000218   Section        0  libinit2.o(.ARM.Collect$$libinit$$0000000E)
    .ARM.Collect$$libinit$$00000011          0x08000218   Section        0  libinit2.o(.ARM.Collect$$libinit$$00000011)
    .ARM.Collect$$libinit$$00000013          0x08000218   Section        0  libinit2.o(.ARM.Collect$$libinit$$00000013)
    .ARM.Collect$$libinit$$00000015          0x08000218   Section        0  libinit2.o(.ARM.Collect$$libinit$$00000015)
    .ARM.Collect$$libinit$$00000017          0x08000218   Section        0  libinit2.o(.ARM.Collect$$libinit$$00000017)
    .ARM.Collect$$libinit$$00000019          0x08000218   Section        0  libinit2.o(.ARM.Collect$$libinit$$00000019)
    .ARM.Collect$$libinit$$0000001B          0x08000218   Section        0  libinit2.o(.ARM.Collect$$libinit$$0000001B)
    .ARM.Collect$$libinit$$0000001D          0x08000218   Section        0  libinit2.o(.ARM.Collect$$libinit$$0000001D)
    .ARM.Collect$$libinit$$0000001F          0x08000218   Section        0  libinit2.o(.ARM.Collect$$libinit$$0000001F)
    .ARM.Collect$$libinit$$00000021          0x08000218   Section        0  libinit2.o(.ARM.Collect$$libinit$$00000021)
    .ARM.Collect$$libinit$$00000023          0x08000218   Section        0  libinit2.o(.ARM.Collect$$libinit$$00000023)
    .ARM.Collect$$libinit$$00000025          0x08000218   Section        0  libinit2.o(.ARM.Collect$$libinit$$00000025)
    .ARM.Collect$$libinit$$0000002C          0x08000218   Section        0  libinit2.o(.ARM.Collect$$libinit$$0000002C)
    .ARM.Collect$$libinit$$0000002E          0x08000218   Section        0  libinit2.o(.ARM.Collect$$libinit$$0000002E)
    .ARM.Collect$$libinit$$00000030          0x08000218   Section        0  libinit2.o(.ARM.Collect$$libinit$$00000030)
    .ARM.Collect$$libinit$$00000032          0x08000218   Section        0  libinit2.o(.ARM.Collect$$libinit$$00000032)
    .ARM.Collect$$libinit$$00000033          0x08000218   Section        2  libinit2.o(.ARM.Collect$$libinit$$00000033)
    .ARM.Collect$$libshutdown$$00000000      0x0800021a   Section        2  libshutdown.o(.ARM.Collect$$libshutdown$$00000000)
    .ARM.Collect$$libshutdown$$00000002      0x0800021c   Section        0  libshutdown2.o(.ARM.Collect$$libshutdown$$00000002)
    .ARM.Collect$$libshutdown$$00000004      0x0800021c   Section        0  libshutdown2.o(.ARM.Collect$$libshutdown$$00000004)
    .ARM.Collect$$libshutdown$$00000007      0x0800021c   Section        0  libshutdown2.o(.ARM.Collect$$libshutdown$$00000007)
    .ARM.Collect$$libshutdown$$0000000A      0x0800021c   Section        0  libshutdown2.o(.ARM.Collect$$libshutdown$$0000000A)
    .ARM.Collect$$libshutdown$$0000000C      0x0800021c   Section        0  libshutdown2.o(.ARM.Collect$$libshutdown$$0000000C)
    .ARM.Collect$$libshutdown$$0000000F      0x0800021c   Section        0  libshutdown2.o(.ARM.Collect$$libshutdown$$0000000F)
    .ARM.Collect$$libshutdown$$00000010      0x0800021c   Section        2  libshutdown2.o(.ARM.Collect$$libshutdown$$00000010)
    .ARM.Collect$$rtentry$$00000000          0x0800021e   Section        0  __rtentry.o(.ARM.Collect$$rtentry$$00000000)
    .ARM.Collect$$rtentry$$00000002          0x0800021e   Section        0  __rtentry2.o(.ARM.Collect$$rtentry$$00000002)
    .ARM.Collect$$rtentry$$00000004          0x0800021e   Section        6  __rtentry4.o(.ARM.Collect$$rtentry$$00000004)
    .ARM.Collect$$rtentry$$00000009          0x08000224   Section        0  __rtentry2.o(.ARM.Collect$$rtentry$$00000009)
    .ARM.Collect$$rtentry$$0000000A          0x08000224   Section        4  __rtentry2.o(.ARM.Collect$$rtentry$$0000000A)
    .ARM.Collect$$rtentry$$0000000C          0x08000228   Section        0  __rtentry2.o(.ARM.Collect$$rtentry$$0000000C)
    .ARM.Collect$$rtentry$$0000000D          0x08000228   Section        8  __rtentry2.o(.ARM.Collect$$rtentry$$0000000D)
    .ARM.Collect$$rtexit$$00000000           0x08000230   Section        2  rtexit.o(.ARM.Collect$$rtexit$$00000000)
    .ARM.Collect$$rtexit$$00000002           0x08000232   Section        0  rtexit2.o(.ARM.Collect$$rtexit$$00000002)
    .ARM.Collect$$rtexit$$00000003           0x08000232   Section        4  rtexit2.o(.ARM.Collect$$rtexit$$00000003)
    .ARM.Collect$$rtexit$$00000004           0x08000236   Section        6  rtexit2.o(.ARM.Collect$$rtexit$$00000004)
    .text                                    0x0800023c   Section       64  startup_stm32f401xc.o(.text)
    $v0                                      0x0800023c   Number         0  startup_stm32f401xc.o(.text)
    .text                                    0x0800027c   Section        0  noretval__2sprintf.o(.text)
    .text                                    0x080002a4   Section        0  __printf.o(.text)
    .text                                    0x0800030c   Section        0  _printf_dec.o(.text)
    .text                                    0x08000384   Section        0  heapauxi.o(.text)
    .text                                    0x0800038a   Section        0  _printf_intcommon.o(.text)
    .text                                    0x0800043c   Section        0  _printf_char_common.o(.text)
    _printf_input_char                       0x0800043d   Thumb Code    10  _printf_char_common.o(.text)
    .text                                    0x0800046c   Section        0  _sputc.o(.text)
    .text                                    0x08000476   Section       74  sys_stackheap_outer.o(.text)
    .text                                    0x080004c0   Section        0  exit.o(.text)
    .text                                    0x080004d4   Section        8  libspace.o(.text)
    .text                                    0x080004dc   Section        0  sys_exit.o(.text)
    .text                                    0x080004e8   Section        2  use_no_semi.o(.text)
    .text                                    0x080004ea   Section        0  indicate_semi.o(.text)
    i.ADC_IRQHandler                         0x080004ec   Section        0  main.o(i.ADC_IRQHandler)
    i.IS_WIFI_CONNECTED                      0x08000534   Section        0  wifi.o(i.IS_WIFI_CONNECTED)
    i.IS_WIFI_FOUND                          0x0800060c   Section        0  wifi.o(i.IS_WIFI_FOUND)
    i.KM_ADC1_INIT                           0x08000628   Section        0  adc1.o(i.KM_ADC1_INIT)
    i.KM_ADC1_READ                           0x0800069c   Section        0  adc1.o(i.KM_ADC1_READ)
    i.KM_GPIO_PORT_CONFIG                    0x080006b0   Section        0  gpio.o(i.KM_GPIO_PORT_CONFIG)
    i.KM_GPIO_PORT_INIT                      0x08000768   Section        0  gpio.o(i.KM_GPIO_PORT_INIT)
    i.KM_LCD_INIT                            0x080007a8   Section        0  lcd.o(i.KM_LCD_INIT)
    i.KM_LCD_WRITE_CMD                       0x080007d0   Section        0  lcd.o(i.KM_LCD_WRITE_CMD)
    i.KM_LCD_WRITE_DATA                      0x080007f4   Section        0  lcd.o(i.KM_LCD_WRITE_DATA)
    i.KM_LCD_WRITE_STR                       0x08000818   Section        0  lcd.o(i.KM_LCD_WRITE_STR)
    i.KM_PIN_LCD_INIT                        0x0800083c   Section        0  lcd.o(i.KM_PIN_LCD_INIT)
    i.KM_STK_INIT                            0x08000898   Section        0  systicktimer.o(i.KM_STK_INIT)
    i.KM_USART6_CONFIG                       0x080008c0   Section        0  usart6.o(i.KM_USART6_CONFIG)
    i.KM_USART6_INCHAR_TIME_OUT              0x080008fc   Section        0  usart6.o(i.KM_USART6_INCHAR_TIME_OUT)
    i.KM_USART6_INIT                         0x08000928   Section        0  usart6.o(i.KM_USART6_INIT)
    i.KM_USART6_OUT_CHAR                     0x0800096c   Section        0  usart6.o(i.KM_USART6_OUT_CHAR)
    i.KM_USART6_OUT_STR                      0x08000988   Section        0  usart6.o(i.KM_USART6_OUT_STR)
    i.KM_WIFI_OPERATION                      0x080009a0   Section        0  wifi.o(i.KM_WIFI_OPERATION)
    i.KM_WRITE_HIGHER_NIBBLE                 0x08000c7c   Section        0  lcd.o(i.KM_WRITE_HIGHER_NIBBLE)
    i.KM_WRITE_LOWER_NIBBLE                  0x08000cb8   Section        0  lcd.o(i.KM_WRITE_LOWER_NIBBLE)
    i.KM_mdelay_IT                           0x08000cf8   Section        0  systicktimer.o(i.KM_mdelay_IT)
    i.MY_STRLENGTH                           0x08000d20   Section        0  wifi.o(i.MY_STRLENGTH)
    i.RESULT_RESPONSE                        0x08000d30   Section        0  wifi.o(i.RESULT_RESPONSE)
    i.SysTick_Handler                        0x08000d68   Section        0  main.o(i.SysTick_Handler)
    i.SystemInit                             0x08000d78   Section        0  system_stm32f4xx.o(i.SystemInit)
    i.WIFI_INIT                              0x08000d8c   Section        0  wifi.o(i.WIFI_INIT)
    i.WIFI_JAPQ_RESPONSE                     0x08000f5c   Section        0  wifi.o(i.WIFI_JAPQ_RESPONSE)
    i.WIFI_JAP_RESPONSE                      0x08000fa4   Section        0  wifi.o(i.WIFI_JAP_RESPONSE)
    i.WIFI_OK_RESPONSE                       0x08000ffc   Section        0  wifi.o(i.WIFI_OK_RESPONSE)
    i.WIFI_START_OK_RESPONSE                 0x0800102c   Section        0  wifi.o(i.WIFI_START_OK_RESPONSE)
    i.WIFI_STATUS_RESPONSE                   0x0800105c   Section        0  wifi.o(i.WIFI_STATUS_RESPONSE)
    i.main                                   0x0800109c   Section        0  main.o(i.main)
    x$fpl$dfix                               0x080011cc   Section       94  dfix.o(x$fpl$dfix)
    $v0                                      0x080011cc   Number         0  dfix.o(x$fpl$dfix)
    x$fpl$dflt                               0x0800122a   Section       46  dflt_clz.o(x$fpl$dflt)
    $v0                                      0x0800122a   Number         0  dflt_clz.o(x$fpl$dflt)
    x$fpl$dmul                               0x08001258   Section      340  dmul.o(x$fpl$dmul)
    $v0                                      0x08001258   Number         0  dmul.o(x$fpl$dmul)
    x$fpl$dnaninf                            0x080013ac   Section      156  dnaninf.o(x$fpl$dnaninf)
    $v0                                      0x080013ac   Number         0  dnaninf.o(x$fpl$dnaninf)
    x$fpl$dretinf                            0x08001448   Section       12  dretinf.o(x$fpl$dretinf)
    $v0                                      0x08001448   Number         0  dretinf.o(x$fpl$dretinf)
    x$fpl$fpinit                             0x08001454   Section       10  fpinit.o(x$fpl$fpinit)
    $v0                                      0x08001454   Number         0  fpinit.o(x$fpl$fpinit)
    x$fpl$usenofp                            0x0800145e   Section        0  usenofp.o(x$fpl$usenofp)
    .data                                    0x20000000   Section        4  systicktimer.o(.data)
    .data                                    0x20000004   Section        4  wifi.o(.data)
    .data                                    0x20000008   Section        8  main.o(.data)
    .bss                                     0x20000010   Section      300  wifi.o(.bss)
    .bss                                     0x2000013c   Section       96  libspace.o(.bss)
    HEAP                                     0x200001a0   Section      512  startup_stm32f401xc.o(HEAP)
    Heap_Mem                                 0x200001a0   Data         512  startup_stm32f401xc.o(HEAP)
    STACK                                    0x200003a0   Section     1024  startup_stm32f401xc.o(STACK)
    Stack_Mem                                0x200003a0   Data        1024  startup_stm32f401xc.o(STACK)
    __initial_sp                             0x200007a0   Data           0  startup_stm32f401xc.o(STACK)

    Global Symbols

    Symbol Name                              Value     Ov Type        Size  Object(Section)

    BuildAttributes$$THM_ISAv4$E$P$D$K$B$S$7EM$VFPi3$EXTD16$VFPS$VFMA$PE$A:L22UL41UL21$X:L11$S22US41US21$IEEE1$IW$USESV6$~STKCKD$USESV7$~SHL$OSPACE$ROPI$EBA8$UX$STANDARDLIB$REQ8$PRES8$EABIv2 0x00000000   Number         0  anon$$obj.o ABSOLUTE
    __ARM_use_no_argv                        0x00000000   Number         0  main.o ABSOLUTE
    __ARM_exceptions_init                     - Undefined Weak Reference
    __alloca_initialize                       - Undefined Weak Reference
    __arm_preinit_                            - Undefined Weak Reference
    __cpp_initialize__aeabi_                  - Undefined Weak Reference
    __cxa_finalize                            - Undefined Weak Reference
    __rt_locale                               - Undefined Weak Reference
    __sigvec_lookup                           - Undefined Weak Reference
    _atexit_init                              - Undefined Weak Reference
    _call_atexit_fns                          - Undefined Weak Reference
    _clock_init                               - Undefined Weak Reference
    _fp_trap_init                             - Undefined Weak Reference
    _fp_trap_shutdown                         - Undefined Weak Reference
    _get_lc_collate                           - Undefined Weak Reference
    _get_lc_ctype                             - Undefined Weak Reference
    _get_lc_monetary                          - Undefined Weak Reference
    _get_lc_numeric                           - Undefined Weak Reference
    _get_lc_time                              - Undefined Weak Reference
    _getenv_init                              - Undefined Weak Reference
    _handle_redirection                       - Undefined Weak Reference
    _init_alloc                               - Undefined Weak Reference
    _init_user_alloc                          - Undefined Weak Reference
    _initio                                   - Undefined Weak Reference
    _printf_post_padding                      - Undefined Weak Reference
    _printf_pre_padding                       - Undefined Weak Reference
    _printf_truncate_signed                   - Undefined Weak Reference
    _printf_truncate_unsigned                 - Undefined Weak Reference
    _rand_init                                - Undefined Weak Reference
    _signal_finish                            - Undefined Weak Reference
    _signal_init                              - Undefined Weak Reference
    _terminate_alloc                          - Undefined Weak Reference
    _terminate_user_alloc                     - Undefined Weak Reference
    _terminateio                              - Undefined Weak Reference
    __Vectors_Size                           0x00000194   Number         0  startup_stm32f401xc.o ABSOLUTE
    __Vectors                                0x08000000   Data           4  startup_stm32f401xc.o(RESET)
    __Vectors_End                            0x08000194   Data           0  startup_stm32f401xc.o(RESET)
    __main                                   0x08000195   Thumb Code     8  __main.o(!!!main)
    __scatterload                            0x0800019d   Thumb Code     0  __scatter.o(!!!scatter)
    __scatterload_rt2                        0x0800019d   Thumb Code    44  __scatter.o(!!!scatter)
    __scatterload_rt2_thumb_only             0x0800019d   Thumb Code     0  __scatter.o(!!!scatter)
    __scatterload_null                       0x080001ab   Thumb Code     0  __scatter.o(!!!scatter)
    __scatterload_copy                       0x080001d1   Thumb Code    26  __scatter_copy.o(!!handler_copy)
    __scatterload_zeroinit                   0x080001ed   Thumb Code    28  __scatter_zi.o(!!handler_zi)
    _printf_d                                0x08000209   Thumb Code     0  _printf_d.o(.ARM.Collect$$_printf_percent$$00000009)
    _printf_percent                          0x08000209   Thumb Code     0  _printf_percent.o(.ARM.Collect$$_printf_percent$$00000000)
    _printf_percent_end                      0x0800020f   Thumb Code     0  _printf_percent_end.o(.ARM.Collect$$_printf_percent$$00000017)
    __rt_lib_init                            0x08000213   Thumb Code     0  libinit.o(.ARM.Collect$$libinit$$00000000)
    __rt_lib_init_fp_1                       0x08000215   Thumb Code     0  libinit2.o(.ARM.Collect$$libinit$$00000001)
    __rt_lib_init_alloca_1                   0x08000219   Thumb Code     0  libinit2.o(.ARM.Collect$$libinit$$0000002E)
    __rt_lib_init_argv_1                     0x08000219   Thumb Code     0  libinit2.o(.ARM.Collect$$libinit$$0000002C)
    __rt_lib_init_atexit_1                   0x08000219   Thumb Code     0  libinit2.o(.ARM.Collect$$libinit$$0000001B)
    __rt_lib_init_clock_1                    0x08000219   Thumb Code     0  libinit2.o(.ARM.Collect$$libinit$$00000021)
    __rt_lib_init_cpp_1                      0x08000219   Thumb Code     0  libinit2.o(.ARM.Collect$$libinit$$00000032)
    __rt_lib_init_exceptions_1               0x08000219   Thumb Code     0  libinit2.o(.ARM.Collect$$libinit$$00000030)
    __rt_lib_init_fp_trap_1                  0x08000219   Thumb Code     0  libinit2.o(.ARM.Collect$$libinit$$0000001F)
    __rt_lib_init_getenv_1                   0x08000219   Thumb Code     0  libinit2.o(.ARM.Collect$$libinit$$00000023)
    __rt_lib_init_heap_1                     0x08000219   Thumb Code     0  libinit2.o(.ARM.Collect$$libinit$$0000000A)
    __rt_lib_init_lc_collate_1               0x08000219   Thumb Code     0  libinit2.o(.ARM.Collect$$libinit$$00000011)
    __rt_lib_init_lc_ctype_1                 0x08000219   Thumb Code     0  libinit2.o(.ARM.Collect$$libinit$$00000013)
    __rt_lib_init_lc_monetary_1              0x08000219   Thumb Code     0  libinit2.o(.ARM.Collect$$libinit$$00000015)
    __rt_lib_init_lc_numeric_1               0x08000219   Thumb Code     0  libinit2.o(.ARM.Collect$$libinit$$00000017)
    __rt_lib_init_lc_time_1                  0x08000219   Thumb Code     0  libinit2.o(.ARM.Collect$$libinit$$00000019)
    __rt_lib_init_preinit_1                  0x08000219   Thumb Code     0  libinit2.o(.ARM.Collect$$libinit$$00000004)
    __rt_lib_init_rand_1                     0x08000219   Thumb Code     0  libinit2.o(.ARM.Collect$$libinit$$0000000E)
    __rt_lib_init_return                     0x08000219   Thumb Code     0  libinit2.o(.ARM.Collect$$libinit$$00000033)
    __rt_lib_init_signal_1                   0x08000219   Thumb Code     0  libinit2.o(.ARM.Collect$$libinit$$0000001D)
    __rt_lib_init_stdio_1                    0x08000219   Thumb Code     0  libinit2.o(.ARM.Collect$$libinit$$00000025)
    __rt_lib_init_user_alloc_1               0x08000219   Thumb Code     0  libinit2.o(.ARM.Collect$$libinit$$0000000C)
    __rt_lib_shutdown                        0x0800021b   Thumb Code     0  libshutdown.o(.ARM.Collect$$libshutdown$$00000000)
    __rt_lib_shutdown_cpp_1                  0x0800021d   Thumb Code     0  libshutdown2.o(.ARM.Collect$$libshutdown$$00000002)
    __rt_lib_shutdown_fp_trap_1              0x0800021d   Thumb Code     0  libshutdown2.o(.ARM.Collect$$libshutdown$$00000007)
    __rt_lib_shutdown_heap_1                 0x0800021d   Thumb Code     0  libshutdown2.o(.ARM.Collect$$libshutdown$$0000000F)
    __rt_lib_shutdown_return                 0x0800021d   Thumb Code     0  libshutdown2.o(.ARM.Collect$$libshutdown$$00000010)
    __rt_lib_shutdown_signal_1               0x0800021d   Thumb Code     0  libshutdown2.o(.ARM.Collect$$libshutdown$$0000000A)
    __rt_lib_shutdown_stdio_1                0x0800021d   Thumb Code     0  libshutdown2.o(.ARM.Collect$$libshutdown$$00000004)
    __rt_lib_shutdown_user_alloc_1           0x0800021d   Thumb Code     0  libshutdown2.o(.ARM.Collect$$libshutdown$$0000000C)
    __rt_entry                               0x0800021f   Thumb Code     0  __rtentry.o(.ARM.Collect$$rtentry$$00000000)
    __rt_entry_presh_1                       0x0800021f   Thumb Code     0  __rtentry2.o(.ARM.Collect$$rtentry$$00000002)
    __rt_entry_sh                            0x0800021f   Thumb Code     0  __rtentry4.o(.ARM.Collect$$rtentry$$00000004)
    __rt_entry_li                            0x08000225   Thumb Code     0  __rtentry2.o(.ARM.Collect$$rtentry$$0000000A)
    __rt_entry_postsh_1                      0x08000225   Thumb Code     0  __rtentry2.o(.ARM.Collect$$rtentry$$00000009)
    __rt_entry_main                          0x08000229   Thumb Code     0  __rtentry2.o(.ARM.Collect$$rtentry$$0000000D)
    __rt_entry_postli_1                      0x08000229   Thumb Code     0  __rtentry2.o(.ARM.Collect$$rtentry$$0000000C)
    __rt_exit                                0x08000231   Thumb Code     0  rtexit.o(.ARM.Collect$$rtexit$$00000000)
    __rt_exit_ls                             0x08000233   Thumb Code     0  rtexit2.o(.ARM.Collect$$rtexit$$00000003)
    __rt_exit_prels_1                        0x08000233   Thumb Code     0  rtexit2.o(.ARM.Collect$$rtexit$$00000002)
    __rt_exit_exit                           0x08000237   Thumb Code     0  rtexit2.o(.ARM.Collect$$rtexit$$00000004)
    Reset_Handler                            0x0800023d   Thumb Code     8  startup_stm32f401xc.o(.text)
    NMI_Handler                              0x08000245   Thumb Code     2  startup_stm32f401xc.o(.text)
    HardFault_Handler                        0x08000247   Thumb Code     2  startup_stm32f401xc.o(.text)
    MemManage_Handler                        0x08000249   Thumb Code     2  startup_stm32f401xc.o(.text)
    BusFault_Handler                         0x0800024b   Thumb Code     2  startup_stm32f401xc.o(.text)
    UsageFault_Handler                       0x0800024d   Thumb Code     2  startup_stm32f401xc.o(.text)
    SVC_Handler                              0x0800024f   Thumb Code     2  startup_stm32f401xc.o(.text)
    DebugMon_Handler                         0x08000251   Thumb Code     2  startup_stm32f401xc.o(.text)
    PendSV_Handler                           0x08000253   Thumb Code     2  startup_stm32f401xc.o(.text)
    DMA1_Stream0_IRQHandler                  0x08000257   Thumb Code     0  startup_stm32f401xc.o(.text)
    DMA1_Stream1_IRQHandler                  0x08000257   Thumb Code     0  startup_stm32f401xc.o(.text)
    DMA1_Stream2_IRQHandler                  0x08000257   Thumb Code     0  startup_stm32f401xc.o(.text)
    DMA1_Stream3_IRQHandler                  0x08000257   Thumb Code     0  startup_stm32f401xc.o(.text)
    DMA1_Stream4_IRQHandler                  0x08000257   Thumb Code     0  startup_stm32f401xc.o(.text)
    DMA1_Stream5_IRQHandler                  0x08000257   Thumb Code     0  startup_stm32f401xc.o(.text)
    DMA1_Stream6_IRQHandler                  0x08000257   Thumb Code     0  startup_stm32f401xc.o(.text)
    DMA1_Stream7_IRQHandler                  0x08000257   Thumb Code     0  startup_stm32f401xc.o(.text)
    DMA2_Stream0_IRQHandler                  0x08000257   Thumb Code     0  startup_stm32f401xc.o(.text)
    DMA2_Stream1_IRQHandler                  0x08000257   Thumb Code     0  startup_stm32f401xc.o(.text)
    DMA2_Stream2_IRQHandler                  0x08000257   Thumb Code     0  startup_stm32f401xc.o(.text)
    DMA2_Stream3_IRQHandler                  0x08000257   Thumb Code     0  startup_stm32f401xc.o(.text)
    DMA2_Stream4_IRQHandler                  0x08000257   Thumb Code     0  startup_stm32f401xc.o(.text)
    DMA2_Stream5_IRQHandler                  0x08000257   Thumb Code     0  startup_stm32f401xc.o(.text)
    DMA2_Stream6_IRQHandler                  0x08000257   Thumb Code     0  startup_stm32f401xc.o(.text)
    DMA2_Stream7_IRQHandler                  0x08000257   Thumb Code     0  startup_stm32f401xc.o(.text)
    EXTI0_IRQHandler                         0x08000257   Thumb Code     0  startup_stm32f401xc.o(.text)
    EXTI15_10_IRQHandler                     0x08000257   Thumb Code     0  startup_stm32f401xc.o(.text)
    EXTI1_IRQHandler                         0x08000257   Thumb Code     0  startup_stm32f401xc.o(.text)
    EXTI2_IRQHandler                         0x08000257   Thumb Code     0  startup_stm32f401xc.o(.text)
    EXTI3_IRQHandler                         0x08000257   Thumb Code     0  startup_stm32f401xc.o(.text)
    EXTI4_IRQHandler                         0x08000257   Thumb Code     0  startup_stm32f401xc.o(.text)
    EXTI9_5_IRQHandler                       0x08000257   Thumb Code     0  startup_stm32f401xc.o(.text)
    FLASH_IRQHandler                         0x08000257   Thumb Code     0  startup_stm32f401xc.o(.text)
    FPU_IRQHandler                           0x08000257   Thumb Code     0  startup_stm32f401xc.o(.text)
    I2C1_ER_IRQHandler                       0x08000257   Thumb Code     0  startup_stm32f401xc.o(.text)
    I2C1_EV_IRQHandler                       0x08000257   Thumb Code     0  startup_stm32f401xc.o(.text)
    I2C2_ER_IRQHandler                       0x08000257   Thumb Code     0  startup_stm32f401xc.o(.text)
    I2C2_EV_IRQHandler                       0x08000257   Thumb Code     0  startup_stm32f401xc.o(.text)
    I2C3_ER_IRQHandler                       0x08000257   Thumb Code     0  startup_stm32f401xc.o(.text)
    I2C3_EV_IRQHandler                       0x08000257   Thumb Code     0  startup_stm32f401xc.o(.text)
    OTG_FS_IRQHandler                        0x08000257   Thumb Code     0  startup_stm32f401xc.o(.text)
    OTG_FS_WKUP_IRQHandler                   0x08000257   Thumb Code     0  startup_stm32f401xc.o(.text)
    PVD_IRQHandler                           0x08000257   Thumb Code     0  startup_stm32f401xc.o(.text)
    RCC_IRQHandler                           0x08000257   Thumb Code     0  startup_stm32f401xc.o(.text)
    RTC_Alarm_IRQHandler                     0x08000257   Thumb Code     0  startup_stm32f401xc.o(.text)
    RTC_WKUP_IRQHandler                      0x08000257   Thumb Code     0  startup_stm32f401xc.o(.text)
    SDIO_IRQHandler                          0x08000257   Thumb Code     0  startup_stm32f401xc.o(.text)
    SPI1_IRQHandler                          0x08000257   Thumb Code     0  startup_stm32f401xc.o(.text)
    SPI2_IRQHandler                          0x08000257   Thumb Code     0  startup_stm32f401xc.o(.text)
    SPI3_IRQHandler                          0x08000257   Thumb Code     0  startup_stm32f401xc.o(.text)
    SPI4_IRQHandler                          0x08000257   Thumb Code     0  startup_stm32f401xc.o(.text)
    TAMP_STAMP_IRQHandler                    0x08000257   Thumb Code     0  startup_stm32f401xc.o(.text)
    TIM1_BRK_TIM9_IRQHandler                 0x08000257   Thumb Code     0  startup_stm32f401xc.o(.text)
    TIM1_CC_IRQHandler                       0x08000257   Thumb Code     0  startup_stm32f401xc.o(.text)
    TIM1_TRG_COM_TIM11_IRQHandler            0x08000257   Thumb Code     0  startup_stm32f401xc.o(.text)
    TIM1_UP_TIM10_IRQHandler                 0x08000257   Thumb Code     0  startup_stm32f401xc.o(.text)
    TIM2_IRQHandler                          0x08000257   Thumb Code     0  startup_stm32f401xc.o(.text)
    TIM3_IRQHandler                          0x08000257   Thumb Code     0  startup_stm32f401xc.o(.text)
    TIM4_IRQHandler                          0x08000257   Thumb Code     0  startup_stm32f401xc.o(.text)
    TIM5_IRQHandler                          0x08000257   Thumb Code     0  startup_stm32f401xc.o(.text)
    USART1_IRQHandler                        0x08000257   Thumb Code     0  startup_stm32f401xc.o(.text)
    USART2_IRQHandler                        0x08000257   Thumb Code     0  startup_stm32f401xc.o(.text)
    USART6_IRQHandler                        0x08000257   Thumb Code     0  startup_stm32f401xc.o(.text)
    WWDG_IRQHandler                          0x08000257   Thumb Code     0  startup_stm32f401xc.o(.text)
    __user_initial_stackheap                 0x08000259   Thumb Code     0  startup_stm32f401xc.o(.text)
    __2sprintf                               0x0800027d   Thumb Code    34  noretval__2sprintf.o(.text)
    __printf                                 0x080002a5   Thumb Code   104  __printf.o(.text)
    _printf_int_dec                          0x0800030d   Thumb Code   104  _printf_dec.o(.text)
    __use_two_region_memory                  0x08000385   Thumb Code     2  heapauxi.o(.text)
    __rt_heap_escrow$2region                 0x08000387   Thumb Code     2  heapauxi.o(.text)
    __rt_heap_expand$2region                 0x08000389   Thumb Code     2  heapauxi.o(.text)
    _printf_int_common                       0x0800038b   Thumb Code   178  _printf_intcommon.o(.text)
    _printf_char_common                      0x08000447   Thumb Code    32  _printf_char_common.o(.text)
    _sputc                                   0x0800046d   Thumb Code    10  _sputc.o(.text)
    __user_setup_stackheap                   0x08000477   Thumb Code    74  sys_stackheap_outer.o(.text)
    exit                                     0x080004c1   Thumb Code    18  exit.o(.text)
    __user_libspace                          0x080004d5   Thumb Code     8  libspace.o(.text)
    __user_perproc_libspace                  0x080004d5   Thumb Code     0  libspace.o(.text)
    __user_perthread_libspace                0x080004d5   Thumb Code     0  libspace.o(.text)
    _sys_exit                                0x080004dd   Thumb Code     8  sys_exit.o(.text)
    __I$use$semihosting                      0x080004e9   Thumb Code     0  use_no_semi.o(.text)
    __use_no_semihosting_swi                 0x080004e9   Thumb Code     2  use_no_semi.o(.text)
    __semihosting_library_function           0x080004eb   Thumb Code     0  indicate_semi.o(.text)
    ADC_IRQHandler                           0x080004ed   Thumb Code    56  main.o(i.ADC_IRQHandler)
    IS_WIFI_CONNECTED                        0x08000535   Thumb Code   118  wifi.o(i.IS_WIFI_CONNECTED)
    IS_WIFI_FOUND                            0x0800060d   Thumb Code    20  wifi.o(i.IS_WIFI_FOUND)
    KM_ADC1_INIT                             0x08000629   Thumb Code   102  adc1.o(i.KM_ADC1_INIT)
    KM_ADC1_READ                             0x0800069d   Thumb Code    14  adc1.o(i.KM_ADC1_READ)
    KM_GPIO_PORT_CONFIG                      0x080006b1   Thumb Code   176  gpio.o(i.KM_GPIO_PORT_CONFIG)
    KM_GPIO_PORT_INIT                        0x08000769   Thumb Code    58  gpio.o(i.KM_GPIO_PORT_INIT)
    KM_LCD_INIT                              0x080007a9   Thumb Code    40  lcd.o(i.KM_LCD_INIT)
    KM_LCD_WRITE_CMD                         0x080007d1   Thumb Code    30  lcd.o(i.KM_LCD_WRITE_CMD)
    KM_LCD_WRITE_DATA                        0x080007f5   Thumb Code    30  lcd.o(i.KM_LCD_WRITE_DATA)
    KM_LCD_WRITE_STR                         0x08000819   Thumb Code    34  lcd.o(i.KM_LCD_WRITE_STR)
    KM_PIN_LCD_INIT                          0x0800083d   Thumb Code    86  lcd.o(i.KM_PIN_LCD_INIT)
    KM_STK_INIT                              0x08000899   Thumb Code    38  systicktimer.o(i.KM_STK_INIT)
    KM_USART6_CONFIG                         0x080008c1   Thumb Code    52  usart6.o(i.KM_USART6_CONFIG)
    KM_USART6_INCHAR_TIME_OUT                0x080008fd   Thumb Code    34  usart6.o(i.KM_USART6_INCHAR_TIME_OUT)
    KM_USART6_INIT                           0x08000929   Thumb Code    58  usart6.o(i.KM_USART6_INIT)
    KM_USART6_OUT_CHAR                       0x0800096d   Thumb Code    22  usart6.o(i.KM_USART6_OUT_CHAR)
    KM_USART6_OUT_STR                        0x08000989   Thumb Code    24  usart6.o(i.KM_USART6_OUT_STR)
    KM_WIFI_OPERATION                        0x080009a1   Thumb Code   396  wifi.o(i.KM_WIFI_OPERATION)
    KM_WRITE_HIGHER_NIBBLE                   0x08000c7d   Thumb Code    56  lcd.o(i.KM_WRITE_HIGHER_NIBBLE)
    KM_WRITE_LOWER_NIBBLE                    0x08000cb9   Thumb Code    58  lcd.o(i.KM_WRITE_LOWER_NIBBLE)
    KM_mdelay_IT                             0x08000cf9   Thumb Code    34  systicktimer.o(i.KM_mdelay_IT)
    MY_STRLENGTH                             0x08000d21   Thumb Code    16  wifi.o(i.MY_STRLENGTH)
    RESULT_RESPONSE                          0x08000d31   Thumb Code    52  wifi.o(i.RESULT_RESPONSE)
    SysTick_Handler                          0x08000d69   Thumb Code    12  main.o(i.SysTick_Handler)
    SystemInit                               0x08000d79   Thumb Code    14  system_stm32f4xx.o(i.SystemInit)
    WIFI_INIT                                0x08000d8d   Thumb Code   254  wifi.o(i.WIFI_INIT)
    WIFI_JAPQ_RESPONSE                       0x08000f5d   Thumb Code    66  wifi.o(i.WIFI_JAPQ_RESPONSE)
    WIFI_JAP_RESPONSE                        0x08000fa5   Thumb Code    84  wifi.o(i.WIFI_JAP_RESPONSE)
    WIFI_OK_RESPONSE                         0x08000ffd   Thumb Code    44  wifi.o(i.WIFI_OK_RESPONSE)
    WIFI_START_OK_RESPONSE                   0x0800102d   Thumb Code    44  wifi.o(i.WIFI_START_OK_RESPONSE)
    WIFI_STATUS_RESPONSE                     0x0800105d   Thumb Code    58  wifi.o(i.WIFI_STATUS_RESPONSE)
    main                                     0x0800109d   Thumb Code   208  main.o(i.main)
    __aeabi_d2iz                             0x080011cd   Thumb Code     0  dfix.o(x$fpl$dfix)
    _dfix                                    0x080011cd   Thumb Code    94  dfix.o(x$fpl$dfix)
    __aeabi_i2d                              0x0800122b   Thumb Code     0  dflt_clz.o(x$fpl$dflt)
    _dflt                                    0x0800122b   Thumb Code    46  dflt_clz.o(x$fpl$dflt)
    __aeabi_dmul                             0x08001259   Thumb Code     0  dmul.o(x$fpl$dmul)
    _dmul                                    0x08001259   Thumb Code   332  dmul.o(x$fpl$dmul)
    __fpl_dnaninf                            0x080013ad   Thumb Code   156  dnaninf.o(x$fpl$dnaninf)
    __fpl_dretinf                            0x08001449   Thumb Code    12  dretinf.o(x$fpl$dretinf)
    _fp_init                                 0x08001455   Thumb Code    10  fpinit.o(x$fpl$fpinit)
    __fplib_config_fpu_vfp                   0x0800145d   Thumb Code     0  fpinit.o(x$fpl$fpinit)
    __fplib_config_pureend_doubles           0x0800145d   Thumb Code     0  fpinit.o(x$fpl$fpinit)
    __I$use$fp                               0x0800145e   Number         0  usenofp.o(x$fpl$usenofp)
    Region$$Table$$Base                      0x08001460   Number         0  anon$$obj.o(Region$$Table)
    Region$$Table$$Limit                     0x08001480   Number         0  anon$$obj.o(Region$$Table)
    jiffie                                   0x20000000   Data           4  systicktimer.o(.data)
    length                                   0x20000004   Data           4  wifi.o(.data)
    ret                                      0x20000008   Data           4  main.o(.data)
    temp                                     0x2000000c   Data           4  main.o(.data)
    rx_buffer                                0x20000010   Data         100  wifi.o(.bss)
    data_buffer                              0x20000074   Data         100  wifi.o(.bss)
    length_buffer                            0x200000d8   Data         100  wifi.o(.bss)
    __libspace_start                         0x2000013c   Data          96  libspace.o(.bss)
    __temporary_stack_top$libspace           0x2000019c   Data           0  libspace.o(.bss)



==============================================================================

Memory Map of the image

  Image Entry point : 0x0800023d

  Load Region LR_1 (Base: 0x08000000, Size: 0x00001490, Max: 0xffffffff, ABSOLUTE)

    Execution Region ER_RO (Base: 0x08000000, Size: 0x00001480, Max: 0xffffffff, ABSOLUTE)

    Base Addr    Size         Type   Attr      Idx    E Section Name        Object

    0x08000000   0x00000194   Data   RO          324    RESET               startup_stm32f401xc.o
    0x08000194   0x00000008   Code   RO          426  * !!!main             c_w.l(__main.o)
    0x0800019c   0x00000034   Code   RO          609    !!!scatter          c_w.l(__scatter.o)
    0x080001d0   0x0000001a   Code   RO          611    !!handler_copy      c_w.l(__scatter_copy.o)
    0x080001ea   0x00000002   PAD
    0x080001ec   0x0000001c   Code   RO          613    !!handler_zi        c_w.l(__scatter_zi.o)
    0x08000208   0x00000000   Code   RO          423    .ARM.Collect$$_printf_percent$$00000000  c_w.l(_printf_percent.o)
    0x08000208   0x00000006   Code   RO          422    .ARM.Collect$$_printf_percent$$00000009  c_w.l(_printf_d.o)
    0x0800020e   0x00000004   Code   RO          447    .ARM.Collect$$_printf_percent$$00000017  c_w.l(_printf_percent_end.o)
    0x08000212   0x00000002   Code   RO          479    .ARM.Collect$$libinit$$00000000  c_w.l(libinit.o)
    0x08000214   0x00000004   Code   RO          485    .ARM.Collect$$libinit$$00000001  c_w.l(libinit2.o)
    0x08000218   0x00000000   Code   RO          488    .ARM.Collect$$libinit$$00000004  c_w.l(libinit2.o)
    0x08000218   0x00000000   Code   RO          491    .ARM.Collect$$libinit$$0000000A  c_w.l(libinit2.o)
    0x08000218   0x00000000   Code   RO          493    .ARM.Collect$$libinit$$0000000C  c_w.l(libinit2.o)
    0x08000218   0x00000000   Code   RO          495    .ARM.Collect$$libinit$$0000000E  c_w.l(libinit2.o)
    0x08000218   0x00000000   Code   RO          498    .ARM.Collect$$libinit$$00000011  c_w.l(libinit2.o)
    0x08000218   0x00000000   Code   RO          500    .ARM.Collect$$libinit$$00000013  c_w.l(libinit2.o)
    0x08000218   0x00000000   Code   RO          502    .ARM.Collect$$libinit$$00000015  c_w.l(libinit2.o)
    0x08000218   0x00000000   Code   RO          504    .ARM.Collect$$libinit$$00000017  c_w.l(libinit2.o)
    0x08000218   0x00000000   Code   RO          506    .ARM.Collect$$libinit$$00000019  c_w.l(libinit2.o)
    0x08000218   0x00000000   Code   RO          508    .ARM.Collect$$libinit$$0000001B  c_w.l(libinit2.o)
    0x08000218   0x00000000   Code   RO          510    .ARM.Collect$$libinit$$0000001D  c_w.l(libinit2.o)
    0x08000218   0x00000000   Code   RO          512    .ARM.Collect$$libinit$$0000001F  c_w.l(libinit2.o)
    0x08000218   0x00000000   Code   RO          514    .ARM.Collect$$libinit$$00000021  c_w.l(libinit2.o)
    0x08000218   0x00000000   Code   RO          516    .ARM.Collect$$libinit$$00000023  c_w.l(libinit2.o)
    0x08000218   0x00000000   Code   RO          518    .ARM.Collect$$libinit$$00000025  c_w.l(libinit2.o)
    0x08000218   0x00000000   Code   RO          522    .ARM.Collect$$libinit$$0000002C  c_w.l(libinit2.o)
    0x08000218   0x00000000   Code   RO          524    .ARM.Collect$$libinit$$0000002E  c_w.l(libinit2.o)
    0x08000218   0x00000000   Code   RO          526    .ARM.Collect$$libinit$$00000030  c_w.l(libinit2.o)
    0x08000218   0x00000000   Code   RO          528    .ARM.Collect$$libinit$$00000032  c_w.l(libinit2.o)
    0x08000218   0x00000002   Code   RO          529    .ARM.Collect$$libinit$$00000033  c_w.l(libinit2.o)
    0x0800021a   0x00000002   Code   RO          549    .ARM.Collect$$libshutdown$$00000000  c_w.l(libshutdown.o)
    0x0800021c   0x00000000   Code   RO          562    .ARM.Collect$$libshutdown$$00000002  c_w.l(libshutdown2.o)
    0x0800021c   0x00000000   Code   RO          564    .ARM.Collect$$libshutdown$$00000004  c_w.l(libshutdown2.o)
    0x0800021c   0x00000000   Code   RO          567    .ARM.Collect$$libshutdown$$00000007  c_w.l(libshutdown2.o)
    0x0800021c   0x00000000   Code   RO          570    .ARM.Collect$$libshutdown$$0000000A  c_w.l(libshutdown2.o)
    0x0800021c   0x00000000   Code   RO          572    .ARM.Collect$$libshutdown$$0000000C  c_w.l(libshutdown2.o)
    0x0800021c   0x00000000   Code   RO          575    .ARM.Collect$$libshutdown$$0000000F  c_w.l(libshutdown2.o)
    0x0800021c   0x00000002   Code   RO          576    .ARM.Collect$$libshutdown$$00000010  c_w.l(libshutdown2.o)
    0x0800021e   0x00000000   Code   RO          440    .ARM.Collect$$rtentry$$00000000  c_w.l(__rtentry.o)
    0x0800021e   0x00000000   Code   RO          454    .ARM.Collect$$rtentry$$00000002  c_w.l(__rtentry2.o)
    0x0800021e   0x00000006   Code   RO          466    .ARM.Collect$$rtentry$$00000004  c_w.l(__rtentry4.o)
    0x08000224   0x00000000   Code   RO          456    .ARM.Collect$$rtentry$$00000009  c_w.l(__rtentry2.o)
    0x08000224   0x00000004   Code   RO          457    .ARM.Collect$$rtentry$$0000000A  c_w.l(__rtentry2.o)
    0x08000228   0x00000000   Code   RO          459    .ARM.Collect$$rtentry$$0000000C  c_w.l(__rtentry2.o)
    0x08000228   0x00000008   Code   RO          460    .ARM.Collect$$rtentry$$0000000D  c_w.l(__rtentry2.o)
    0x08000230   0x00000002   Code   RO          483    .ARM.Collect$$rtexit$$00000000  c_w.l(rtexit.o)
    0x08000232   0x00000000   Code   RO          531    .ARM.Collect$$rtexit$$00000002  c_w.l(rtexit2.o)
    0x08000232   0x00000004   Code   RO          532    .ARM.Collect$$rtexit$$00000003  c_w.l(rtexit2.o)
    0x08000236   0x00000006   Code   RO          533    .ARM.Collect$$rtexit$$00000004  c_w.l(rtexit2.o)
    0x0800023c   0x00000040   Code   RO          325  * .text               startup_stm32f401xc.o
    0x0800027c   0x00000028   Code   RO          396    .text               c_w.l(noretval__2sprintf.o)
    0x080002a4   0x00000068   Code   RO          398    .text               c_w.l(__printf.o)
    0x0800030c   0x00000078   Code   RO          400    .text               c_w.l(_printf_dec.o)
    0x08000384   0x00000006   Code   RO          424    .text               c_w.l(heapauxi.o)
    0x0800038a   0x000000b2   Code   RO          441    .text               c_w.l(_printf_intcommon.o)
    0x0800043c   0x00000030   Code   RO          443    .text               c_w.l(_printf_char_common.o)
    0x0800046c   0x0000000a   Code   RO          445    .text               c_w.l(_sputc.o)
    0x08000476   0x0000004a   Code   RO          470    .text               c_w.l(sys_stackheap_outer.o)
    0x080004c0   0x00000012   Code   RO          472    .text               c_w.l(exit.o)
    0x080004d2   0x00000002   PAD
    0x080004d4   0x00000008   Code   RO          480    .text               c_w.l(libspace.o)
    0x080004dc   0x0000000c   Code   RO          541    .text               c_w.l(sys_exit.o)
    0x080004e8   0x00000002   Code   RO          552    .text               c_w.l(use_no_semi.o)
    0x080004ea   0x00000000   Code   RO          554    .text               c_w.l(indicate_semi.o)
    0x080004ea   0x00000002   PAD
    0x080004ec   0x00000048   Code   RO          278    i.ADC_IRQHandler    main.o
    0x08000534   0x000000d8   Code   RO          194    i.IS_WIFI_CONNECTED  wifi.o
    0x0800060c   0x0000001c   Code   RO          195    i.IS_WIFI_FOUND     wifi.o
    0x08000628   0x00000074   Code   RO            1    i.KM_ADC1_INIT      adc1.o
    0x0800069c   0x00000014   Code   RO            2    i.KM_ADC1_READ      adc1.o
    0x080006b0   0x000000b8   Code   RO           38    i.KM_GPIO_PORT_CONFIG  gpio.o
    0x08000768   0x00000040   Code   RO           39    i.KM_GPIO_PORT_INIT  gpio.o
    0x080007a8   0x00000028   Code   RO           72    i.KM_LCD_INIT       lcd.o
    0x080007d0   0x00000024   Code   RO           73    i.KM_LCD_WRITE_CMD  lcd.o
    0x080007f4   0x00000024   Code   RO           74    i.KM_LCD_WRITE_DATA  lcd.o
    0x08000818   0x00000022   Code   RO           75    i.KM_LCD_WRITE_STR  lcd.o
    0x0800083a   0x00000002   PAD
    0x0800083c   0x0000005c   Code   RO           76    i.KM_PIN_LCD_INIT   lcd.o
    0x08000898   0x00000026   Code   RO          128    i.KM_STK_INIT       systicktimer.o
    0x080008be   0x00000002   PAD
    0x080008c0   0x0000003c   Code   RO          149    i.KM_USART6_CONFIG  usart6.o
    0x080008fc   0x0000002c   Code   RO          151    i.KM_USART6_INCHAR_TIME_OUT  usart6.o
    0x08000928   0x00000044   Code   RO          152    i.KM_USART6_INIT    usart6.o
    0x0800096c   0x0000001c   Code   RO          153    i.KM_USART6_OUT_CHAR  usart6.o
    0x08000988   0x00000018   Code   RO          154    i.KM_USART6_OUT_STR  usart6.o
    0x080009a0   0x000002dc   Code   RO          196    i.KM_WIFI_OPERATION  wifi.o
    0x08000c7c   0x0000003c   Code   RO           77    i.KM_WRITE_HIGHER_NIBBLE  lcd.o
    0x08000cb8   0x00000040   Code   RO           78    i.KM_WRITE_LOWER_NIBBLE  lcd.o
    0x08000cf8   0x00000028   Code   RO          129    i.KM_mdelay_IT      systicktimer.o
    0x08000d20   0x00000010   Code   RO          197    i.MY_STRLENGTH      wifi.o
    0x08000d30   0x00000038   Code   RO          198    i.RESULT_RESPONSE   wifi.o
    0x08000d68   0x00000010   Code   RO          279    i.SysTick_Handler   main.o
    0x08000d78   0x00000014   Code   RO          334    i.SystemInit        system_stm32f4xx.o
    0x08000d8c   0x000001d0   Code   RO          199    i.WIFI_INIT         wifi.o
    0x08000f5c   0x00000048   Code   RO          200    i.WIFI_JAPQ_RESPONSE  wifi.o
    0x08000fa4   0x00000058   Code   RO          201    i.WIFI_JAP_RESPONSE  wifi.o
    0x08000ffc   0x00000030   Code   RO          202    i.WIFI_OK_RESPONSE  wifi.o
    0x0800102c   0x00000030   Code   RO          203    i.WIFI_START_OK_RESPONSE  wifi.o
    0x0800105c   0x00000040   Code   RO          204    i.WIFI_STATUS_RESPONSE  wifi.o
    0x0800109c   0x00000130   Code   RO          280    i.main              main.o
    0x080011cc   0x0000005e   Code   RO          428    x$fpl$dfix          fz_wm.l(dfix.o)
    0x0800122a   0x0000002e   Code   RO          433    x$fpl$dflt          fz_wm.l(dflt_clz.o)
    0x08001258   0x00000154   Code   RO          438    x$fpl$dmul          fz_wm.l(dmul.o)
    0x080013ac   0x0000009c   Code   RO          448    x$fpl$dnaninf       fz_wm.l(dnaninf.o)
    0x08001448   0x0000000c   Code   RO          450    x$fpl$dretinf       fz_wm.l(dretinf.o)
    0x08001454   0x0000000a   Code   RO          539    x$fpl$fpinit        fz_wm.l(fpinit.o)
    0x0800145e   0x00000000   Code   RO          452    x$fpl$usenofp       fz_wm.l(usenofp.o)
    0x0800145e   0x00000002   PAD
    0x08001460   0x00000020   Data   RO          607    Region$$Table       anon$$obj.o


    Execution Region ER_RW (Base: 0x20000000, Size: 0x00000010, Max: 0xffffffff, ABSOLUTE)

    Base Addr    Size         Type   Attr      Idx    E Section Name        Object

    0x20000000   0x00000004   Data   RW          130    .data               systicktimer.o
    0x20000004   0x00000004   Data   RW          206    .data               wifi.o
    0x20000008   0x00000008   Data   RW          281    .data               main.o


    Execution Region ER_ZI (Base: 0x20000010, Size: 0x00000790, Max: 0xffffffff, ABSOLUTE)

    Base Addr    Size         Type   Attr      Idx    E Section Name        Object

    0x20000010   0x0000012c   Zero   RW          205    .bss                wifi.o
    0x2000013c   0x00000060   Zero   RW          481    .bss                c_w.l(libspace.o)
    0x2000019c   0x00000004   PAD
    0x200001a0   0x00000200   Zero   RW          323    HEAP                startup_stm32f401xc.o
    0x200003a0   0x00000400   Zero   RW          322    STACK               startup_stm32f401xc.o


==============================================================================

Image component sizes


      Code (inc. data)   RO Data    RW Data    ZI Data      Debug   Object Name

       136         20          0          0          0       2490   adc1.o
       248         14          0          0          0       1318   gpio.o
       362         28          0          0          0       4107   lcd.o
       392        116          0          8          0       1997   main.o
        64         26        404          0       1536        952   startup_stm32f401xc.o
        20          6          0          0          0        553   system_stm32f4xx.o
        78          6          0          4          0       1342   systicktimer.o
       224         34          0          0          0       2857   usart6.o
      1832        688          0          4        300       8393   wifi.o

    ----------------------------------------------------------------------
      3360        938        436         16       1836      24009   Object Totals
         0          0         32          0          0          0   (incl. Generated)
         4          0          0          0          0          0   (incl. Padding)

    ----------------------------------------------------------------------

      Code (inc. data)   RO Data    RW Data    ZI Data      Debug   Library Member Name

         8          0          0          0          0         68   __main.o
       104          0          0          0          0         84   __printf.o
         0          0          0          0          0          0   __rtentry.o
        12          0          0          0          0          0   __rtentry2.o
         6          0          0          0          0          0   __rtentry4.o
        52          8          0          0          0          0   __scatter.o
        26          0          0          0          0          0   __scatter_copy.o
        28          0          0          0          0          0   __scatter_zi.o
        48          6          0          0          0         96   _printf_char_common.o
         6          0          0          0          0          0   _printf_d.o
       120         16          0          0          0         92   _printf_dec.o
       178          0          0          0          0         88   _printf_intcommon.o
         0          0          0          0          0          0   _printf_percent.o
         4          0          0          0          0          0   _printf_percent_end.o
        10          0          0          0          0         68   _sputc.o
        18          0          0          0          0         80   exit.o
         6          0          0          0          0        152   heapauxi.o
         0          0          0          0          0          0   indicate_semi.o
         2          0          0          0          0          0   libinit.o
         6          0          0          0          0          0   libinit2.o
         2          0          0          0          0          0   libshutdown.o
         2          0          0          0          0          0   libshutdown2.o
         8          4          0          0         96         68   libspace.o
        40          6          0          0          0         84   noretval__2sprintf.o
         2          0          0          0          0          0   rtexit.o
        10          0          0          0          0          0   rtexit2.o
        12          4          0          0          0         68   sys_exit.o
        74          0          0          0          0         80   sys_stackheap_outer.o
         2          0          0          0          0         68   use_no_semi.o
        94          4          0          0          0        140   dfix.o
        46          0          0          0          0        116   dflt_clz.o
       340         12          0          0          0        152   dmul.o
       156          4          0          0          0        140   dnaninf.o
        12          0          0          0          0        116   dretinf.o
        10          0          0          0          0        116   fpinit.o
         0          0          0          0          0          0   usenofp.o

    ----------------------------------------------------------------------
      1452         64          0          0        100       1876   Library Totals
         8          0          0          0          4          0   (incl. Padding)

    ----------------------------------------------------------------------

      Code (inc. data)   RO Data    RW Data    ZI Data      Debug   Library Name

       786         44          0          0         96       1096   c_w.l
       658         20          0          0          0        780   fz_wm.l

    ----------------------------------------------------------------------
      1452         64          0          0        100       1876   Library Totals

    ----------------------------------------------------------------------

==============================================================================


      Code (inc. data)   RO Data    RW Data    ZI Data      Debug   

      4812       1002        436         16       1936      22017   Grand Totals
      4812       1002        436         16       1936      22017   ELF Image Totals
      4812       1002        436         16          0          0   ROM Totals

==============================================================================

    Total RO  Size (Code + RO Data)                 5248 (   5.13kB)
    Total RW  Size (RW Data + ZI Data)              1952 (   1.91kB)
    Total ROM Size (Code + RO Data + RW Data)       5264 (   5.14kB)

==============================================================================

