../Core/Src/main.c:93:5:main	8	static
../Core/Src/main.c:205:6:SystemClock_Config	88	static
../Core/Src/main.c:247:13:MX_ADC1_Init	24	static
../Core/Src/main.c:299:13:MX_I2C1_Init	8	static
../Core/Src/main.c:333:13:MX_USART6_UART_Init	8	static
../Core/Src/main.c:366:13:MX_GPIO_Init	40	static
../Core/Src/main.c:411:6:TASK_1_READ_DATE_AND_TIME	8	static
../Core/Src/main.c:415:6:TASK_2_READ_TEMP_VALUE	8	static
../Core/Src/main.c:426:6:TASK_3_PUSH_TO_SERVER	8	static
../Core/Src/main.c:431:6:TASK_4_EEPROM	8	static
../Core/Src/main.c:439:6:Task5_SWMS_Config	8	static
../Core/Src/main.c:447:6:HAL_ADC_ConvCpltCallback	16	static
../Core/Src/main.c:454:6:HAL_GPIO_EXTI_Callback	16	static
../Core/Src/main.c:481:6:Error_Handler	4	static,ignoring_inline_asm
