../Core/Src/main.c:147:5:main	8	static
../Core/Src/main.c:303:6:SystemClock_Config	88	static
../Core/Src/main.c:345:13:MX_ADC1_Init	24	static
../Core/Src/main.c:397:13:MX_I2C1_Init	8	static
../Core/Src/main.c:431:13:MX_USART6_UART_Init	8	static
../Core/Src/main.c:464:13:MX_GPIO_Init	40	static
../Core/Src/main.c:508:6:HAL_ADC_ConvCpltCallback	16	static
../Core/Src/main.c:515:6:HAL_GPIO_EXTI_Callback	16	static
../Core/Src/main.c:544:6:StartTask_RTC_1	72	static
../Core/Src/main.c:590:6:StartTask_ADC_2	24	static
../Core/Src/main.c:624:6:StartTask_WIFI_3	16	static
../Core/Src/main.c:670:6:StartTask_EEPROM_4	16	static
../Core/Src/main.c:698:6:StartTask_DATE_TIME_CONFIGURE5	32	static
../Core/Src/main.c:745:6:HAL_TIM_PeriodElapsedCallback	16	static
../Core/Src/main.c:763:6:Error_Handler	4	static,ignoring_inline_asm
