../Core/Src/main.c:147:5:main	3
../Core/Src/main.c:303:6:SystemClock_Config	3
../Core/Src/main.c:345:13:MX_ADC1_Init	3
../Core/Src/main.c:397:13:MX_I2C1_Init	2
../Core/Src/main.c:431:13:MX_USART6_UART_Init	2
../Core/Src/main.c:464:13:MX_GPIO_Init	1
../Core/Src/main.c:508:6:HAL_ADC_ConvCpltCallback	2
../Core/Src/main.c:515:6:HAL_GPIO_EXTI_Callback	4
../Core/Src/main.c:544:6:StartTask_RTC_1	2
../Core/Src/main.c:590:6:StartTask_ADC_2	1
../Core/Src/main.c:624:6:StartTask_WIFI_3	2
../Core/Src/main.c:670:6:StartTask_EEPROM_4	2
../Core/Src/main.c:698:6:StartTask_DATE_TIME_CONFIGURE5	2
../Core/Src/main.c:745:6:HAL_TIM_PeriodElapsedCallback	2
../Core/Src/main.c:763:6:Error_Handler	1
