Archive member included to satisfy reference by file (symbol)

C:/ST/STM32CubeIDE_1.19.0/STM32CubeIDE/plugins/com.st.stm32cube.ide.mcu.externaltools.gnu-tools-for-stm32.13.3.rel1.win32_1.0.0.202411081344/tools/bin/../lib/gcc/arm-none-eabi/13.3.1/../../../../arm-none-eabi/lib/thumb/v7e-m+fp/hard\libc_nano.a(libc_a-exit.o)
                              C:/ST/STM32CubeIDE_1.19.0/STM32CubeIDE/plugins/com.st.stm32cube.ide.mcu.externaltools.gnu-tools-for-stm32.13.3.rel1.win32_1.0.0.202411081344/tools/bin/../lib/gcc/arm-none-eabi/13.3.1/../../../../arm-none-eabi/lib/thumb/v7e-m+fp/hard/crt0.o (exit)
C:/ST/STM32CubeIDE_1.19.0/STM32CubeIDE/plugins/com.st.stm32cube.ide.mcu.externaltools.gnu-tools-for-stm32.13.3.rel1.win32_1.0.0.202411081344/tools/bin/../lib/gcc/arm-none-eabi/13.3.1/../../../../arm-none-eabi/lib/thumb/v7e-m+fp/hard\libc_nano.a(libc_a-findfp.o)
                              ./Middlewares/Third_Party/FreeRTOS/Source/tasks.o (__sf)
C:/ST/STM32CubeIDE_1.19.0/STM32CubeIDE/plugins/com.st.stm32cube.ide.mcu.externaltools.gnu-tools-for-stm32.13.3.rel1.win32_1.0.0.202411081344/tools/bin/../lib/gcc/arm-none-eabi/13.3.1/../../../../arm-none-eabi/lib/thumb/v7e-m+fp/hard\libc_nano.a(libc_a-fwalk.o)
                              C:/ST/STM32CubeIDE_1.19.0/STM32CubeIDE/plugins/com.st.stm32cube.ide.mcu.externaltools.gnu-tools-for-stm32.13.3.rel1.win32_1.0.0.202411081344/tools/bin/../lib/gcc/arm-none-eabi/13.3.1/../../../../arm-none-eabi/lib/thumb/v7e-m+fp/hard\libc_nano.a(libc_a-findfp.o) (_fwalk_sglue)
C:/ST/STM32CubeIDE_1.19.0/STM32CubeIDE/plugins/com.st.stm32cube.ide.mcu.externaltools.gnu-tools-for-stm32.13.3.rel1.win32_1.0.0.202411081344/tools/bin/../lib/gcc/arm-none-eabi/13.3.1/../../../../arm-none-eabi/lib/thumb/v7e-m+fp/hard\libc_nano.a(libc_a-sprintf.o)
                              ./Core/Src/EEPROM.o (sprintf)
C:/ST/STM32CubeIDE_1.19.0/STM32CubeIDE/plugins/com.st.stm32cube.ide.mcu.externaltools.gnu-tools-for-stm32.13.3.rel1.win32_1.0.0.202411081344/tools/bin/../lib/gcc/arm-none-eabi/13.3.1/../../../../arm-none-eabi/lib/thumb/v7e-m+fp/hard\libc_nano.a(libc_a-stdio.o)
                              C:/ST/STM32CubeIDE_1.19.0/STM32CubeIDE/plugins/com.st.stm32cube.ide.mcu.externaltools.gnu-tools-for-stm32.13.3.rel1.win32_1.0.0.202411081344/tools/bin/../lib/gcc/arm-none-eabi/13.3.1/../../../../arm-none-eabi/lib/thumb/v7e-m+fp/hard\libc_nano.a(libc_a-findfp.o) (__sread)
C:/ST/STM32CubeIDE_1.19.0/STM32CubeIDE/plugins/com.st.stm32cube.ide.mcu.externaltools.gnu-tools-for-stm32.13.3.rel1.win32_1.0.0.202411081344/tools/bin/../lib/gcc/arm-none-eabi/13.3.1/../../../../arm-none-eabi/lib/thumb/v7e-m+fp/hard\libc_nano.a(libc_a-memset.o)
                              C:/ST/STM32CubeIDE_1.19.0/STM32CubeIDE/plugins/com.st.stm32cube.ide.mcu.externaltools.gnu-tools-for-stm32.13.3.rel1.win32_1.0.0.202411081344/tools/bin/../lib/gcc/arm-none-eabi/13.3.1/../../../../arm-none-eabi/lib/thumb/v7e-m+fp/hard/crt0.o (memset)
C:/ST/STM32CubeIDE_1.19.0/STM32CubeIDE/plugins/com.st.stm32cube.ide.mcu.externaltools.gnu-tools-for-stm32.13.3.rel1.win32_1.0.0.202411081344/tools/bin/../lib/gcc/arm-none-eabi/13.3.1/../../../../arm-none-eabi/lib/thumb/v7e-m+fp/hard\libc_nano.a(libc_a-closer.o)
                              C:/ST/STM32CubeIDE_1.19.0/STM32CubeIDE/plugins/com.st.stm32cube.ide.mcu.externaltools.gnu-tools-for-stm32.13.3.rel1.win32_1.0.0.202411081344/tools/bin/../lib/gcc/arm-none-eabi/13.3.1/../../../../arm-none-eabi/lib/thumb/v7e-m+fp/hard\libc_nano.a(libc_a-stdio.o) (_close_r)
C:/ST/STM32CubeIDE_1.19.0/STM32CubeIDE/plugins/com.st.stm32cube.ide.mcu.externaltools.gnu-tools-for-stm32.13.3.rel1.win32_1.0.0.202411081344/tools/bin/../lib/gcc/arm-none-eabi/13.3.1/../../../../arm-none-eabi/lib/thumb/v7e-m+fp/hard\libc_nano.a(libc_a-reent.o)
                              ./Middlewares/Third_Party/FreeRTOS/Source/tasks.o (_reclaim_reent)
C:/ST/STM32CubeIDE_1.19.0/STM32CubeIDE/plugins/com.st.stm32cube.ide.mcu.externaltools.gnu-tools-for-stm32.13.3.rel1.win32_1.0.0.202411081344/tools/bin/../lib/gcc/arm-none-eabi/13.3.1/../../../../arm-none-eabi/lib/thumb/v7e-m+fp/hard\libc_nano.a(libc_a-impure.o)
                              ./Middlewares/Third_Party/FreeRTOS/Source/tasks.o (_impure_ptr)
C:/ST/STM32CubeIDE_1.19.0/STM32CubeIDE/plugins/com.st.stm32cube.ide.mcu.externaltools.gnu-tools-for-stm32.13.3.rel1.win32_1.0.0.202411081344/tools/bin/../lib/gcc/arm-none-eabi/13.3.1/../../../../arm-none-eabi/lib/thumb/v7e-m+fp/hard\libc_nano.a(libc_a-lseekr.o)
                              C:/ST/STM32CubeIDE_1.19.0/STM32CubeIDE/plugins/com.st.stm32cube.ide.mcu.externaltools.gnu-tools-for-stm32.13.3.rel1.win32_1.0.0.202411081344/tools/bin/../lib/gcc/arm-none-eabi/13.3.1/../../../../arm-none-eabi/lib/thumb/v7e-m+fp/hard\libc_nano.a(libc_a-stdio.o) (_lseek_r)
[...]
Memory Configuration

Name             Origin             Length             Attributes
RAM              0x20000000         0x00010000         xrw
FLASH            0x08000000         0x00020000         xr
*default*        0x00000000         0xffffffff

Linker script and memory map

LOAD C:/ST/STM32CubeIDE_1.19.0/STM32CubeIDE/plugins/com.st.stm32cube.ide.mcu.externaltools.gnu-tools-for-stm32.13.3.rel1.win32_1.0.0.202411081344/tools/bin/../lib/gcc/arm-none-eabi/13.3.1/thumb/v7e-m+fp/hard/crti.o
LOAD C:/ST/STM32CubeIDE_1.19.0/STM32CubeIDE/plugins/com.st.stm32cube.ide.mcu.externaltools.gnu-tools-for-stm32.13.3.rel1.win32_1.0.0.202411081344/tools/bin/../lib/gcc/arm-none-eabi/13.3.1/thumb/v7e-m+fp/hard/crtbegin.o
LOAD C:/ST/STM32CubeIDE_1.19.0/STM32CubeIDE/plugins/com.st.stm32cube.ide.mcu.externaltools.gnu-tools-for-stm32.13.3.rel1.win32_1.0.0.202411081344/tools/bin/../lib/gcc/arm-none-eabi/13.3.1/../../../../arm-none-eabi/lib/thumb/v7e-m+fp/hard/crt0.o
LOAD ./Core/Src/EEPROM.o
LOAD ./Core/Src/LCD.o
LOAD ./Core/Src/RTC.o
LOAD ./Core/Src/SET_TIME_AND_DATE.o
LOAD ./Core/Src/WIFI.o
LOAD ./Core/Src/freertos.o
LOAD ./Core/Src/main.o
LOAD ./Core/Src/stm32f4xx_hal_msp.o
LOAD ./Core/Src/stm32f4xx_hal_timebase_tim.o
LOAD ./Core/Src/stm32f4xx_it.o
LOAD ./Core/Src/syscalls.o
LOAD ./Core/Src/sysmem.o
LOAD ./Core/Src/system_stm32f4xx.o
LOAD ./Core/Startup/startup_stm32f401rbtx.o
LOAD ./Drivers/STM32F4xx_HAL_Driver/Src/stm32f4xx_hal.o
LOAD ./Drivers/STM32F4xx_HAL_Driver/Src/stm32f4xx_hal_adc.o
LOAD ./Drivers/STM32F4xx_HAL_Driver/Src/stm32f4xx_hal_adc_ex.o
LOAD ./Drivers/STM32F4xx_HAL_Driver/Src/stm32f4xx_hal_cortex.o
LOAD ./Drivers/STM32F4xx_HAL_Driver/Src/stm32f4xx_hal_dma.o
LOAD ./Drivers/STM32F4xx_HAL_Driver/Src/stm32f4xx_hal_dma_ex.o
LOAD ./Drivers/STM32F4xx_HAL_Driver/Src/stm32f4xx_hal_exti.o
LOAD ./Drivers/STM32F4xx_HAL_Driver/Src/stm32f4xx_hal_flash.o
LOAD ./Drivers/STM32F4xx_HAL_Driver/Src/stm32f4xx_hal_flash_ex.o
LOAD ./Drivers/STM32F4xx_HAL_Driver/Src/stm32f4xx_hal_flash_ramfunc.o
LOAD ./Drivers/STM32F4xx_HAL_Driver/Src/stm32f4xx_hal_gpio.o
LOAD ./Drivers/STM32F4xx_HAL_Driver/Src/stm32f4xx_hal_i2c.o
LOAD ./Drivers/STM32F4xx_HAL_Driver/Src/stm32f4xx_hal_i2c_ex.o
LOAD ./Drivers/STM32F4xx_HAL_Driver/Src/stm32f4xx_hal_pwr.o
LOAD ./Drivers/STM32F4xx_HAL_Driver/Src/stm32f4xx_hal_pwr_ex.o
LOAD ./Drivers/STM32F4xx_HAL_Driver/Src/stm32f4xx_hal_rcc.o
LOAD ./Drivers/STM32F4xx_HAL_Driver/Src/stm32f4xx_hal_rcc_ex.o
LOAD ./Drivers/STM32F4xx_HAL_Driver/Src/stm32f4xx_hal_tim.o
LOAD ./Drivers/STM32F4xx_HAL_Driver/Src/stm32f4xx_hal_tim_ex.o
LOAD ./Drivers/STM32F4xx_HAL_Driver/Src/stm32f4xx_hal_uart.o
LOAD ./Drivers/STM32F4xx_HAL_Driver/Src/stm32f4xx_ll_adc.o
LOAD ./Middlewares/Third_Party/FreeRTOS/Source/CMSIS_RTOS_V2/cmsis_os2.o
LOAD ./Middlewares/Third_Party/FreeRTOS/Source/croutine.o
LOAD ./Middlewares/Third_Party/FreeRTOS/Source/event_groups.o
LOAD ./Middlewares/Third_Party/FreeRTOS/Source/list.o
LOAD ./Middlewares/Third_Party/FreeRTOS/Source/queue.o
LOAD ./Middlewares/Third_Party/FreeRTOS/Source/stream_buffer.o
LOAD ./Middlewares/Third_Party/FreeRTOS/Source/tasks.o
LOAD ./Middlewares/Third_Party/FreeRTOS/Source/timers.o
LOAD ./Middlewares/Third_Party/FreeRTOS/Source/portable/GCC/ARM_CM4F/port.o
LOAD ./Middlewares/Third_Party/FreeRTOS/Source/portable/MemMang/heap_4.o
START GROUP
LOAD C:/ST/STM32CubeIDE_1.19.0/STM32CubeIDE/plugins/com.st.stm32cube.ide.mcu.externaltools.gnu-tools-for-stm32.13.3.rel1.win32_1.0.0.202411081344/tools/bin/../lib/gcc/arm-none-eabi/13.3.1/../../../../arm-none-eabi/lib/thumb/v7e-m+fp/hard\libc_nano.a
LOAD C:/ST/STM32CubeIDE_1.19.0/STM32CubeIDE/plugins/com.st.stm32cube.ide.mcu.externaltools.gnu-tools-for-stm32.13.3.rel1.win32_1.0.0.202411081344/tools/bin/../lib/gcc/arm-none-eabi/13.3.1/../../../../arm-none-eabi/lib/thumb/v7e-m+fp/hard\libm.a
END GROUP
START GROUP
LOAD C:/ST/STM32CubeIDE_1.19.0/STM32CubeIDE/plugins/com.st.stm32cube.ide.mcu.externaltools.gnu-tools-for-stm32.13.3.rel1.win32_1.0.0.202411081344/tools/bin/../lib/gcc/arm-none-eabi/13.3.1/thumb/v7e-m+fp/hard\libgcc.a
LOAD C:/ST/STM32CubeIDE_1.19.0/STM32CubeIDE/plugins/com.st.stm32cube.ide.mcu.externaltools.gnu-tools-for-stm32.13.3.rel1.win32_1.0.0.202411081344/tools/bin/../lib/gcc/arm-none-eabi/13.3.1/../../../../arm-none-eabi/lib/thumb/v7e-m+fp/hard\libc_nano.a
END GROUP
START GROUP
LOAD C:/ST/STM32CubeIDE_1.19.0/STM32CubeIDE/plugins/com.st.stm32cube.ide.mcu.externaltools.gnu-tools-for-stm32.13.3.rel1.win32_1.0.0.202411081344/tools/bin/../lib/gcc/arm-none-eabi/13.3.1/thumb/v7e-m+fp/hard\libgcc.a
LOAD C:/ST/STM32CubeIDE_1.19.0/STM32CubeIDE/plugins/com.st.stm32cube.ide.mcu.externaltools.gnu-tools-for-stm32.13.3.rel1.win32_1.0.0.202411081344/tools/bin/../lib/gcc/arm-none-eabi/13.3.1/../../../../arm-none-eabi/lib/thumb/v7e-m+fp/hard\libc_nano.a
LOAD C:/ST/STM32CubeIDE_1.19.0/STM32CubeIDE/plugins/com.st.stm32cube.ide.mcu.externaltools.gnu-tools-for-stm32.13.3.rel1.win32_1.0.0.202411081344/tools/bin/../lib/gcc/arm-none-eabi/13.3.1/../../../../arm-none-eabi/lib/thumb/v7e-m+fp/hard\libnosys.a
END GROUP
START GROUP
LOAD C:/ST/STM32CubeIDE_1.19.0/STM32CubeIDE/plugins/com.st.stm32cube.ide.mcu.externaltools.gnu-tools-for-stm32.13.3.rel1.win32_1.0.0.202411081344/tools/bin/../lib/gcc/arm-none-eabi/13.3.1/thumb/v7e-m+fp/hard\libgcc.a
LOAD C:/ST/STM32CubeIDE_1.19.0/STM32CubeIDE/plugins/com.st.stm32cube.ide.mcu.externaltools.gnu-tools-for-stm32.13.3.rel1.win32_1.0.0.202411081344/tools/bin/../lib/gcc/arm-none-eabi/13.3.1/../../../../arm-none-eabi/lib/thumb/v7e-m+fp/hard\libc_nano.a
LOAD C:/ST/STM32CubeIDE_1.19.0/STM32CubeIDE/plugins/com.st.stm32cube.ide.mcu.externaltools.gnu-tools-for-stm32.13.3.rel1.win32_1.0.0.202411081344/tools/bin/../lib/gcc/arm-none-eabi/13.3.1/../../../../arm-none-eabi/lib/thumb/v7e-m+fp/hard\libnosys.a
END GROUP
LOAD C:/ST/STM32CubeIDE_1.19.0/STM32CubeIDE/plugins/com.st.stm32cube.ide.mcu.externaltools.gnu-tools-for-stm32.13.3.rel1.win32_1.0.0.202411081344/tools/bin/../lib/gcc/arm-none-eabi/13.3.1/thumb/v7e-m+fp/hard/crtend.o
LOAD C:/ST/STM32CubeIDE_1.19.0/STM32CubeIDE/plugins/com.st.stm32cube.ide.mcu.externaltools.gnu-tools-for-stm32.13.3.rel1.win32_1.0.0.202411081344/tools/bin/../lib/gcc/arm-none-eabi/13.3.1/thumb/v7e-m+fp/hard/crtn.o
                0x20010000                        _estack = (ORIGIN (RAM) + LENGTH (RAM))
                0x00000200                        _Min_Heap_Size = 0x200
                0x00000400                        _Min_Stack_Size = 0x400

.isr_vector     0x08000000      0x194
                0x08000000                        . = ALIGN (0x4)
 *(.isr_vector)
 .isr_vector    0x08000000      0x194 ./Core/Startup/startup_stm32f401rbtx.o
                0x08000000                g_pfnVectors
                0x08000194                        . = ALIGN (0x4)

.text           0x080001a0     0xacbc
                0x080001a0                        . = ALIGN (0x4)
 *(.text)
 .text          0x080001a0       0x40 C:/ST/STM32CubeIDE_1.19.0/STM32CubeIDE/plugins/com.st.stm32cube.ide.mcu.externaltools.gnu-tools-for-stm32.13.3.rel1.win32_1.0.0.202411081344/tools/bin/../lib/gcc/arm-none-eabi/13.3.1/thumb/v7e-m+fp/hard/crtbegin.o
 .text          0x080001e0       0xa0 C:/ST/STM32CubeIDE_1.19.0/STM32CubeIDE/plugins/com.st.stm32cube.ide.mcu.externaltools.gnu-tools-for-stm32.13.3.rel1.win32_1.0.0.202411081344/tools/bin/../lib/gcc/arm-none-eabi/13.3.1/../../../../arm-none-eabi/lib/thumb/v7e-m+fp/hard\libc_nano.a(libc_a-memchr.o)
                0x080001e0                memchr
 .text          0x08000280      0x254 C:/ST/STM32CubeIDE_1.19.0/STM32CubeIDE/plugins/com.st.stm32cube.ide.mcu.externaltools.gnu-tools-for-stm32.13.3.rel1.win32_1.0.0.202411081344/tools/bin/../lib/gcc/arm-none-eabi/13.3.1/thumb/v7e-m+fp/hard\libgcc.a(_arm_muldf3.o)
                0x08000280                __muldf3
                0x08000280                __aeabi_dmul
 .text          0x080004d4      0x378 C:/ST/STM32CubeIDE_1.19.0/STM32CubeIDE/plugins/com.st.stm32cube.ide.mcu.externaltools.gnu-tools-for-stm32.13.3.rel1.win32_1.0.0.202411081344/tools/bin/../lib/gcc/arm-none-eabi/13.3.1/thumb/v7e-m+fp/hard\libgcc.a(_arm_addsubdf3.o)
                0x080004d4                __aeabi_drsub
                0x080004dc                __aeabi_dsub
                0x080004dc                __subdf3
                0x080004e0                __aeabi_dadd
                0x080004e0                __adddf3
                0x08000758                __floatunsidf
                0x08000758                __aeabi_ui2d
                0x08000778                __floatsidf
                0x08000778                __aeabi_i2d
                0x0800079c                __aeabi_f2d
                0x0800079c                __extendsfdf2
                0x080007e0                __floatundidf
                0x080007e0                __aeabi_ul2d
                0x080007f0                __floatdidf
                0x080007f0                __aeabi_l2d
 .text          0x0800084c       0x50 C:/ST/STM32CubeIDE_1.19.0/STM32CubeIDE/plugins/com.st.stm32cube.ide.mcu.externaltools.gnu-tools-for-stm32.13.3.rel1.win32_1.0.0.202411081344/tools/bin/../lib/gcc/arm-none-eabi/13.3.1/thumb/v7e-m+fp/hard\libgcc.a(_arm_fixdfsi.o)
                0x0800084c                __aeabi_d2iz
                0x0800084c                __fixdfsi
 .text          0x0800089c       0x30 C:/ST/STM32CubeIDE_1.19.0/STM32CubeIDE/plugins/com.st.stm32cube.ide.mcu.externaltools.gnu-tools-for-stm32.13.3.rel1.win32_1.0.0.202411081344/tools/bin/../lib/gcc/arm-none-eabi/13.3.1/thumb/v7e-m+fp/hard\libgcc.a(_aeabi_uldivmod.o)
                0x0800089c                __aeabi_uldivmod
 .text          0x080008cc      0x2f8 C:/ST/STM32CubeIDE_1.19.0/STM32CubeIDE/plugins/com.st.stm32cube.ide.mcu.externaltools.gnu-tools-for-stm32.13.3.rel1.win32_1.0.0.202411081344/tools/bin/../lib/gcc/arm-none-eabi/13.3.1/thumb/v7e-m+fp/hard\libgcc.a(_udivmoddi4.o)
                0x080008cc                __udivmoddi4
 .text          0x08000bc4        0x4 C:/ST/STM32CubeIDE_1.19.0/STM32CubeIDE/plugins/com.st.stm32cube.ide.mcu.externaltools.gnu-tools-for-stm32.13.3.rel1.win32_1.0.0.202411081344/tools/bin/../lib/gcc/arm-none-eabi/13.3.1/thumb/v7e-m+fp/hard\libgcc.a(_dvmd_tls.o)
                0x08000bc4                __aeabi_idiv0
                0x08000bc4                __aeabi_ldiv0
 *(.text*)
 .text.EEPROM_Write_RTC_Temperature
                0x08000bc8       0xe0 ./Core/Src/EEPROM.o
                0x08000bc8                EEPROM_Write_RTC_Temperature
 .text.KM_LCD_WRITE_CMD
                0x08000ca8       0x3c ./Core/Src/LCD.o
                0x08000ca8                KM_LCD_WRITE_CMD
 .text.KM_LCD_WRITE_DATA
                0x08000ce4       0x3c ./Core/Src/LCD.o
                0x08000ce4                KM_LCD_WRITE_DATA
 .text.KM_WRITE_HIGHER_NIBBLE
                0x08000d20       0x7c ./Core/Src/LCD.o
                0x08000d20                KM_WRITE_HIGHER_NIBBLE
 .text.KM_WRITE_LOWER_NIBBLE
                0x08000d9c       0x7c ./Core/Src/LCD.o
                0x08000d9c                KM_WRITE_LOWER_NIBBLE
 .text.KM_LCD_INIT
                0x08000e18       0x2c ./Core/Src/LCD.o
                0x08000e18                KM_LCD_INIT
 .text.KM_LCD_WRITE_STR
                0x08000e44       0x44 ./Core/Src/LCD.o
                0x08000e44                KM_LCD_WRITE_STR
 .text.KM_ITOA_STR
                0x08000e88       0xe0 ./Core/Src/LCD.o
                0x08000e88                KM_ITOA_STR
 .text.BCD_To_DEC
                0x08000f68       0x2a ./Core/Src/RTC.o
                0x08000f68                BCD_To_DEC
 *fill*         0x08000f92        0x2 
 .text.DEC_To_BCD
                0x08000f94       0x44 ./Core/Src/RTC.o
                0x08000f94                DEC_To_BCD
 .text.RTC_Read
                0x08000fd8       0xc8 ./Core/Src/RTC.o
                0x08000fd8                RTC_Read
 .text.RTC_SetTimeDate
                0x080010a0       0xb0 ./Core/Src/RTC.o
                0x080010a0                RTC_SetTimeDate
 .text.RTC_CONFIG
                0x08001150      0x114 ./Core/Src/SET_TIME_AND_DATE.o
                0x08001150                RTC_CONFIG
 .text.SWITCH1_FLAG
                0x08001264      0x148 ./Core/Src/SET_TIME_AND_DATE.o
                0x08001264                SWITCH1_FLAG
 .text.SWITCH2_FLAG
                0x080013ac      0x12c ./Core/Src/SET_TIME_AND_DATE.o
                0x080013ac                SWITCH2_FLAG
 .text.STOP_RTC_WRITE
                0x080014d8       0x74 ./Core/Src/SET_TIME_AND_DATE.o
                0x080014d8                STOP_RTC_WRITE
 .text.IS_WIFI_FOUND
                0x0800154c       0x30 ./Core/Src/WIFI.o
                0x0800154c                IS_WIFI_FOUND
 .text.WIFI_OK_RESPONSE
                0x0800157c       0x58 ./Core/Src/WIFI.o
                0x0800157c                WIFI_OK_RESPONSE
 .text.IS_WIFI_CONNECTED
                0x080015d4       0xbc ./Core/Src/WIFI.o
                0x080015d4                IS_WIFI_CONNECTED
 .text.WIFI_JAPQ_RESPONSE
                0x08001690       0x74 ./Core/Src/WIFI.o
                0x08001690                WIFI_JAPQ_RESPONSE
 .text.WIFI_INIT
                0x08001704      0x1b0 ./Core/Src/WIFI.o
                0x08001704                WIFI_INIT
 .text.WIFI_JAP_RESPONSE
                0x080018b4       0x90 ./Core/Src/WIFI.o
                0x080018b4                WIFI_JAP_RESPONSE
 .text.KM_WIFI_OPERATION
                0x08001944       0x44 ./Core/Src/WIFI.o
                0x08001944                KM_WIFI_OPERATION
 .text.KM_WIFI_PUSH_SERVER
                0x08001988       0xb0 ./Core/Src/WIFI.o
                0x08001988                KM_WIFI_PUSH_SERVER
 .text.WIFI_STATUS_RESPONSE
                0x08001a38       0x68 ./Core/Src/WIFI.o
                0x08001a38                WIFI_STATUS_RESPONSE
 .text.MY_STRLENGTH
                0x08001aa0       0x2e ./Core/Src/WIFI.o
                0x08001aa0                MY_STRLENGTH
 *fill*         0x08001ace        0x2 
 .text.RESULT_RESPONSE
                0x08001ad0       0x64 ./Core/Src/WIFI.o
                0x08001ad0                RESULT_RESPONSE
 .text.main     0x08001b34      0x1e4 ./Core/Src/main.o
                0x08001b34                main
 .text.SystemClock_Config
                0x08001d18       0xc0 ./Core/Src/main.o
                0x08001d18                SystemClock_Config
 .text.MX_ADC1_Init
                0x08001dd8       0xa4 ./Core/Src/main.o
 .text.MX_I2C1_Init
                0x08001e7c       0x5c ./Core/Src/main.o
 .text.MX_USART6_UART_Init
                0x08001ed8       0x54 ./Core/Src/main.o
 .text.MX_GPIO_Init
                0x08001f2c       0xe4 ./Core/Src/main.o
 .text.HAL_ADC_ConvCpltCallback
                0x08002010       0x2c ./Core/Src/main.o
                0x08002010                HAL_ADC_ConvCpltCallback
 .text.HAL_GPIO_EXTI_Callback
                0x0800203c       0x58 ./Core/Src/main.o
                0x0800203c                HAL_GPIO_EXTI_Callback
 .text.StartTask_RTC_1
                0x08002094       0xa4 ./Core/Src/main.o
                0x08002094                StartTask_RTC_1
 .text.StartTask_ADC_2
                0x08002138       0xac ./Core/Src/main.o
                0x08002138                StartTask_ADC_2
 .text.StartTask_WIFI_3
                0x080021e4       0xa4 ./Core/Src/main.o
                0x080021e4                StartTask_WIFI_3
 .text.StartTask_EEPROM_4
                0x08002288       0x54 ./Core/Src/main.o
                0x08002288                StartTask_EEPROM_4
 .text.StartTask_DATE_TIME_CONFIGURE5
                0x080022dc       0xa8 ./Core/Src/main.o
                0x080022dc                StartTask_DATE_TIME_CONFIGURE5
 .text.HAL_TIM_PeriodElapsedCallback
                0x08002384       0x24 ./Core/Src/main.o
                0x08002384                HAL_TIM_PeriodElapsedCallback
 .text.Error_Handler
                0x080023a8        0xc ./Core/Src/main.o
                0x080023a8                Error_Handler
 .text.HAL_MspInit
                0x080023b4       0x58 ./Core/Src/stm32f4xx_hal_msp.o
                0x080023b4                HAL_MspInit
 .text.HAL_ADC_MspInit
                0x0800240c       0x98 ./Core/Src/stm32f4xx_hal_msp.o
                0x0800240c                HAL_ADC_MspInit
 .text.HAL_I2C_MspInit
                0x080024a4       0x90 ./Core/Src/stm32f4xx_hal_msp.o
                0x080024a4                HAL_I2C_MspInit
 .text.HAL_UART_MspInit
                0x08002534       0x90 ./Core/Src/stm32f4xx_hal_msp.o
                0x08002534                HAL_UART_MspInit
 .text.HAL_InitTick
                0x080025c4       0xe4 ./Core/Src/stm32f4xx_hal_timebase_tim.o
                0x080025c4                HAL_InitTick
 .text.NMI_Handler
                0x080026a8        0x8 ./Core/Src/stm32f4xx_it.o
                0x080026a8                NMI_Handler
 .text.HardFault_Handler
                0x080026b0        0x8 ./Core/Src/stm32f4xx_it.o
                0x080026b0                HardFault_Handler
 .text.MemManage_Handler
                0x080026b8        0x8 ./Core/Src/stm32f4xx_it.o
                0x080026b8                MemManage_Handler
 .text.BusFault_Handler
                0x080026c0        0x8 ./Core/Src/stm32f4xx_it.o
                0x080026c0                BusFault_Handler
 .text.UsageFault_Handler
                0x080026c8        0x8 ./Core/Src/stm32f4xx_it.o
                0x080026c8                UsageFault_Handler
 .text.DebugMon_Handler
                0x080026d0        0xe ./Core/Src/stm32f4xx_it.o
                0x080026d0                DebugMon_Handler
 *fill*         0x080026de        0x2 
 .text.ADC_IRQHandler
                0x080026e0       0x14 ./Core/Src/stm32f4xx_it.o
                0x080026e0                ADC_IRQHandler
 .text.EXTI9_5_IRQHandler
                0x080026f4       0x18 ./Core/Src/stm32f4xx_it.o
                0x080026f4                EXTI9_5_IRQHandler
 .text.TIM1_UP_TIM10_IRQHandler
                0x0800270c       0x14 ./Core/Src/stm32f4xx_it.o
                0x0800270c                TIM1_UP_TIM10_IRQHandler
 .text.EXTI15_10_IRQHandler
                0x08002720       0x10 ./Core/Src/stm32f4xx_it.o
                0x08002720                EXTI15_10_IRQHandler
 .text._sbrk    0x08002730       0x6c ./Core/Src/sysmem.o
                0x08002730                _sbrk
 .text.SystemInit
                0x0800279c       0x24 ./Core/Src/system_stm32f4xx.o
                0x0800279c                SystemInit
 .text.Reset_Handler
                0x080027c0       0x50 ./Core/Startup/startup_stm32f401rbtx.o
                0x080027c0                Reset_Handler
 .text.Default_Handler
                0x08002810        0x2 ./Core/Startup/startup_stm32f401rbtx.o
                0x08002810                RTC_Alarm_IRQHandler
                0x08002810                EXTI2_IRQHandler
                0x08002810                SPI4_IRQHandler
                0x08002810                TIM1_CC_IRQHandler
                0x08002810                DMA2_Stream5_IRQHandler
                0x08002810                DMA1_Stream5_IRQHandler
                0x08002810                PVD_IRQHandler
                0x08002810                SDIO_IRQHandler
                0x08002810                TAMP_STAMP_IRQHandler
                0x08002810                EXTI3_IRQHandler
                0x08002810                I2C3_ER_IRQHandler
                0x08002810                EXTI0_IRQHandler
                0x08002810                I2C2_EV_IRQHandler
                0x08002810                DMA1_Stream2_IRQHandler
                0x08002810                FPU_IRQHandler
                0x08002810                DMA2_Stream2_IRQHandler
                0x08002810                SPI1_IRQHandler
                0x08002810                TIM1_BRK_TIM9_IRQHandler
                0x08002810                DMA2_Stream3_IRQHandler
                0x08002810                USART6_IRQHandler
                0x08002810                DMA2_Stream0_IRQHandler
                0x08002810                TIM4_IRQHandler
                0x08002810                I2C1_EV_IRQHandler
                0x08002810                DMA1_Stream6_IRQHandler
                0x08002810                DMA1_Stream1_IRQHandler
                0x08002810                TIM3_IRQHandler
                0x08002810                RCC_IRQHandler
                0x08002810                Default_Handler
                0x08002810                DMA1_Stream7_IRQHandler
                0x08002810                TIM5_IRQHandler
                0x08002810                DMA2_Stream7_IRQHandler
                0x08002810                I2C3_EV_IRQHandler
                0x08002810                RTC_WKUP_IRQHandler
                0x08002810                SPI2_IRQHandler
                0x08002810                DMA1_Stream0_IRQHandler
                0x08002810                EXTI4_IRQHandler
                0x08002810                WWDG_IRQHandler
                0x08002810                TIM2_IRQHandler
                0x08002810                OTG_FS_WKUP_IRQHandler
                0x08002810                TIM1_TRG_COM_TIM11_IRQHandler
                0x08002810                EXTI1_IRQHandler
                0x08002810                USART2_IRQHandler
                0x08002810                I2C2_ER_IRQHandler
                0x08002810                DMA2_Stream1_IRQHandler
                0x08002810                FLASH_IRQHandler
                0x08002810                DMA2_Stream4_IRQHandler
                0x08002810                USART1_IRQHandler
                0x08002810                OTG_FS_IRQHandler
                0x08002810                SPI3_IRQHandler
                0x08002810                DMA1_Stream4_IRQHandler
                0x08002810                I2C1_ER_IRQHandler
                0x08002810                DMA2_Stream6_IRQHandler
                0x08002810                DMA1_Stream3_IRQHandler
 *fill*         0x08002812        0x2 
 .text.HAL_Init
                0x08002814       0x44 ./Drivers/STM32F4xx_HAL_Driver/Src/stm32f4xx_hal.o
                0x08002814                HAL_Init
 .text.HAL_IncTick
                0x08002858       0x28 ./Drivers/STM32F4xx_HAL_Driver/Src/stm32f4xx_hal.o
                0x08002858                HAL_IncTick
 .text.HAL_GetTick
                0x08002880       0x18 ./Drivers/STM32F4xx_HAL_Driver/Src/stm32f4xx_hal.o
                0x08002880                HAL_GetTick
 .text.HAL_Delay
                0x08002898       0x48 ./Drivers/STM32F4xx_HAL_Driver/Src/stm32f4xx_hal.o
                0x08002898                HAL_Delay
 .text.HAL_ADC_Init
                0x080028e0       0x86 ./Drivers/STM32F4xx_HAL_Driver/Src/stm32f4xx_hal_adc.o
                0x080028e0                HAL_ADC_Init
 *fill*         0x08002966        0x2 
 .text.HAL_ADC_Start_IT
                0x08002968      0x17c ./Drivers/STM32F4xx_HAL_Driver/Src/stm32f4xx_hal_adc.o
                0x08002968                HAL_ADC_Start_IT
 .text.HAL_ADC_IRQHandler
                0x08002ae4      0x220 ./Drivers/STM32F4xx_HAL_Driver/Src/stm32f4xx_hal_adc.o
                0x08002ae4                HAL_ADC_IRQHandler
 .text.HAL_ADC_GetValue
                0x08002d04       0x1a ./Drivers/STM32F4xx_HAL_Driver/Src/stm32f4xx_hal_adc.o
                0x08002d04                HAL_ADC_GetValue
 .text.HAL_ADC_LevelOutOfWindowCallback
                0x08002d1e       0x14 ./Drivers/STM32F4xx_HAL_Driver/Src/stm32f4xx_hal_adc.o
                0x08002d1e                HAL_ADC_LevelOutOfWindowCallback
 .text.HAL_ADC_ErrorCallback
                0x08002d32       0x14 ./Drivers/STM32F4xx_HAL_Driver/Src/stm32f4xx_hal_adc.o
                0x08002d32                HAL_ADC_ErrorCallback
 *fill*         0x08002d46        0x2 
 .text.HAL_ADC_ConfigChannel
                0x08002d48      0x244 ./Drivers/STM32F4xx_HAL_Driver/Src/stm32f4xx_hal_adc.o
                0x08002d48                HAL_ADC_ConfigChannel
 .text.ADC_Init
                0x08002f8c      0x1f8 ./Drivers/STM32F4xx_HAL_Driver/Src/stm32f4xx_hal_adc.o
 .text.HAL_ADCEx_InjectedConvCpltCallback
                0x08003184       0x14 ./Drivers/STM32F4xx_HAL_Driver/Src/stm32f4xx_hal_adc_ex.o
                0x08003184                HAL_ADCEx_InjectedConvCpltCallback
 .text.__NVIC_SetPriorityGrouping
                0x08003198       0x48 ./Drivers/STM32F4xx_HAL_Driver/Src/stm32f4xx_hal_cortex.o
 .text.__NVIC_GetPriorityGrouping
                0x080031e0       0x1c ./Drivers/STM32F4xx_HAL_Driver/Src/stm32f4xx_hal_cortex.o
 .text.__NVIC_EnableIRQ
                0x080031fc       0x3c ./Drivers/STM32F4xx_HAL_Driver/Src/stm32f4xx_hal_cortex.o
 .text.__NVIC_SetPriority
                0x08003238       0x54 ./Drivers/STM32F4xx_HAL_Driver/Src/stm32f4xx_hal_cortex.o
 .text.NVIC_EncodePriority
                0x0800328c       0x66 ./Drivers/STM32F4xx_HAL_Driver/Src/stm32f4xx_hal_cortex.o
 .text.HAL_NVIC_SetPriorityGrouping
                0x080032f2       0x16 ./Drivers/STM32F4xx_HAL_Driver/Src/stm32f4xx_hal_cortex.o
                0x080032f2                HAL_NVIC_SetPriorityGrouping
 .text.HAL_NVIC_SetPriority
                0x08003308       0x38 ./Drivers/STM32F4xx_HAL_Driver/Src/stm32f4xx_hal_cortex.o
                0x08003308                HAL_NVIC_SetPriority
 .text.HAL_NVIC_EnableIRQ
                0x08003340       0x1c ./Drivers/STM32F4xx_HAL_Driver/Src/stm32f4xx_hal_cortex.o
                0x08003340                HAL_NVIC_EnableIRQ
 .text.HAL_GPIO_Init
                0x0800335c      0x308 ./Drivers/STM32F4xx_HAL_Driver/Src/stm32f4xx_hal_gpio.o
                0x0800335c                HAL_GPIO_Init
 .text.HAL_GPIO_WritePin
                0x08003664       0x32 ./Drivers/STM32F4xx_HAL_Driver/Src/stm32f4xx_hal_gpio.o
                0x08003664                HAL_GPIO_WritePin
 *fill*         0x08003696        0x2 
 .text.HAL_GPIO_EXTI_IRQHandler
                0x08003698       0x30 ./Drivers/STM32F4xx_HAL_Driver/Src/stm32f4xx_hal_gpio.o
                0x08003698                HAL_GPIO_EXTI_IRQHandler
 .text.HAL_I2C_Init
                0x080036c8      0x288 ./Drivers/STM32F4xx_HAL_Driver/Src/stm32f4xx_hal_i2c.o
                0x080036c8                HAL_I2C_Init
 .text.HAL_I2C_Mem_Write
                0x08003950      0x1f4 ./Drivers/STM32F4xx_HAL_Driver/Src/stm32f4xx_hal_i2c.o
                0x08003950                HAL_I2C_Mem_Write
 .text.HAL_I2C_Mem_Read
                0x08003b44      0x464 ./Drivers/STM32F4xx_HAL_Driver/Src/stm32f4xx_hal_i2c.o
                0x08003b44                HAL_I2C_Mem_Read
 .text.I2C_RequestMemoryWrite
                0x08003fa8      0x12c ./Drivers/STM32F4xx_HAL_Driver/Src/stm32f4xx_hal_i2c.o
 .text.I2C_RequestMemoryRead
                0x080040d4      0x1d0 ./Drivers/STM32F4xx_HAL_Driver/Src/stm32f4xx_hal_i2c.o
 .text.I2C_WaitOnFlagUntilTimeout
                0x080042a4       0xf4 ./Drivers/STM32F4xx_HAL_Driver/Src/stm32f4xx_hal_i2c.o
 .text.I2C_WaitOnMasterAddressFlagUntilTimeout
                0x08004398      0x140 ./Drivers/STM32F4xx_HAL_Driver/Src/stm32f4xx_hal_i2c.o
 .text.I2C_WaitOnTXEFlagUntilTimeout
                0x080044d8       0x90 ./Drivers/STM32F4xx_HAL_Driver/Src/stm32f4xx_hal_i2c.o
 .text.I2C_WaitOnBTFFlagUntilTimeout
                0x08004568       0x90 ./Drivers/STM32F4xx_HAL_Driver/Src/stm32f4xx_hal_i2c.o
 .text.I2C_WaitOnRXNEFlagUntilTimeout
                0x080045f8       0xba ./Drivers/STM32F4xx_HAL_Driver/Src/stm32f4xx_hal_i2c.o
 .text.I2C_IsAcknowledgeFailed
                0x080046b2       0x5e ./Drivers/STM32F4xx_HAL_Driver/Src/stm32f4xx_hal_i2c.o
 .text.HAL_RCC_OscConfig
                0x08004710      0x4f0 ./Drivers/STM32F4xx_HAL_Driver/Src/stm32f4xx_hal_rcc.o
                0x08004710                HAL_RCC_OscConfig
 .text.HAL_RCC_ClockConfig
                0x08004c00      0x1cc ./Drivers/STM32F4xx_HAL_Driver/Src/stm32f4xx_hal_rcc.o
                0x08004c00                HAL_RCC_ClockConfig
 .text.HAL_RCC_GetSysClockFreq
                0x08004dcc      0x18c ./Drivers/STM32F4xx_HAL_Driver/Src/stm32f4xx_hal_rcc.o
                0x08004dcc                HAL_RCC_GetSysClockFreq
 .text.HAL_RCC_GetHCLKFreq
                0x08004f58       0x18 ./Drivers/STM32F4xx_HAL_Driver/Src/stm32f4xx_hal_rcc.o
                0x08004f58                HAL_RCC_GetHCLKFreq
 .text.HAL_RCC_GetPCLK1Freq
                0x08004f70       0x28 ./Drivers/STM32F4xx_HAL_Driver/Src/stm32f4xx_hal_rcc.o
                0x08004f70                HAL_RCC_GetPCLK1Freq
 .text.HAL_RCC_GetPCLK2Freq
                0x08004f98       0x28 ./Drivers/STM32F4xx_HAL_Driver/Src/stm32f4xx_hal_rcc.o
                0x08004f98                HAL_RCC_GetPCLK2Freq
 .text.HAL_RCC_GetClockConfig
                0x08004fc0       0x64 ./Drivers/STM32F4xx_HAL_Driver/Src/stm32f4xx_hal_rcc.o
                0x08004fc0                HAL_RCC_GetClockConfig
 .text.HAL_TIM_Base_Init
                0x08005024       0x9e ./Drivers/STM32F4xx_HAL_Driver/Src/stm32f4xx_hal_tim.o
                0x08005024                HAL_TIM_Base_Init
 .text.HAL_TIM_Base_MspInit
                0x080050c2       0x14 ./Drivers/STM32F4xx_HAL_Driver/Src/stm32f4xx_hal_tim.o
                0x080050c2                HAL_TIM_Base_MspInit
 *fill*         0x080050d6        0x2 
 .text.HAL_TIM_Base_Start_IT
                0x080050d8       0xc4 ./Drivers/STM32F4xx_HAL_Driver/Src/stm32f4xx_hal_tim.o
                0x080050d8                HAL_TIM_Base_Start_IT
 .text.HAL_TIM_IRQHandler
                0x0800519c      0x1e0 ./Drivers/STM32F4xx_HAL_Driver/Src/stm32f4xx_hal_tim.o
                0x0800519c                HAL_TIM_IRQHandler
 .text.HAL_TIM_OC_DelayElapsedCallback
                0x0800537c       0x14 ./Drivers/STM32F4xx_HAL_Driver/Src/stm32f4xx_hal_tim.o
                0x0800537c                HAL_TIM_OC_DelayElapsedCallback
 .text.HAL_TIM_IC_CaptureCallback
                0x08005390       0x14 ./Drivers/STM32F4xx_HAL_Driver/Src/stm32f4xx_hal_tim.o
                0x08005390                HAL_TIM_IC_CaptureCallback
 .text.HAL_TIM_PWM_PulseFinishedCallback
                0x080053a4       0x14 ./Drivers/STM32F4xx_HAL_Driver/Src/stm32f4xx_hal_tim.o
                0x080053a4                HAL_TIM_PWM_PulseFinishedCallback
 .text.HAL_TIM_TriggerCallback
                0x080053b8       0x14 ./Drivers/STM32F4xx_HAL_Driver/Src/stm32f4xx_hal_tim.o
                0x080053b8                HAL_TIM_TriggerCallback
 .text.TIM_Base_SetConfig
                0x080053cc      0x10c ./Drivers/STM32F4xx_HAL_Driver/Src/stm32f4xx_hal_tim.o
                0x080053cc                TIM_Base_SetConfig
 .text.HAL_TIMEx_CommutCallback
                0x080054d8       0x14 ./Drivers/STM32F4xx_HAL_Driver/Src/stm32f4xx_hal_tim_ex.o
                0x080054d8                HAL_TIMEx_CommutCallback
 .text.HAL_TIMEx_BreakCallback
                0x080054ec       0x14 ./Drivers/STM32F4xx_HAL_Driver/Src/stm32f4xx_hal_tim_ex.o
                0x080054ec                HAL_TIMEx_BreakCallback
 .text.HAL_UART_Init
                0x08005500       0xa0 ./Drivers/STM32F4xx_HAL_Driver/Src/stm32f4xx_hal_uart.o
                0x08005500                HAL_UART_Init
 .text.HAL_UART_Transmit
                0x080055a0      0x116 ./Drivers/STM32F4xx_HAL_Driver/Src/stm32f4xx_hal_uart.o
                0x080055a0                HAL_UART_Transmit
 .text.HAL_UART_Receive
                0x080056b6      0x12e ./Drivers/STM32F4xx_HAL_Driver/Src/stm32f4xx_hal_uart.o
                0x080056b6                HAL_UART_Receive
 .text.UART_WaitOnFlagUntilTimeout
                0x080057e4       0xb2 ./Drivers/STM32F4xx_HAL_Driver/Src/stm32f4xx_hal_uart.o
 .text.UART_EndRxTransfer
                0x08005896       0xc6 ./Drivers/STM32F4xx_HAL_Driver/Src/stm32f4xx_hal_uart.o
 .text.UART_SetConfig
                0x0800595c      0x4e8 ./Drivers/STM32F4xx_HAL_Driver/Src/stm32f4xx_hal_uart.o
 .text.__NVIC_SetPriority
                0x08005e44       0x54 ./Middlewares/Third_Party/FreeRTOS/Source/CMSIS_RTOS_V2/cmsis_os2.o
 .text.SysTick_Handler
                0x08005e98       0x20 ./Middlewares/Third_Party/FreeRTOS/Source/CMSIS_RTOS_V2/cmsis_os2.o
                0x08005e98                SysTick_Handler
 .text.SVC_Setup
                0x08005eb8       0x12 ./Middlewares/Third_Party/FreeRTOS/Source/CMSIS_RTOS_V2/cmsis_os2.o
 *fill*         0x08005eca        0x2 
 .text.osKernelInitialize
                0x08005ecc       0x48 ./Middlewares/Third_Party/FreeRTOS/Source/CMSIS_RTOS_V2/cmsis_os2.o
                0x08005ecc                osKernelInitialize
 .text.osKernelStart
                0x08005f14       0x4c ./Middlewares/Third_Party/FreeRTOS/Source/CMSIS_RTOS_V2/cmsis_os2.o
                0x08005f14                osKernelStart
 .text.osThreadNew
                0x08005f60      0x124 ./Middlewares/Third_Party/FreeRTOS/Source/CMSIS_RTOS_V2/cmsis_os2.o
                0x08005f60                osThreadNew
 .text.osThreadSuspend
                0x08006084       0x42 ./Middlewares/Third_Party/FreeRTOS/Source/CMSIS_RTOS_V2/cmsis_os2.o
                0x08006084                osThreadSuspend
 .text.osThreadResume
                0x080060c6       0x42 ./Middlewares/Third_Party/FreeRTOS/Source/CMSIS_RTOS_V2/cmsis_os2.o
                0x080060c6                osThreadResume
 .text.osThreadFlagsSet
                0x08006108       0x9c ./Middlewares/Third_Party/FreeRTOS/Source/CMSIS_RTOS_V2/cmsis_os2.o
                0x08006108                osThreadFlagsSet
 .text.osThreadFlagsWait
                0x080061a4      0x102 ./Middlewares/Third_Party/FreeRTOS/Source/CMSIS_RTOS_V2/cmsis_os2.o
                0x080061a4                osThreadFlagsWait
 .text.osDelay  0x080062a6       0x36 ./Middlewares/Third_Party/FreeRTOS/Source/CMSIS_RTOS_V2/cmsis_os2.o
                0x080062a6                osDelay
 .text.osEventFlagsNew
                0x080062dc       0x7e ./Middlewares/Third_Party/FreeRTOS/Source/CMSIS_RTOS_V2/cmsis_os2.o
                0x080062dc                osEventFlagsNew
 .text.osMutexNew
                0x0800635a      0x10c ./Middlewares/Third_Party/FreeRTOS/Source/CMSIS_RTOS_V2/cmsis_os2.o
                0x0800635a                osMutexNew
 .text.osMutexAcquire
                0x08006466       0x96 ./Middlewares/Third_Party/FreeRTOS/Source/CMSIS_RTOS_V2/cmsis_os2.o
                0x08006466                osMutexAcquire
 .text.osMutexRelease
                0x080064fc       0x7a ./Middlewares/Third_Party/FreeRTOS/Source/CMSIS_RTOS_V2/cmsis_os2.o
                0x080064fc                osMutexRelease
 .text.osSemaphoreNew
                0x08006576      0x112 ./Middlewares/Third_Party/FreeRTOS/Source/CMSIS_RTOS_V2/cmsis_os2.o
                0x08006576                osSemaphoreNew
 .text.osSemaphoreAcquire
                0x08006688       0xa4 ./Middlewares/Third_Party/FreeRTOS/Source/CMSIS_RTOS_V2/cmsis_os2.o
                0x08006688                osSemaphoreAcquire
 .text.osSemaphoreRelease
                0x0800672c       0x88 ./Middlewares/Third_Party/FreeRTOS/Source/CMSIS_RTOS_V2/cmsis_os2.o
                0x0800672c                osSemaphoreRelease
 .text.osMessageQueueNew
                0x080067b4       0xe6 ./Middlewares/Third_Party/FreeRTOS/Source/CMSIS_RTOS_V2/cmsis_os2.o
                0x080067b4                osMessageQueueNew
 *fill*         0x0800689a        0x2 
 .text.osMessageQueuePut
                0x0800689c       0xc0 ./Middlewares/Third_Party/FreeRTOS/Source/CMSIS_RTOS_V2/cmsis_os2.o
                0x0800689c                osMessageQueuePut
 .text.osMessageQueueGet
                0x0800695c       0xbc ./Middlewares/Third_Party/FreeRTOS/Source/CMSIS_RTOS_V2/cmsis_os2.o
                0x0800695c                osMessageQueueGet
 .text.vApplicationGetIdleTaskMemory
                0x08006a18       0x34 ./Middlewares/Third_Party/FreeRTOS/Source/CMSIS_RTOS_V2/cmsis_os2.o
                0x08006a18                vApplicationGetIdleTaskMemory
 .text.vApplicationGetTimerTaskMemory
                0x08006a4c       0x34 ./Middlewares/Third_Party/FreeRTOS/Source/CMSIS_RTOS_V2/cmsis_os2.o
                0x08006a4c                vApplicationGetTimerTaskMemory
 .text.xEventGroupCreateStatic
                0x08006a80       0x72 ./Middlewares/Third_Party/FreeRTOS/Source/event_groups.o
                0x08006a80                xEventGroupCreateStatic
 .text.xEventGroupCreate
                0x08006af2       0x34 ./Middlewares/Third_Party/FreeRTOS/Source/event_groups.o
                0x08006af2                xEventGroupCreate
 .text.vListInitialise
                0x08006b26       0x40 ./Middlewares/Third_Party/FreeRTOS/Source/list.o
                0x08006b26                vListInitialise
 .text.vListInitialiseItem
                0x08006b66       0x1a ./Middlewares/Third_Party/FreeRTOS/Source/list.o
                0x08006b66                vListInitialiseItem
 .text.vListInsertEnd
                0x08006b80       0x48 ./Middlewares/Third_Party/FreeRTOS/Source/list.o
                0x08006b80                vListInsertEnd
 .text.vListInsert
                0x08006bc8       0x72 ./Middlewares/Third_Party/FreeRTOS/Source/list.o
                0x08006bc8                vListInsert
 .text.uxListRemove
                0x08006c3a       0x54 ./Middlewares/Third_Party/FreeRTOS/Source/list.o
                0x08006c3a                uxListRemove
 *fill*         0x08006c8e        0x2 
 .text.xQueueGenericReset
                0x08006c90       0xd4 ./Middlewares/Third_Party/FreeRTOS/Source/queue.o
                0x08006c90                xQueueGenericReset
 .text.xQueueGenericCreateStatic
                0x08006d64       0xfa ./Middlewares/Third_Party/FreeRTOS/Source/queue.o
                0x08006d64                xQueueGenericCreateStatic
 .text.xQueueGenericCreate
                0x08006e5e       0x76 ./Middlewares/Third_Party/FreeRTOS/Source/queue.o
                0x08006e5e                xQueueGenericCreate
 .text.prvInitialiseNewQueue
                0x08006ed4       0x46 ./Middlewares/Third_Party/FreeRTOS/Source/queue.o
 .text.prvInitialiseMutex
                0x08006f1a       0x34 ./Middlewares/Third_Party/FreeRTOS/Source/queue.o
 .text.xQueueCreateMutex
                0x08006f4e       0x30 ./Middlewares/Third_Party/FreeRTOS/Source/queue.o
                0x08006f4e                xQueueCreateMutex
 .text.xQueueCreateMutexStatic
                0x08006f7e       0x36 ./Middlewares/Third_Party/FreeRTOS/Source/queue.o
                0x08006f7e                xQueueCreateMutexStatic
 .text.xQueueGiveMutexRecursive
                0x08006fb4       0x6a ./Middlewares/Third_Party/FreeRTOS/Source/queue.o
                0x08006fb4                xQueueGiveMutexRecursive
 .text.xQueueTakeMutexRecursive
                0x0800701e       0x6e ./Middlewares/Third_Party/FreeRTOS/Source/queue.o
                0x0800701e                xQueueTakeMutexRecursive
 .text.xQueueCreateCountingSemaphoreStatic
                0x0800708c       0x72 ./Middlewares/Third_Party/FreeRTOS/Source/queue.o
                0x0800708c                xQueueCreateCountingSemaphoreStatic
 .text.xQueueCreateCountingSemaphore
                0x080070fe       0x6a ./Middlewares/Third_Party/FreeRTOS/Source/queue.o
                0x080070fe                xQueueCreateCountingSemaphore
 .text.xQueueGenericSend
                0x08007168      0x204 ./Middlewares/Third_Party/FreeRTOS/Source/queue.o
                0x08007168                xQueueGenericSend
 .text.xQueueGenericSendFromISR
                0x0800736c      0x13c ./Middlewares/Third_Party/FreeRTOS/Source/queue.o
                0x0800736c                xQueueGenericSendFromISR
 .text.xQueueGiveFromISR
                0x080074a8      0x120 ./Middlewares/Third_Party/FreeRTOS/Source/queue.o
                0x080074a8                xQueueGiveFromISR
 .text.xQueueReceive
                0x080075c8      0x1c4 ./Middlewares/Third_Party/FreeRTOS/Source/queue.o
                0x080075c8                xQueueReceive
 .text.xQueueSemaphoreTake
                0x0800778c      0x220 ./Middlewares/Third_Party/FreeRTOS/Source/queue.o
                0x0800778c                xQueueSemaphoreTake
 .text.xQueueReceiveFromISR
                0x080079ac      0x104 ./Middlewares/Third_Party/FreeRTOS/Source/queue.o
                0x080079ac                xQueueReceiveFromISR
 .text.vQueueDelete
                0x08007ab0       0x48 ./Middlewares/Third_Party/FreeRTOS/Source/queue.o
                0x08007ab0                vQueueDelete
 .text.prvGetDisinheritPriorityAfterTimeout
                0x08007af8       0x30 ./Middlewares/Third_Party/FreeRTOS/Source/queue.o
 .text.prvCopyDataToQueue
                0x08007b28       0xd4 ./Middlewares/Third_Party/FreeRTOS/Source/queue.o
 .text.prvCopyDataFromQueue
                0x08007bfc       0x4c ./Middlewares/Third_Party/FreeRTOS/Source/queue.o
 .text.prvUnlockQueue
                0x08007c48       0xa4 ./Middlewares/Third_Party/FreeRTOS/Source/queue.o
 .text.prvIsQueueEmpty
                0x08007cec       0x2c ./Middlewares/Third_Party/FreeRTOS/Source/queue.o
 .text.prvIsQueueFull
                0x08007d18       0x30 ./Middlewares/Third_Party/FreeRTOS/Source/queue.o
 .text.vQueueAddToRegistry
                0x08007d48       0x54 ./Middlewares/Third_Party/FreeRTOS/Source/queue.o
                0x08007d48                vQueueAddToRegistry
 .text.vQueueUnregisterQueue
                0x08007d9c       0x54 ./Middlewares/Third_Party/FreeRTOS/Source/queue.o
                0x08007d9c                vQueueUnregisterQueue
 .text.vQueueWaitForMessageRestricted
                0x08007df0       0x68 ./Middlewares/Third_Party/FreeRTOS/Source/queue.o
                0x08007df0                vQueueWaitForMessageRestricted
 .text.xTaskCreateStatic
                0x08007e58       0xc0 ./Middlewares/Third_Party/FreeRTOS/Source/tasks.o
                0x08007e58                xTaskCreateStatic
 .text.xTaskCreate
                0x08007f18       0x8a ./Middlewares/Third_Party/FreeRTOS/Source/tasks.o
                0x08007f18                xTaskCreate
 *fill*         0x08007fa2        0x2 
 .text.prvInitialiseNewTask
                0x08007fa4      0x150 ./Middlewares/Third_Party/FreeRTOS/Source/tasks.o
 .text.prvAddNewTaskToReadyList
                0x080080f4       0xe0 ./Middlewares/Third_Party/FreeRTOS/Source/tasks.o
 .text.vTaskDelay
                0x080081d4       0x6c ./Middlewares/Third_Party/FreeRTOS/Source/tasks.o
                0x080081d4                vTaskDelay
 .text.vTaskSuspend
                0x08008240       0xec ./Middlewares/Third_Party/FreeRTOS/Source/tasks.o
                0x08008240                vTaskSuspend
 .text.prvTaskIsTaskSuspended
                0x0800832c       0x64 ./Middlewares/Third_Party/FreeRTOS/Source/tasks.o
 .text.vTaskResume
                0x08008390       0xc0 ./Middlewares/Third_Party/FreeRTOS/Source/tasks.o
                0x08008390                vTaskResume
 .text.vTaskStartScheduler
                0x08008450       0xe0 ./Middlewares/Third_Party/FreeRTOS/Source/tasks.o
                0x08008450                vTaskStartScheduler
 .text.vTaskSuspendAll
                0x08008530       0x1c ./Middlewares/Third_Party/FreeRTOS/Source/tasks.o
                0x08008530                vTaskSuspendAll
 .text.xTaskResumeAll
                0x0800854c      0x13c ./Middlewares/Third_Party/FreeRTOS/Source/tasks.o
                0x0800854c                xTaskResumeAll
 .text.xTaskGetTickCount
                0x08008688       0x20 ./Middlewares/Third_Party/FreeRTOS/Source/tasks.o
                0x08008688                xTaskGetTickCount
 .text.xTaskIncrementTick
                0x080086a8      0x174 ./Middlewares/Third_Party/FreeRTOS/Source/tasks.o
                0x080086a8                xTaskIncrementTick
 .text.vTaskSwitchContext
                0x0800881c       0xcc ./Middlewares/Third_Party/FreeRTOS/Source/tasks.o
                0x0800881c                vTaskSwitchContext
 .text.vTaskPlaceOnEventList
                0x080088e8       0x4c ./Middlewares/Third_Party/FreeRTOS/Source/tasks.o
                0x080088e8                vTaskPlaceOnEventList
 .text.vTaskPlaceOnEventListRestricted
                0x08008934       0x58 ./Middlewares/Third_Party/FreeRTOS/Source/tasks.o
                0x08008934                vTaskPlaceOnEventListRestricted
 .text.xTaskRemoveFromEventList
                0x0800898c       0xc8 ./Middlewares/Third_Party/FreeRTOS/Source/tasks.o
                0x0800898c                xTaskRemoveFromEventList
 .text.vTaskInternalSetTimeOutState
                0x08008a54       0x2c ./Middlewares/Third_Party/FreeRTOS/Source/tasks.o
                0x08008a54                vTaskInternalSetTimeOutState
 .text.xTaskCheckForTimeOut
                0x08008a80       0xc8 ./Middlewares/Third_Party/FreeRTOS/Source/tasks.o
                0x08008a80                xTaskCheckForTimeOut
 .text.vTaskMissedYield
                0x08008b48       0x18 ./Middlewares/Third_Party/FreeRTOS/Source/tasks.o
                0x08008b48                vTaskMissedYield
 .text.prvIdleTask
                0x08008b60       0x30 ./Middlewares/Third_Party/FreeRTOS/Source/tasks.o
 .text.prvInitialiseTaskLists
                0x08008b90       0x80 ./Middlewares/Third_Party/FreeRTOS/Source/tasks.o
 .text.prvCheckTasksWaitingTermination
                0x08008c10       0x5c ./Middlewares/Third_Party/FreeRTOS/Source/tasks.o
 .text.prvDeleteTCB
                0x08008c6c       0x6a ./Middlewares/Third_Party/FreeRTOS/Source/tasks.o
 *fill*         0x08008cd6        0x2 
 .text.prvResetNextTaskUnblockTime
                0x08008cd8       0x40 ./Middlewares/Third_Party/FreeRTOS/Source/tasks.o
 .text.xTaskGetCurrentTaskHandle
                0x08008d18       0x20 ./Middlewares/Third_Party/FreeRTOS/Source/tasks.o
                0x08008d18                xTaskGetCurrentTaskHandle
 .text.xTaskGetSchedulerState
                0x08008d38       0x3c ./Middlewares/Third_Party/FreeRTOS/Source/tasks.o
                0x08008d38                xTaskGetSchedulerState
 .text.xTaskPriorityInherit
                0x08008d74       0xd0 ./Middlewares/Third_Party/FreeRTOS/Source/tasks.o
                0x08008d74                xTaskPriorityInherit
 .text.xTaskPriorityDisinherit
                0x08008e44       0xe0 ./Middlewares/Third_Party/FreeRTOS/Source/tasks.o
                0x08008e44                xTaskPriorityDisinherit
 .text.vTaskPriorityDisinheritAfterTimeout
                0x08008f24      0x108 ./Middlewares/Third_Party/FreeRTOS/Source/tasks.o
                0x08008f24                vTaskPriorityDisinheritAfterTimeout
 .text.pvTaskIncrementMutexHeldCount
                0x0800902c       0x28 ./Middlewares/Third_Party/FreeRTOS/Source/tasks.o
                0x0800902c                pvTaskIncrementMutexHeldCount
 .text.xTaskNotifyWait
                0x08009054       0xc0 ./Middlewares/Third_Party/FreeRTOS/Source/tasks.o
                0x08009054                xTaskNotifyWait
 .text.xTaskGenericNotify
                0x08009114      0x184 ./Middlewares/Third_Party/FreeRTOS/Source/tasks.o
                0x08009114                xTaskGenericNotify
 .text.xTaskGenericNotifyFromISR
                0x08009298      0x1cc ./Middlewares/Third_Party/FreeRTOS/Source/tasks.o
                0x08009298                xTaskGenericNotifyFromISR
 .text.prvAddCurrentTaskToDelayedList
                0x08009464       0xa8 ./Middlewares/Third_Party/FreeRTOS/Source/tasks.o
 .text.xTimerCreateTimerTask
                0x0800950c       0x94 ./Middlewares/Third_Party/FreeRTOS/Source/timers.o
                0x0800950c                xTimerCreateTimerTask
 .text.xTimerGenericCommand
                0x080095a0       0x9c ./Middlewares/Third_Party/FreeRTOS/Source/timers.o
                0x080095a0                xTimerGenericCommand
 .text.prvProcessExpiredTimer
                0x0800963c       0x9c ./Middlewares/Third_Party/FreeRTOS/Source/timers.o
 .text.prvTimerTask
                0x080096d8       0x26 ./Middlewares/Third_Party/FreeRTOS/Source/timers.o
 *fill*         0x080096fe        0x2 
 .text.prvProcessTimerOrBlockTask
                0x08009700       0x9c ./Middlewares/Third_Party/FreeRTOS/Source/timers.o
 .text.prvGetNextExpireTime
                0x0800979c       0x48 ./Middlewares/Third_Party/FreeRTOS/Source/timers.o
 .text.prvSampleTimeNow
                0x080097e4       0x40 ./Middlewares/Third_Party/FreeRTOS/Source/timers.o
 .text.prvInsertTimerInActiveList
                0x08009824       0x84 ./Middlewares/Third_Party/FreeRTOS/Source/timers.o
 .text.prvProcessReceivedCommands
                0x080098a8      0x1cc ./Middlewares/Third_Party/FreeRTOS/Source/timers.o
 .text.prvSwitchTimerLists
                0x08009a74       0xcc ./Middlewares/Third_Party/FreeRTOS/Source/timers.o
 .text.prvCheckForValidListAndQueue
                0x08009b40       0x80 ./Middlewares/Third_Party/FreeRTOS/Source/timers.o
 .text.pxPortInitialiseStack
                0x08009bc0       0x68 ./Middlewares/Third_Party/FreeRTOS/Source/portable/GCC/ARM_CM4F/port.o
                0x08009bc0                pxPortInitialiseStack
 .text.prvTaskExitError
                0x08009c28       0x5c ./Middlewares/Third_Party/FreeRTOS/Source/portable/GCC/ARM_CM4F/port.o
 *fill*         0x08009c84        0xc 
 .text.SVC_Handler
                0x08009c90       0x28 ./Middlewares/Third_Party/FreeRTOS/Source/portable/GCC/ARM_CM4F/port.o
                0x08009c90                SVC_Handler
 .text.prvPortStartFirstTask
                0x08009cb8       0x28 ./Middlewares/Third_Party/FreeRTOS/Source/portable/GCC/ARM_CM4F/port.o
 .text.xPortStartScheduler
                0x08009ce0      0x148 ./Middlewares/Third_Party/FreeRTOS/Source/portable/GCC/ARM_CM4F/port.o
                0x08009ce0                xPortStartScheduler
 .text.vPortEnterCritical
                0x08009e28       0x64 ./Middlewares/Third_Party/FreeRTOS/Source/portable/GCC/ARM_CM4F/port.o
                0x08009e28                vPortEnterCritical
 .text.vPortExitCritical
                0x08009e8c       0x54 ./Middlewares/Third_Party/FreeRTOS/Source/portable/GCC/ARM_CM4F/port.o
                0x08009e8c                vPortExitCritical
 .text.PendSV_Handler
                0x08009ee0       0x68 ./Middlewares/Third_Party/FreeRTOS/Source/portable/GCC/ARM_CM4F/port.o
                0x08009ee0                PendSV_Handler
 .text.xPortSysTickHandler
                0x08009f48       0x44 ./Middlewares/Third_Party/FreeRTOS/Source/portable/GCC/ARM_CM4F/port.o
                0x08009f48                xPortSysTickHandler
 .text.vPortSetupTimerInterrupt
                0x08009f8c       0x48 ./Middlewares/Third_Party/FreeRTOS/Source/portable/GCC/ARM_CM4F/port.o
                0x08009f8c                vPortSetupTimerInterrupt
 .text.vPortEnableVFP
                0x08009fd4       0x14 ./Middlewares/Third_Party/FreeRTOS/Source/portable/GCC/ARM_CM4F/port.o
 .text.vPortValidateInterruptPriority
                0x08009fe8       0x84 ./Middlewares/Third_Party/FreeRTOS/Source/portable/GCC/ARM_CM4F/port.o
                0x08009fe8                vPortValidateInterruptPriority
 .text.pvPortMalloc
                0x0800a06c      0x19c ./Middlewares/Third_Party/FreeRTOS/Source/portable/MemMang/heap_4.o
                0x0800a06c                pvPortMalloc
 .text.vPortFree
                0x0800a208       0xc8 ./Middlewares/Third_Party/FreeRTOS/Source/portable/MemMang/heap_4.o
                0x0800a208                vPortFree
 .text.prvHeapInit
                0x0800a2d0       0xc4 ./Middlewares/Third_Party/FreeRTOS/Source/portable/MemMang/heap_4.o
 .text.prvInsertBlockIntoFreeList
                0x0800a394       0xb4 ./Middlewares/Third_Party/FreeRTOS/Source/portable/MemMang/heap_4.o
 .text.sprintf  0x0800a448       0x44 C:/ST/STM32CubeIDE_1.19.0/STM32CubeIDE/plugins/com.st.stm32cube.ide.mcu.externaltools.gnu-tools-for-stm32.13.3.rel1.win32_1.0.0.202411081344/tools/bin/../lib/gcc/arm-none-eabi/13.3.1/../../../../arm-none-eabi/lib/thumb/v7e-m+fp/hard\libc_nano.a(libc_a-sprintf.o)
                0x0800a448                siprintf
                0x0800a448                sprintf
 .text.memset   0x0800a48c       0x10 C:/ST/STM32CubeIDE_1.19.0/STM32CubeIDE/plugins/com.st.stm32cube.ide.mcu.externaltools.gnu-tools-for-stm32.13.3.rel1.win32_1.0.0.202411081344/tools/bin/../lib/gcc/arm-none-eabi/13.3.1/../../../../arm-none-eabi/lib/thumb/v7e-m+fp/hard\libc_nano.a(libc_a-memset.o)
                0x0800a48c                memset
 .text._reclaim_reent
                0x0800a49c       0xbc C:/ST/STM32CubeIDE_1.19.0/STM32CubeIDE/plugins/com.st.stm32cube.ide.mcu.externaltools.gnu-tools-for-stm32.13.3.rel1.win32_1.0.0.202411081344/tools/bin/../lib/gcc/arm-none-eabi/13.3.1/../../../../arm-none-eabi/lib/thumb/v7e-m+fp/hard\libc_nano.a(libc_a-reent.o)
                0x0800a49c                _reclaim_reent
 .text.__errno  0x0800a558        0xc C:/ST/STM32CubeIDE_1.19.0/STM32CubeIDE/plugins/com.st.stm32cube.ide.mcu.externaltools.gnu-tools-for-stm32.13.3.rel1.win32_1.0.0.202411081344/tools/bin/../lib/gcc/arm-none-eabi/13.3.1/../../../../arm-none-eabi/lib/thumb/v7e-m+fp/hard\libc_nano.a(libc_a-errno.o)
                0x0800a558                __errno
 .text.__libc_init_array
                0x0800a564       0x48 C:/ST/STM32CubeIDE_1.19.0/STM32CubeIDE/plugins/com.st.stm32cube.ide.mcu.externaltools.gnu-tools-for-stm32.13.3.rel1.win32_1.0.0.202411081344/tools/bin/../lib/gcc/arm-none-eabi/13.3.1/../../../../arm-none-eabi/lib/thumb/v7e-m+fp/hard\libc_nano.a(libc_a-init.o)
                0x0800a564                __libc_init_array
 .text.__retarget_lock_acquire_recursive
                0x0800a5ac        0x2 C:/ST/STM32CubeIDE_1.19.0/STM32CubeIDE/plugins/com.st.stm32cube.ide.mcu.externaltools.gnu-tools-for-stm32.13.3.rel1.win32_1.0.0.202411081344/tools/bin/../lib/gcc/arm-none-eabi/13.3.1/../../../../arm-none-eabi/lib/thumb/v7e-m+fp/hard\libc_nano.a(libc_a-lock.o)
                0x0800a5ac                __retarget_lock_acquire_recursive
 .text.__retarget_lock_release_recursive
                0x0800a5ae        0x2 C:/ST/STM32CubeIDE_1.19.0/STM32CubeIDE/plugins/com.st.stm32cube.ide.mcu.externaltools.gnu-tools-for-stm32.13.3.rel1.win32_1.0.0.202411081344/tools/bin/../lib/gcc/arm-none-eabi/13.3.1/../../../../arm-none-eabi/lib/thumb/v7e-m+fp/hard\libc_nano.a(libc_a-lock.o)
                0x0800a5ae                __retarget_lock_release_recursive
 .text.memcpy   0x0800a5b0       0x1c C:/ST/STM32CubeIDE_1.19.0/STM32CubeIDE/plugins/com.st.stm32cube.ide.mcu.externaltools.gnu-tools-for-stm32.13.3.rel1.win32_1.0.0.202411081344/tools/bin/../lib/gcc/arm-none-eabi/13.3.1/../../../../arm-none-eabi/lib/thumb/v7e-m+fp/hard\libc_nano.a(libc_a-memcpy-stub.o)
                0x0800a5b0                memcpy
 .text._free_r  0x0800a5cc       0x94 C:/ST/STM32CubeIDE_1.19.0/STM32CubeIDE/plugins/com.st.stm32cube.ide.mcu.externaltools.gnu-tools-for-stm32.13.3.rel1.win32_1.0.0.202411081344/tools/bin/../lib/gcc/arm-none-eabi/13.3.1/../../../../arm-none-eabi/lib/thumb/v7e-m+fp/hard\libc_nano.a(libc_a-freer.o)
                0x0800a5cc                _free_r
 .text.sbrk_aligned
                0x0800a660       0x44 C:/ST/STM32CubeIDE_1.19.0/STM32CubeIDE/plugins/com.st.stm32cube.ide.mcu.externaltools.gnu-tools-for-stm32.13.3.rel1.win32_1.0.0.202411081344/tools/bin/../lib/gcc/arm-none-eabi/13.3.1/../../../../arm-none-eabi/lib/thumb/v7e-m+fp/hard\libc_nano.a(libc_a-mallocr.o)
 .text._malloc_r
                0x0800a6a4      0x100 C:/ST/STM32CubeIDE_1.19.0/STM32CubeIDE/plugins/com.st.stm32cube.ide.mcu.externaltools.gnu-tools-for-stm32.13.3.rel1.win32_1.0.0.202411081344/tools/bin/../lib/gcc/arm-none-eabi/13.3.1/../../../../arm-none-eabi/lib/thumb/v7e-m+fp/hard\libc_nano.a(libc_a-mallocr.o)
                0x0800a6a4                _malloc_r
 .text.__malloc_lock
                0x0800a7a4        0xc C:/ST/STM32CubeIDE_1.19.0/STM32CubeIDE/plugins/com.st.stm32cube.ide.mcu.externaltools.gnu-tools-for-stm32.13.3.rel1.win32_1.0.0.202411081344/tools/bin/../lib/gcc/arm-none-eabi/13.3.1/../../../../arm-none-eabi/lib/thumb/v7e-m+fp/hard\libc_nano.a(libc_a-mlock.o)
                0x0800a7a4                __malloc_lock
 .text.__malloc_unlock
                0x0800a7b0        0xc C:/ST/STM32CubeIDE_1.19.0/STM32CubeIDE/plugins/com.st.stm32cube.ide.mcu.externaltools.gnu-tools-for-stm32.13.3.rel1.win32_1.0.0.202411081344/tools/bin/../lib/gcc/arm-none-eabi/13.3.1/../../../../arm-none-eabi/lib/thumb/v7e-m+fp/hard\libc_nano.a(libc_a-mlock.o)
                0x0800a7b0                __malloc_unlock
 .text.__ssputs_r
                0x0800a7bc       0xb6 C:/ST/STM32CubeIDE_1.19.0/STM32CubeIDE/plugins/com.st.stm32cube.ide.mcu.externaltools.gnu-tools-for-stm32.13.3.rel1.win32_1.0.0.202411081344/tools/bin/../lib/gcc/arm-none-eabi/13.3.1/../../../../arm-none-eabi/lib/thumb/v7e-m+fp/hard\libc_nano.a(libc_a-nano-svfprintf.o)
                0x0800a7bc                __ssputs_r
 *fill*         0x0800a872        0x2 
 .text._svfprintf_r
                0x0800a874      0x1f8 C:/ST/STM32CubeIDE_1.19.0/STM32CubeIDE/plugins/com.st.stm32cube.ide.mcu.externaltools.gnu-tools-for-stm32.13.3.rel1.win32_1.0.0.202411081344/tools/bin/../lib/gcc/arm-none-eabi/13.3.1/../../../../arm-none-eabi/lib/thumb/v7e-m+fp/hard\libc_nano.a(libc_a-nano-svfprintf.o)
                0x0800a874                _svfiprintf_r
                0x0800a874                _svfprintf_r
 .text._printf_common
                0x0800aa6c       0xda C:/ST/STM32CubeIDE_1.19.0/STM32CubeIDE/plugins/com.st.stm32cube.ide.mcu.externaltools.gnu-tools-for-stm32.13.3.rel1.win32_1.0.0.202411081344/tools/bin/../lib/gcc/arm-none-eabi/13.3.1/../../../../arm-none-eabi/lib/thumb/v7e-m+fp/hard\libc_nano.a(libc_a-nano-vfprintf_i.o)
                0x0800aa6c                _printf_common
 *fill*         0x0800ab46        0x2 
 .text._printf_i
                0x0800ab48      0x23c C:/ST/STM32CubeIDE_1.19.0/STM32CubeIDE/plugins/com.st.stm32cube.ide.mcu.externaltools.gnu-tools-for-stm32.13.3.rel1.win32_1.0.0.202411081344/tools/bin/../lib/gcc/arm-none-eabi/13.3.1/../../../../arm-none-eabi/lib/thumb/v7e-m+fp/hard\libc_nano.a(libc_a-nano-vfprintf_i.o)
                0x0800ab48                _printf_i
 .text.memmove  0x0800ad84       0x34 C:/ST/STM32CubeIDE_1.19.0/STM32CubeIDE/plugins/com.st.stm32cube.ide.mcu.externaltools.gnu-tools-for-stm32.13.3.rel1.win32_1.0.0.202411081344/tools/bin/../lib/gcc/arm-none-eabi/13.3.1/../../../../arm-none-eabi/lib/thumb/v7e-m+fp/hard\libc_nano.a(libc_a-memmove.o)
                0x0800ad84                memmove
 .text._sbrk_r  0x0800adb8       0x20 C:/ST/STM32CubeIDE_1.19.0/STM32CubeIDE/plugins/com.st.stm32cube.ide.mcu.externaltools.gnu-tools-for-stm32.13.3.rel1.win32_1.0.0.202411081344/tools/bin/../lib/gcc/arm-none-eabi/13.3.1/../../../../arm-none-eabi/lib/thumb/v7e-m+fp/hard\libc_nano.a(libc_a-sbrkr.o)
                0x0800adb8                _sbrk_r
 .text._realloc_r
                0x0800add8       0x5c C:/ST/STM32CubeIDE_1.19.0/STM32CubeIDE/plugins/com.st.stm32cube.ide.mcu.externaltools.gnu-tools-for-stm32.13.3.rel1.win32_1.0.0.202411081344/tools/bin/../lib/gcc/arm-none-eabi/13.3.1/../../../../arm-none-eabi/lib/thumb/v7e-m+fp/hard\libc_nano.a(libc_a-reallocr.o)
                0x0800add8                _realloc_r
 .text._malloc_usable_size_r
                0x0800ae34       0x10 C:/ST/STM32CubeIDE_1.19.0/STM32CubeIDE/plugins/com.st.stm32cube.ide.mcu.externaltools.gnu-tools-for-stm32.13.3.rel1.win32_1.0.0.202411081344/tools/bin/../lib/gcc/arm-none-eabi/13.3.1/../../../../arm-none-eabi/lib/thumb/v7e-m+fp/hard\libc_nano.a(libc_a-msizer.o)
                0x0800ae34                _malloc_usable_size_r
 *(.glue_7)
 .glue_7        0x0800ae44        0x0 linker stubs
 *(.glue_7t)
 .glue_7t       0x0800ae44        0x0 linker stubs
 *(.eh_frame)
 .eh_frame      0x0800ae44        0x0 C:/ST/STM32CubeIDE_1.19.0/STM32CubeIDE/plugins/com.st.stm32cube.ide.mcu.externaltools.gnu-tools-for-stm32.13.3.rel1.win32_1.0.0.202411081344/tools/bin/../lib/gcc/arm-none-eabi/13.3.1/thumb/v7e-m+fp/hard/crtbegin.o
 *(.init)
 .init          0x0800ae44        0x4 C:/ST/STM32CubeIDE_1.19.0/STM32CubeIDE/plugins/com.st.stm32cube.ide.mcu.externaltools.gnu-tools-for-stm32.13.3.rel1.win32_1.0.0.202411081344/tools/bin/../lib/gcc/arm-none-eabi/13.3.1/thumb/v7e-m+fp/hard/crti.o
                0x0800ae44                _init
 .init          0x0800ae48        0x8 C:/ST/STM32CubeIDE_1.19.0/STM32CubeIDE/plugins/com.st.stm32cube.ide.mcu.externaltools.gnu-tools-for-stm32.13.3.rel1.win32_1.0.0.202411081344/tools/bin/../lib/gcc/arm-none-eabi/13.3.1/thumb/v7e-m+fp/hard/crtn.o
 *(.fini)
 .fini          0x0800ae50        0x4 C:/ST/STM32CubeIDE_1.19.0/STM32CubeIDE/plugins/com.st.stm32cube.ide.mcu.externaltools.gnu-tools-for-stm32.13.3.rel1.win32_1.0.0.202411081344/tools/bin/../lib/gcc/arm-none-eabi/13.3.1/thumb/v7e-m+fp/hard/crti.o
                0x0800ae50                _fini
 .fini          0x0800ae54        0x8 C:/ST/STM32CubeIDE_1.19.0/STM32CubeIDE/plugins/com.st.stm32cube.ide.mcu.externaltools.gnu-tools-for-stm32.13.3.rel1.win32_1.0.0.202411081344/tools/bin/../lib/gcc/arm-none-eabi/13.3.1/thumb/v7e-m+fp/hard/crtn.o
                0x0800ae5c                        . = ALIGN (0x4)
                0x0800ae5c                        _etext = .

.vfp11_veneer   0x0800ae5c        0x0
 .vfp11_veneer  0x0800ae5c        0x0 linker stubs

.v4_bx          0x0800ae5c        0x0
 .v4_bx         0x0800ae5c        0x0 linker stubs

.iplt           0x0800ae5c        0x0
 .iplt          0x0800ae5c        0x0 C:/ST/STM32CubeIDE_1.19.0/STM32CubeIDE/plugins/com.st.stm32cube.ide.mcu.externaltools.gnu-tools-for-stm32.13.3.rel1.win32_1.0.0.202411081344/tools/bin/../lib/gcc/arm-none-eabi/13.3.1/thumb/v7e-m+fp/hard/crtbegin.o

.rodata         0x0800ae5c      0x4ec
                0x0800ae5c                        . = ALIGN (0x4)
 *(.rodata)
 .rodata        0x0800ae5c       0x21 ./Core/Src/EEPROM.o
 *fill*         0x0800ae7d        0x3 
 .rodata        0x0800ae80       0x81 ./Core/Src/SET_TIME_AND_DATE.o
 *fill*         0x0800af01        0x3 
 .rodata        0x0800af04      0x1ee ./Core/Src/WIFI.o
 *fill*         0x0800b0f2        0x2 
 .rodata        0x0800b0f4       0xf3 ./Core/Src/main.o
 *fill*         0x0800b1e7        0x1 
 .rodata        0x0800b1e8        0x5 ./Middlewares/Third_Party/FreeRTOS/Source/tasks.o
 *fill*         0x0800b1ed        0x3 
 .rodata        0x0800b1f0        0xd ./Middlewares/Third_Party/FreeRTOS/Source/timers.o
 *(.rodata*)
 *fill*         0x0800b1fd        0x3 
 .rodata.Task_1_attributes
                0x0800b200       0x24 ./Core/Src/main.o
                0x0800b200                Task_1_attributes
 .rodata.Task_2_attributes
                0x0800b224       0x24 ./Core/Src/main.o
                0x0800b224                Task_2_attributes
 .rodata.Task_3_attributes
                0x0800b248       0x24 ./Core/Src/main.o
                0x0800b248                Task_3_attributes
 .rodata.Task_4_attributes
                0x0800b26c       0x24 ./Core/Src/main.o
                0x0800b26c                Task_4_attributes
 .rodata.Task_5_attributes
                0x0800b290       0x24 ./Core/Src/main.o
                0x0800b290                Task_5_attributes
 .rodata.myQueue01_attributes
                0x0800b2b4       0x18 ./Core/Src/main.o
                0x0800b2b4                myQueue01_attributes
 .rodata.myMutex01_attributes
                0x0800b2cc       0x10 ./Core/Src/main.o
                0x0800b2cc                myMutex01_attributes
 .rodata.myBinarySem01_attributes
                0x0800b2dc       0x10 ./Core/Src/main.o
                0x0800b2dc                myBinarySem01_attributes
 .rodata.myEvent01_attributes
                0x0800b2ec       0x10 ./Core/Src/main.o
                0x0800b2ec                myEvent01_attributes
 .rodata.AHBPrescTable
                0x0800b2fc       0x10 ./Core/Src/system_stm32f4xx.o
                0x0800b2fc                AHBPrescTable
 .rodata.APBPrescTable
                0x0800b30c        0x8 ./Core/Src/system_stm32f4xx.o
                0x0800b30c                APBPrescTable
 .rodata._svfprintf_r.str1.1
                0x0800b314       0x33 C:/ST/STM32CubeIDE_1.19.0/STM32CubeIDE/plugins/com.st.stm32cube.ide.mcu.externaltools.gnu-tools-for-stm32.13.3.rel1.win32_1.0.0.202411081344/tools/bin/../lib/gcc/arm-none-eabi/13.3.1/../../../../arm-none-eabi/lib/thumb/v7e-m+fp/hard\libc_nano.a(libc_a-nano-svfprintf.o)
                                 0x11 (size before relaxing)
 .rodata._printf_i.str1.1
                0x0800b347       0x22 C:/ST/STM32CubeIDE_1.19.0/STM32CubeIDE/plugins/com.st.stm32cube.ide.mcu.externaltools.gnu-tools-for-stm32.13.3.rel1.win32_1.0.0.202411081344/tools/bin/../lib/gcc/arm-none-eabi/13.3.1/../../../../arm-none-eabi/lib/thumb/v7e-m+fp/hard\libc_nano.a(libc_a-nano-vfprintf_i.o)
                0x0800b36c                        . = ALIGN (0x4)
 *fill*         0x0800b347        0x1 

.ARM.extab      0x0800b348        0x0
                0x0800b348                        . = ALIGN (0x4)
 *(.ARM.extab* .gnu.linkonce.armextab.*)
                0x0800b348                        . = ALIGN (0x4)

.ARM            0x0800b348        0x8
                0x0800b348                        . = ALIGN (0x4)
                0x0800b348                        __exidx_start = .
 *(.ARM.exidx*)
 .ARM.exidx     0x0800b348        0x8 C:/ST/STM32CubeIDE_1.19.0/STM32CubeIDE/plugins/com.st.stm32cube.ide.mcu.externaltools.gnu-tools-for-stm32.13.3.rel1.win32_1.0.0.202411081344/tools/bin/../lib/gcc/arm-none-eabi/13.3.1/../../../../arm-none-eabi/lib/thumb/v7e-m+fp/hard\libc_nano.a(libc_a-memchr.o)
 .ARM.exidx     0x0800b350        0x0 C:/ST/STM32CubeIDE_1.19.0/STM32CubeIDE/plugins/com.st.stm32cube.ide.mcu.externaltools.gnu-tools-for-stm32.13.3.rel1.win32_1.0.0.202411081344/tools/bin/../lib/gcc/arm-none-eabi/13.3.1/thumb/v7e-m+fp/hard\libgcc.a(_udivmoddi4.o)
                                  0x8 (size before relaxing)
                0x0800b350                        __exidx_end = .
                0x0800b350                        . = ALIGN (0x4)

.preinit_array  0x0800b350        0x0
                0x0800b350                        . = ALIGN (0x4)
                0x0800b350                        PROVIDE (__preinit_array_start = .)
 *(.preinit_array*)
                0x0800b350                        PROVIDE (__preinit_array_end = .)
                0x0800b350                        . = ALIGN (0x4)

.init_array     0x0800b350        0x4
                0x0800b350                        . = ALIGN (0x4)
                0x0800b350                        PROVIDE (__init_array_start = .)
 *(SORT_BY_NAME(.init_array.*))
 *(.init_array*)
 .init_array    0x0800b350        0x4 C:/ST/STM32CubeIDE_1.19.0/STM32CubeIDE/plugins/com.st.stm32cube.ide.mcu.externaltools.gnu-tools-for-stm32.13.3.rel1.win32_1.0.0.202411081344/tools/bin/../lib/gcc/arm-none-eabi/13.3.1/thumb/v7e-m+fp/hard/crtbegin.o
                0x0800b354                        PROVIDE (__init_array_end = .)
                0x0800b354                        . = ALIGN (0x4)

.fini_array     0x0800b354        0x4
                0x0800b354                        . = ALIGN (0x4)
                [!provide]                        PROVIDE (__fini_array_start = .)
 *(SORT_BY_NAME(.fini_array.*))
 *(.fini_array*)
 .fini_array    0x0800b354        0x4 C:/ST/STM32CubeIDE_1.19.0/STM32CubeIDE/plugins/com.st.stm32cube.ide.mcu.externaltools.gnu-tools-for-stm32.13.3.rel1.win32_1.0.0.202411081344/tools/bin/../lib/gcc/arm-none-eabi/13.3.1/thumb/v7e-m+fp/hard/crtbegin.o
                [!provide]                        PROVIDE (__fini_array_end = .)
                0x0800b358                        . = ALIGN (0x4)
                0x0800b358                        _sidata = LOADADDR (.data)

.rel.dyn        0x0800b358        0x0
 .rel.iplt      0x0800b358        0x0 C:/ST/STM32CubeIDE_1.19.0/STM32CubeIDE/plugins/com.st.stm32cube.ide.mcu.externaltools.gnu-tools-for-stm32.13.3.rel1.win32_1.0.0.202411081344/tools/bin/../lib/gcc/arm-none-eabi/13.3.1/thumb/v7e-m+fp/hard/crtbegin.o

.data           0x20000000       0x60 load address 0x0800b358
                0x20000000                        . = ALIGN (0x4)
                0x20000000                        _sdata = .
 *(.data)
 *(.data*)
 .data.SystemCoreClock
                0x20000000        0x4 ./Core/Src/system_stm32f4xx.o
                0x20000000                SystemCoreClock
 .data.uwTickPrio
                0x20000004        0x4 ./Drivers/STM32F4xx_HAL_Driver/Src/stm32f4xx_hal.o
                0x20000004                uwTickPrio
 .data.uwTickFreq
                0x20000008        0x1 ./Drivers/STM32F4xx_HAL_Driver/Src/stm32f4xx_hal.o
                0x20000008                uwTickFreq
 *fill*         0x20000009        0x3 
 .data.uxCriticalNesting
                0x2000000c        0x4 ./Middlewares/Third_Party/FreeRTOS/Source/portable/GCC/ARM_CM4F/port.o
 .data._impure_ptr
                0x20000010        0x4 C:/ST/STM32CubeIDE_1.19.0/STM32CubeIDE/plugins/com.st.stm32cube.ide.mcu.externaltools.gnu-tools-for-stm32.13.3.rel1.win32_1.0.0.202411081344/tools/bin/../lib/gcc/arm-none-eabi/13.3.1/../../../../arm-none-eabi/lib/thumb/v7e-m+fp/hard\libc_nano.a(libc_a-impure.o)
                0x20000010                _impure_ptr
 .data._impure_data
                0x20000014       0x4c C:/ST/STM32CubeIDE_1.19.0/STM32CubeIDE/plugins/com.st.stm32cube.ide.mcu.externaltools.gnu-tools-for-stm32.13.3.rel1.win32_1.0.0.202411081344/tools/bin/../lib/gcc/arm-none-eabi/13.3.1/../../../../arm-none-eabi/lib/thumb/v7e-m+fp/hard\libc_nano.a(libc_a-impure.o)
                0x20000014                _impure_data
 *(.RamFunc)
 *(.RamFunc*)
                0x20000060                        . = ALIGN (0x4)
                0x20000060                        _edata = .

.igot.plt       0x20000060        0x0 load address 0x0800b3b8
 .igot.plt      0x20000060        0x0 C:/ST/STM32CubeIDE_1.19.0/STM32CubeIDE/plugins/com.st.stm32cube.ide.mcu.externaltools.gnu-tools-for-stm32.13.3.rel1.win32_1.0.0.202411081344/tools/bin/../lib/gcc/arm-none-eabi/13.3.1/thumb/v7e-m+fp/hard/crtbegin.o
                0x20000060                        . = ALIGN (0x4)

.bss            0x20000060     0x4df4 load address 0x0800b3b8
                0x20000060                        _sbss = .
                0x20000060                        __bss_start__ = _sbss
 *(.bss)
 .bss           0x20000060       0x1c C:/ST/STM32CubeIDE_1.19.0/STM32CubeIDE/plugins/com.st.stm32cube.ide.mcu.externaltools.gnu-tools-for-stm32.13.3.rel1.win32_1.0.0.202411081344/tools/bin/../lib/gcc/arm-none-eabi/13.3.1/thumb/v7e-m+fp/hard/crtbegin.o
 *(.bss*)
 .bss.ent_switch
                0x2000007c        0x4 ./Core/Src/SET_TIME_AND_DATE.o
                0x2000007c                ent_switch
 .bss.rtc       0x20000080        0x7 ./Core/Src/SET_TIME_AND_DATE.o
                0x20000080                rtc
 *fill*         0x20000087        0x1 
 .bss.rx_buffer
                0x20000088       0x64 ./Core/Src/WIFI.o
                0x20000088                rx_buffer
 .bss.data_buffer
                0x200000ec       0x64 ./Core/Src/WIFI.o
                0x200000ec                data_buffer
 .bss.length    0x20000150        0x4 ./Core/Src/WIFI.o
                0x20000150                length
 .bss.length_buffer
                0x20000154       0x64 ./Core/Src/WIFI.o
                0x20000154                length_buffer
 .bss.tcp_connected
                0x200001b8        0x4 ./Core/Src/WIFI.o
                0x200001b8                tcp_connected
 .bss.hadc1     0x200001bc       0x48 ./Core/Src/main.o
                0x200001bc                hadc1
 .bss.hi2c1     0x20000204       0x54 ./Core/Src/main.o
                0x20000204                hi2c1
 .bss.huart6    0x20000258       0x48 ./Core/Src/main.o
                0x20000258                huart6
 .bss.Task_1Handle
                0x200002a0        0x4 ./Core/Src/main.o
                0x200002a0                Task_1Handle
 .bss.Task_2Handle
                0x200002a4        0x4 ./Core/Src/main.o
                0x200002a4                Task_2Handle
 .bss.Task_3Handle
                0x200002a8        0x4 ./Core/Src/main.o
                0x200002a8                Task_3Handle
 .bss.Task_4Handle
                0x200002ac        0x4 ./Core/Src/main.o
                0x200002ac                Task_4Handle
 .bss.Task_5Handle
                0x200002b0        0x4 ./Core/Src/main.o
                0x200002b0                Task_5Handle
 .bss.myQueue01Handle
                0x200002b4        0x4 ./Core/Src/main.o
                0x200002b4                myQueue01Handle
 .bss.myMutex01Handle
                0x200002b8        0x4 ./Core/Src/main.o
                0x200002b8                myMutex01Handle
 .bss.myBinarySem01Handle
                0x200002bc        0x4 ./Core/Src/main.o
                0x200002bc                myBinarySem01Handle
 .bss.myEvent01Handle
                0x200002c0        0x4 ./Core/Src/main.o
                0x200002c0                myEvent01Handle
 .bss.TEMP_value
                0x200002c4        0x4 ./Core/Src/main.o
                0x200002c4                TEMP_value
 .bss.TEMP      0x200002c8        0x4 ./Core/Src/main.o
                0x200002c8                TEMP
 .bss.ERROR_WIFI
                0x200002cc        0x4 ./Core/Src/main.o
                0x200002cc                ERROR_WIFI
 .bss.ret       0x200002d0        0x4 ./Core/Src/main.o
                0x200002d0                ret
 .bss.htim1     0x200002d4       0x48 ./Core/Src/stm32f4xx_hal_timebase_tim.o
                0x200002d4                htim1
 .bss.__sbrk_heap_end
                0x2000031c        0x4 ./Core/Src/sysmem.o
 .bss.uwTick    0x20000320        0x4 ./Drivers/STM32F4xx_HAL_Driver/Src/stm32f4xx_hal.o
                0x20000320                uwTick
 .bss.KernelState
                0x20000324        0x4 ./Middlewares/Third_Party/FreeRTOS/Source/CMSIS_RTOS_V2/cmsis_os2.o
 .bss.Idle_TCB.3
                0x20000328       0xa8 ./Middlewares/Third_Party/FreeRTOS/Source/CMSIS_RTOS_V2/cmsis_os2.o
 .bss.Idle_Stack.2
                0x200003d0      0x200 ./Middlewares/Third_Party/FreeRTOS/Source/CMSIS_RTOS_V2/cmsis_os2.o
 .bss.Timer_TCB.1
                0x200005d0       0xa8 ./Middlewares/Third_Party/FreeRTOS/Source/CMSIS_RTOS_V2/cmsis_os2.o
 .bss.Timer_Stack.0
                0x20000678      0x400 ./Middlewares/Third_Party/FreeRTOS/Source/CMSIS_RTOS_V2/cmsis_os2.o
 .bss.xQueueRegistry
                0x20000a78       0x40 ./Middlewares/Third_Party/FreeRTOS/Source/queue.o
                0x20000a78                xQueueRegistry
 .bss.pxCurrentTCB
                0x20000ab8        0x4 ./Middlewares/Third_Party/FreeRTOS/Source/tasks.o
                0x20000ab8                pxCurrentTCB
 .bss.pxReadyTasksLists
                0x20000abc      0x460 ./Middlewares/Third_Party/FreeRTOS/Source/tasks.o
 .bss.xDelayedTaskList1
                0x20000f1c       0x14 ./Middlewares/Third_Party/FreeRTOS/Source/tasks.o
 .bss.xDelayedTaskList2
                0x20000f30       0x14 ./Middlewares/Third_Party/FreeRTOS/Source/tasks.o
 .bss.pxDelayedTaskList
                0x20000f44        0x4 ./Middlewares/Third_Party/FreeRTOS/Source/tasks.o
 .bss.pxOverflowDelayedTaskList
                0x20000f48        0x4 ./Middlewares/Third_Party/FreeRTOS/Source/tasks.o
 .bss.xPendingReadyList
                0x20000f4c       0x14 ./Middlewares/Third_Party/FreeRTOS/Source/tasks.o
 .bss.xTasksWaitingTermination
                0x20000f60       0x14 ./Middlewares/Third_Party/FreeRTOS/Source/tasks.o
 .bss.uxDeletedTasksWaitingCleanUp
                0x20000f74        0x4 ./Middlewares/Third_Party/FreeRTOS/Source/tasks.o
 .bss.xSuspendedTaskList
                0x20000f78       0x14 ./Middlewares/Third_Party/FreeRTOS/Source/tasks.o
 .bss.uxCurrentNumberOfTasks
                0x20000f8c        0x4 ./Middlewares/Third_Party/FreeRTOS/Source/tasks.o
 .bss.xTickCount
                0x20000f90        0x4 ./Middlewares/Third_Party/FreeRTOS/Source/tasks.o
 .bss.uxTopReadyPriority
                0x20000f94        0x4 ./Middlewares/Third_Party/FreeRTOS/Source/tasks.o
 .bss.xSchedulerRunning
                0x20000f98        0x4 ./Middlewares/Third_Party/FreeRTOS/Source/tasks.o
 .bss.xPendedTicks
                0x20000f9c        0x4 ./Middlewares/Third_Party/FreeRTOS/Source/tasks.o
 .bss.xYieldPending
                0x20000fa0        0x4 ./Middlewares/Third_Party/FreeRTOS/Source/tasks.o
 .bss.xNumOfOverflows
                0x20000fa4        0x4 ./Middlewares/Third_Party/FreeRTOS/Source/tasks.o
 .bss.uxTaskNumber
                0x20000fa8        0x4 ./Middlewares/Third_Party/FreeRTOS/Source/tasks.o
 .bss.xNextTaskUnblockTime
                0x20000fac        0x4 ./Middlewares/Third_Party/FreeRTOS/Source/tasks.o
 .bss.xIdleTaskHandle
                0x20000fb0        0x4 ./Middlewares/Third_Party/FreeRTOS/Source/tasks.o
 .bss.uxSchedulerSuspended
                0x20000fb4        0x4 ./Middlewares/Third_Party/FreeRTOS/Source/tasks.o
 .bss.xActiveTimerList1
                0x20000fb8       0x14 ./Middlewares/Third_Party/FreeRTOS/Source/timers.o
 .bss.xActiveTimerList2
                0x20000fcc       0x14 ./Middlewares/Third_Party/FreeRTOS/Source/timers.o
 .bss.pxCurrentTimerList
                0x20000fe0        0x4 ./Middlewares/Third_Party/FreeRTOS/Source/timers.o
 .bss.pxOverflowTimerList
                0x20000fe4        0x4 ./Middlewares/Third_Party/FreeRTOS/Source/timers.o
 .bss.xTimerQueue
                0x20000fe8        0x4 ./Middlewares/Third_Party/FreeRTOS/Source/timers.o
 .bss.xTimerTaskHandle
                0x20000fec        0x4 ./Middlewares/Third_Party/FreeRTOS/Source/timers.o
 .bss.xLastTime.2
                0x20000ff0        0x4 ./Middlewares/Third_Party/FreeRTOS/Source/timers.o
 .bss.ucStaticTimerQueueStorage.1
                0x20000ff4       0xa0 ./Middlewares/Third_Party/FreeRTOS/Source/timers.o
 .bss.xStaticTimerQueue.0
                0x20001094       0x50 ./Middlewares/Third_Party/FreeRTOS/Source/timers.o
 .bss.ucMaxSysCallPriority
                0x200010e4        0x1 ./Middlewares/Third_Party/FreeRTOS/Source/portable/GCC/ARM_CM4F/port.o
 *fill*         0x200010e5        0x3 
 .bss.ulMaxPRIGROUPValue
                0x200010e8        0x4 ./Middlewares/Third_Party/FreeRTOS/Source/portable/GCC/ARM_CM4F/port.o
 .bss.ucHeap    0x200010ec     0x3c00 ./Middlewares/Third_Party/FreeRTOS/Source/portable/MemMang/heap_4.o
 .bss.xStart    0x20004cec        0x8 ./Middlewares/Third_Party/FreeRTOS/Source/portable/MemMang/heap_4.o
 .bss.pxEnd     0x20004cf4        0x4 ./Middlewares/Third_Party/FreeRTOS/Source/portable/MemMang/heap_4.o
 .bss.xFreeBytesRemaining
                0x20004cf8        0x4 ./Middlewares/Third_Party/FreeRTOS/Source/portable/MemMang/heap_4.o
 .bss.xMinimumEverFreeBytesRemaining
                0x20004cfc        0x4 ./Middlewares/Third_Party/FreeRTOS/Source/portable/MemMang/heap_4.o
 .bss.xNumberOfSuccessfulAllocations
                0x20004d00        0x4 ./Middlewares/Third_Party/FreeRTOS/Source/portable/MemMang/heap_4.o
 .bss.xNumberOfSuccessfulFrees
                0x20004d04        0x4 ./Middlewares/Third_Party/FreeRTOS/Source/portable/MemMang/heap_4.o
 .bss.xBlockAllocatedBit
                0x20004d08        0x4 ./Middlewares/Third_Party/FreeRTOS/Source/portable/MemMang/heap_4.o
 .bss.__sf      0x20004d0c      0x138 C:/ST/STM32CubeIDE_1.19.0/STM32CubeIDE/plugins/com.st.stm32cube.ide.mcu.externaltools.gnu-tools-for-stm32.13.3.rel1.win32_1.0.0.202411081344/tools/bin/../lib/gcc/arm-none-eabi/13.3.1/../../../../arm-none-eabi/lib/thumb/v7e-m+fp/hard\libc_nano.a(libc_a-findfp.o)
                0x20004d0c                __sf
 .bss.errno     0x20004e44        0x4 C:/ST/STM32CubeIDE_1.19.0/STM32CubeIDE/plugins/com.st.stm32cube.ide.mcu.externaltools.gnu-tools-for-stm32.13.3.rel1.win32_1.0.0.202411081344/tools/bin/../lib/gcc/arm-none-eabi/13.3.1/../../../../arm-none-eabi/lib/thumb/v7e-m+fp/hard\libc_nano.a(libc_a-reent.o)
                0x20004e44                errno
 .bss.__lock___malloc_recursive_mutex
                0x20004e48        0x1 C:/ST/STM32CubeIDE_1.19.0/STM32CubeIDE/plugins/com.st.stm32cube.ide.mcu.externaltools.gnu-tools-for-stm32.13.3.rel1.win32_1.0.0.202411081344/tools/bin/../lib/gcc/arm-none-eabi/13.3.1/../../../../arm-none-eabi/lib/thumb/v7e-m+fp/hard\libc_nano.a(libc_a-lock.o)
                0x20004e48                __lock___malloc_recursive_mutex
 *fill*         0x20004e49        0x3 
 .bss.__malloc_sbrk_start
                0x20004e4c        0x4 C:/ST/STM32CubeIDE_1.19.0/STM32CubeIDE/plugins/com.st.stm32cube.ide.mcu.externaltools.gnu-tools-for-stm32.13.3.rel1.win32_1.0.0.202411081344/tools/bin/../lib/gcc/arm-none-eabi/13.3.1/../../../../arm-none-eabi/lib/thumb/v7e-m+fp/hard\libc_nano.a(libc_a-mallocr.o)
                0x20004e4c                __malloc_sbrk_start
 .bss.__malloc_free_list
                0x20004e50        0x4 C:/ST/STM32CubeIDE_1.19.0/STM32CubeIDE/plugins/com.st.stm32cube.ide.mcu.externaltools.gnu-tools-for-stm32.13.3.rel1.win32_1.0.0.202411081344/tools/bin/../lib/gcc/arm-none-eabi/13.3.1/../../../../arm-none-eabi/lib/thumb/v7e-m+fp/hard\libc_nano.a(libc_a-mallocr.o)
                0x20004e50                __malloc_free_list
 *(COMMON)
                0x20004e54                        . = ALIGN (0x4)
                0x20004e54                        _ebss = .
                0x20004e54                        __bss_end__ = _ebss

._user_heap_stack
                0x20004e54      0x604 load address 0x0800b3b8
                0x20004e58                        . = ALIGN (0x8)
 *fill*         0x20004e54        0x4 
                [!provide]                        PROVIDE (end = .)
                0x20004e58                        PROVIDE (_end = .)
                0x20005058                        . = (. + _Min_Heap_Size)
 *fill*         0x20004e58      0x200 
                0x20005458                        . = (. + _Min_Stack_Size)
 *fill*         0x20005058      0x400 
                0x20005458                        . = ALIGN (0x8)

/DISCARD/
 libc.a(*)
 libm.a(*)
 libgcc.a(*)

.ARM.attributes
                0x00000000       0x30
 *(.ARM.attributes)
 .ARM.attributes
                0x00000000       0x22 C:/ST/STM32CubeIDE_1.19.0/STM32CubeIDE/plugins/com.st.stm32cube.ide.mcu.externaltools.gnu-tools-for-stm32.13.3.rel1.win32_1.0.0.202411081344/tools/bin/../lib/gcc/arm-none-eabi/13.3.1/thumb/v7e-m+fp/hard/crti.o
 .ARM.attributes
                0x00000022       0x34 C:/ST/STM32CubeIDE_1.19.0/STM32CubeIDE/plugins/com.st.stm32cube.ide.mcu.externaltools.gnu-tools-for-stm32.13.3.rel1.win32_1.0.0.202411081344/tools/bin/../lib/gcc/arm-none-eabi/13.3.1/thumb/v7e-m+fp/hard/crtbegin.o
 .ARM.attributes
                0x00000056       0x34 ./Core/Src/EEPROM.o
 .ARM.attributes
                0x0000008a       0x34 ./Core/Src/LCD.o
 .ARM.attributes
                0x000000be       0x34 ./Core/Src/RTC.o
 .ARM.attributes
                0x000000f2       0x34 ./Core/Src/SET_TIME_AND_DATE.o
 .ARM.attributes
                0x00000126       0x34 ./Core/Src/WIFI.o
 .ARM.attributes
                0x0000015a       0x34 ./Core/Src/main.o
 .ARM.attributes
                0x0000018e       0x34 ./Core/Src/stm32f4xx_hal_msp.o
 .ARM.attributes
                0x000001c2       0x34 ./Core/Src/stm32f4xx_hal_timebase_tim.o
 .ARM.attributes
                0x000001f6       0x34 ./Core/Src/stm32f4xx_it.o
 .ARM.attributes
                0x0000022a       0x34 ./Core/Src/sysmem.o
 .ARM.attributes
                0x0000025e       0x34 ./Core/Src/system_stm32f4xx.o
 .ARM.attributes
                0x00000292       0x21 ./Core/Startup/startup_stm32f401rbtx.o
 .ARM.attributes
                0x000002b3       0x34 ./Drivers/STM32F4xx_HAL_Driver/Src/stm32f4xx_hal.o
 .ARM.attributes
                0x000002e7       0x34 ./Drivers/STM32F4xx_HAL_Driver/Src/stm32f4xx_hal_adc.o
 .ARM.attributes
                0x0000031b       0x34 ./Drivers/STM32F4xx_HAL_Driver/Src/stm32f4xx_hal_adc_ex.o
 .ARM.attributes
                0x0000034f       0x34 ./Drivers/STM32F4xx_HAL_Driver/Src/stm32f4xx_hal_cortex.o
 .ARM.attributes
                0x00000383       0x34 ./Drivers/STM32F4xx_HAL_Driver/Src/stm32f4xx_hal_gpio.o
 .ARM.attributes
                0x000003b7       0x34 ./Drivers/STM32F4xx_HAL_Driver/Src/stm32f4xx_hal_i2c.o
 .ARM.attributes
                0x000003eb       0x34 ./Drivers/STM32F4xx_HAL_Driver/Src/stm32f4xx_hal_rcc.o
 .ARM.attributes
                0x0000041f       0x34 ./Drivers/STM32F4xx_HAL_Driver/Src/stm32f4xx_hal_tim.o
 .ARM.attributes
                0x00000453       0x34 ./Drivers/STM32F4xx_HAL_Driver/Src/stm32f4xx_hal_tim_ex.o
 .ARM.attributes
                0x00000487       0x34 ./Drivers/STM32F4xx_HAL_Driver/Src/stm32f4xx_hal_uart.o
 .ARM.attributes
                0x000004bb       0x34 ./Middlewares/Third_Party/FreeRTOS/Source/CMSIS_RTOS_V2/cmsis_os2.o
 .ARM.attributes
                0x000004ef       0x34 ./Middlewares/Third_Party/FreeRTOS/Source/event_groups.o
 .ARM.attributes
                0x00000523       0x34 ./Middlewares/Third_Party/FreeRTOS/Source/list.o
 .ARM.attributes
                0x00000557       0x34 ./Middlewares/Third_Party/FreeRTOS/Source/queue.o
 .ARM.attributes
                0x0000058b       0x34 ./Middlewares/Third_Party/FreeRTOS/Source/tasks.o
 .ARM.attributes
                0x000005bf       0x34 ./Middlewares/Third_Party/FreeRTOS/Source/timers.o
 .ARM.attributes
                0x000005f3       0x34 ./Middlewares/Third_Party/FreeRTOS/Source/portable/GCC/ARM_CM4F/port.o
 .ARM.attributes
                0x00000627       0x34 ./Middlewares/Third_Party/FreeRTOS/Source/portable/MemMang/heap_4.o
 .ARM.attributes
                0x0000065b       0x34 C:/ST/STM32CubeIDE_1.19.0/STM32CubeIDE/plugins/com.st.stm32cube.ide.mcu.externaltools.gnu-tools-for-stm32.13.3.rel1.win32_1.0.0.202411081344/tools/bin/../lib/gcc/arm-none-eabi/13.3.1/../../../../arm-none-eabi/lib/thumb/v7e-m+fp/hard\libc_nano.a(libc_a-findfp.o)
 .ARM.attributes
                0x0000068f       0x34 C:/ST/STM32CubeIDE_1.19.0/STM32CubeIDE/plugins/com.st.stm32cube.ide.mcu.externaltools.gnu-tools-for-stm32.13.3.rel1.win32_1.0.0.202411081344/tools/bin/../lib/gcc/arm-none-eabi/13.3.1/../../../../arm-none-eabi/lib/thumb/v7e-m+fp/hard\libc_nano.a(libc_a-sprintf.o)
 .ARM.attributes
                0x000006c3       0x34 C:/ST/STM32CubeIDE_1.19.0/STM32CubeIDE/plugins/com.st.stm32cube.ide.mcu.externaltools.gnu-tools-for-stm32.13.3.rel1.win32_1.0.0.202411081344/tools/bin/../lib/gcc/arm-none-eabi/13.3.1/../../../../arm-none-eabi/lib/thumb/v7e-m+fp/hard\libc_nano.a(libc_a-memset.o)
 .ARM.attributes
                0x000006f7       0x34 C:/ST/STM32CubeIDE_1.19.0/STM32CubeIDE/plugins/com.st.stm32cube.ide.mcu.externaltools.gnu-tools-for-stm32.13.3.rel1.win32_1.0.0.202411081344/tools/bin/../lib/gcc/arm-none-eabi/13.3.1/../../../../arm-none-eabi/lib/thumb/v7e-m+fp/hard\libc_nano.a(libc_a-reent.o)
 .ARM.attributes
                0x0000072b       0x34 C:/ST/STM32CubeIDE_1.19.0/STM32CubeIDE/plugins/com.st.stm32cube.ide.mcu.externaltools.gnu-tools-for-stm32.13.3.rel1.win32_1.0.0.202411081344/tools/bin/../lib/gcc/arm-none-eabi/13.3.1/../../../../arm-none-eabi/lib/thumb/v7e-m+fp/hard\libc_nano.a(libc_a-impure.o)
 .ARM.attributes
                0x0000075f       0x34 C:/ST/STM32CubeIDE_1.19.0/STM32CubeIDE/plugins/com.st.stm32cube.ide.mcu.externaltools.gnu-tools-for-stm32.13.3.rel1.win32_1.0.0.202411081344/tools/bin/../lib/gcc/arm-none-eabi/13.3.1/../../../../arm-none-eabi/lib/thumb/v7e-m+fp/hard\libc_nano.a(libc_a-errno.o)
 .ARM.attributes
                0x00000793       0x34 C:/ST/STM32CubeIDE_1.19.0/STM32CubeIDE/plugins/com.st.stm32cube.ide.mcu.externaltools.gnu-tools-for-stm32.13.3.rel1.win32_1.0.0.202411081344/tools/bin/../lib/gcc/arm-none-eabi/13.3.1/../../../../arm-none-eabi/lib/thumb/v7e-m+fp/hard\libc_nano.a(libc_a-init.o)
 .ARM.attributes
                0x000007c7       0x34 C:/ST/STM32CubeIDE_1.19.0/STM32CubeIDE/plugins/com.st.stm32cube.ide.mcu.externaltools.gnu-tools-for-stm32.13.3.rel1.win32_1.0.0.202411081344/tools/bin/../lib/gcc/arm-none-eabi/13.3.1/../../../../arm-none-eabi/lib/thumb/v7e-m+fp/hard\libc_nano.a(libc_a-lock.o)
 .ARM.attributes
                0x000007fb       0x34 C:/ST/STM32CubeIDE_1.19.0/STM32CubeIDE/plugins/com.st.stm32cube.ide.mcu.externaltools.gnu-tools-for-stm32.13.3.rel1.win32_1.0.0.202411081344/tools/bin/../lib/gcc/arm-none-eabi/13.3.1/../../../../arm-none-eabi/lib/thumb/v7e-m+fp/hard\libc_nano.a(libc_a-memcpy-stub.o)
 .ARM.attributes
                0x0000082f       0x34 C:/ST/STM32CubeIDE_1.19.0/STM32CubeIDE/plugins/com.st.stm32cube.ide.mcu.externaltools.gnu-tools-for-stm32.13.3.rel1.win32_1.0.0.202411081344/tools/bin/../lib/gcc/arm-none-eabi/13.3.1/../../../../arm-none-eabi/lib/thumb/v7e-m+fp/hard\libc_nano.a(libc_a-freer.o)
 .ARM.attributes
                0x00000863       0x34 C:/ST/STM32CubeIDE_1.19.0/STM32CubeIDE/plugins/com.st.stm32cube.ide.mcu.externaltools.gnu-tools-for-stm32.13.3.rel1.win32_1.0.0.202411081344/tools/bin/../lib/gcc/arm-none-eabi/13.3.1/../../../../arm-none-eabi/lib/thumb/v7e-m+fp/hard\libc_nano.a(libc_a-mallocr.o)
 .ARM.attributes
                0x00000897       0x34 C:/ST/STM32CubeIDE_1.19.0/STM32CubeIDE/plugins/com.st.stm32cube.ide.mcu.externaltools.gnu-tools-for-stm32.13.3.rel1.win32_1.0.0.202411081344/tools/bin/../lib/gcc/arm-none-eabi/13.3.1/../../../../arm-none-eabi/lib/thumb/v7e-m+fp/hard\libc_nano.a(libc_a-mlock.o)
 .ARM.attributes
                0x000008cb       0x34 C:/ST/STM32CubeIDE_1.19.0/STM32CubeIDE/plugins/com.st.stm32cube.ide.mcu.externaltools.gnu-tools-for-stm32.13.3.rel1.win32_1.0.0.202411081344/tools/bin/../lib/gcc/arm-none-eabi/13.3.1/../../../../arm-none-eabi/lib/thumb/v7e-m+fp/hard\libc_nano.a(libc_a-nano-svfprintf.o)
 .ARM.attributes
                0x000008ff       0x34 C:/ST/STM32CubeIDE_1.19.0/STM32CubeIDE/plugins/com.st.stm32cube.ide.mcu.externaltools.gnu-tools-for-stm32.13.3.rel1.win32_1.0.0.202411081344/tools/bin/../lib/gcc/arm-none-eabi/13.3.1/../../../../arm-none-eabi/lib/thumb/v7e-m+fp/hard\libc_nano.a(libc_a-nano-vfprintf_i.o)
 .ARM.attributes
                0x00000933       0x34 C:/ST/STM32CubeIDE_1.19.0/STM32CubeIDE/plugins/com.st.stm32cube.ide.mcu.externaltools.gnu-tools-for-stm32.13.3.rel1.win32_1.0.0.202411081344/tools/bin/../lib/gcc/arm-none-eabi/13.3.1/../../../../arm-none-eabi/lib/thumb/v7e-m+fp/hard\libc_nano.a(libc_a-memmove.o)
 .ARM.attributes
                0x00000967       0x34 C:/ST/STM32CubeIDE_1.19.0/STM32CubeIDE/plugins/com.st.stm32cube.ide.mcu.externaltools.gnu-tools-for-stm32.13.3.rel1.win32_1.0.0.202411081344/tools/bin/../lib/gcc/arm-none-eabi/13.3.1/../../../../arm-none-eabi/lib/thumb/v7e-m+fp/hard\libc_nano.a(libc_a-sbrkr.o)
 .ARM.attributes
                0x0000099b       0x1c C:/ST/STM32CubeIDE_1.19.0/STM32CubeIDE/plugins/com.st.stm32cube.ide.mcu.externaltools.gnu-tools-for-stm32.13.3.rel1.win32_1.0.0.202411081344/tools/bin/../lib/gcc/arm-none-eabi/13.3.1/../../../../arm-none-eabi/lib/thumb/v7e-m+fp/hard\libc_nano.a(libc_a-memchr.o)
 .ARM.attributes
                0x000009b7       0x34 C:/ST/STM32CubeIDE_1.19.0/STM32CubeIDE/plugins/com.st.stm32cube.ide.mcu.externaltools.gnu-tools-for-stm32.13.3.rel1.win32_1.0.0.202411081344/tools/bin/../lib/gcc/arm-none-eabi/13.3.1/../../../../arm-none-eabi/lib/thumb/v7e-m+fp/hard\libc_nano.a(libc_a-reallocr.o)
 .ARM.attributes
                0x000009eb       0x34 C:/ST/STM32CubeIDE_1.19.0/STM32CubeIDE/plugins/com.st.stm32cube.ide.mcu.externaltools.gnu-tools-for-stm32.13.3.rel1.win32_1.0.0.202411081344/tools/bin/../lib/gcc/arm-none-eabi/13.3.1/../../../../arm-none-eabi/lib/thumb/v7e-m+fp/hard\libc_nano.a(libc_a-msizer.o)
 .ARM.attributes
                0x00000a1f       0x22 C:/ST/STM32CubeIDE_1.19.0/STM32CubeIDE/plugins/com.st.stm32cube.ide.mcu.externaltools.gnu-tools-for-stm32.13.3.rel1.win32_1.0.0.202411081344/tools/bin/../lib/gcc/arm-none-eabi/13.3.1/thumb/v7e-m+fp/hard\libgcc.a(_arm_muldf3.o)
 .ARM.attributes
                0x00000a41       0x22 C:/ST/STM32CubeIDE_1.19.0/STM32CubeIDE/plugins/com.st.stm32cube.ide.mcu.externaltools.gnu-tools-for-stm32.13.3.rel1.win32_1.0.0.202411081344/tools/bin/../lib/gcc/arm-none-eabi/13.3.1/thumb/v7e-m+fp/hard\libgcc.a(_arm_addsubdf3.o)
 .ARM.attributes
                0x00000a63       0x22 C:/ST/STM32CubeIDE_1.19.0/STM32CubeIDE/plugins/com.st.stm32cube.ide.mcu.externaltools.gnu-tools-for-stm32.13.3.rel1.win32_1.0.0.202411081344/tools/bin/../lib/gcc/arm-none-eabi/13.3.1/thumb/v7e-m+fp/hard\libgcc.a(_arm_fixdfsi.o)
 .ARM.attributes
                0x00000a85       0x22 C:/ST/STM32CubeIDE_1.19.0/STM32CubeIDE/plugins/com.st.stm32cube.ide.mcu.externaltools.gnu-tools-for-stm32.13.3.rel1.win32_1.0.0.202411081344/tools/bin/../lib/gcc/arm-none-eabi/13.3.1/thumb/v7e-m+fp/hard\libgcc.a(_aeabi_uldivmod.o)
 .ARM.attributes
                0x00000aa7       0x34 C:/ST/STM32CubeIDE_1.19.0/STM32CubeIDE/plugins/com.st.stm32cube.ide.mcu.externaltools.gnu-tools-for-stm32.13.3.rel1.win32_1.0.0.202411081344/tools/bin/../lib/gcc/arm-none-eabi/13.3.1/thumb/v7e-m+fp/hard\libgcc.a(_udivmoddi4.o)
 .ARM.attributes
                0x00000adb       0x22 C:/ST/STM32CubeIDE_1.19.0/STM32CubeIDE/plugins/com.st.stm32cube.ide.mcu.externaltools.gnu-tools-for-stm32.13.3.rel1.win32_1.0.0.202411081344/tools/bin/../lib/gcc/arm-none-eabi/13.3.1/thumb/v7e-m+fp/hard\libgcc.a(_dvmd_tls.o)
 .ARM.attributes
                0x00000afd       0x22 C:/ST/STM32CubeIDE_1.19.0/STM32CubeIDE/plugins/com.st.stm32cube.ide.mcu.externaltools.gnu-tools-for-stm32.13.3.rel1.win32_1.0.0.202411081344/tools/bin/../lib/gcc/arm-none-eabi/13.3.1/thumb/v7e-m+fp/hard/crtn.o
OUTPUT(8_RTOS_SWMS_V3.0.elf elf32-littlearm)
LOAD linker stubs
LOAD C:/ST/STM32CubeIDE_1.19.0/STM32CubeIDE/plugins/com.st.stm32cube.ide.mcu.externaltools.gnu-tools-for-stm32.13.3.rel1.win32_1.0.0.202411081344/tools/bin/../lib/gcc/arm-none-eabi/13.3.1/../../../../arm-none-eabi/lib/thumb/v7e-m+fp/hard\libc.a
LOAD C:/ST/STM32CubeIDE_1.19.0/STM32CubeIDE/plugins/com.st.stm32cube.ide.mcu.externaltools.gnu-tools-for-stm32.13.3.rel1.win32_1.0.0.202411081344/tools/bin/../lib/gcc/arm-none-eabi/13.3.1/../../../../arm-none-eabi/lib/thumb/v7e-m+fp/hard\libm.a